ARM Linker, 4.1 [Build 481] [Standard]

==============================================================================

Section Cross References

    main.o(.text) refers to _printf_percent.o(.ARM.Collect$$_printf_percent$$00000000) for _printf_percent
    main.o(.text) refers to _printf_d.o(.ARM.Collect$$_printf_percent$$00000009) for _printf_d
    main.o(.text) refers to _printf_dec.o(.text) for _printf_int_dec
    main.o(.text) refers to _printf_pad.o(.text) for _printf_pre_padding
    main.o(.text) refers to _printf_p.o(.ARM.Collect$$_printf_percent$$00000002) for _printf_p
    main.o(.text) refers to _printf_s.o(.ARM.Collect$$_printf_percent$$00000014) for _printf_s
    main.o(.text) refers to _printf_n.o(.ARM.Collect$$_printf_percent$$00000001) for _printf_n
    main.o(.text) refers to _printf_charcount.o(.text) for _printf_charcount
    main.o(.text) refers to _printf_hex_int_ll_ptr.o(.text) for _printf_longlong_hex
    main.o(.text) refers to _printf_str.o(.text) for _printf_str
    main.o(.text) refers to sim800c.o(.text) for sim800c_send_cmd
    main.o(.text) refers to delay.o(.text) for delay_ms
    main.o(.text) refers to __2printf.o(.text) for __2printf
    main.o(.text) refers to sys.o(.text) for NVIC_Configuration
    main.o(.text) refers to usart.o(.text) for uart_init
    main.o(.text) refers to led.o(.text) for LED_Init
    main.o(.text) refers to stm32f10x_gpio.o(.text) for GPIO_WriteBit
    main.o(.text) refers to usart2.o(.text) for USART2_Init
    main.o(.text) refers to usart3.o(.text) for uart3_init
    main.o(.text) refers to lcd5110.o(.text) for LCD5110_Init
    main.o(.text) refers to strlen.o(.text) for strlen
    main.o(.text) refers to strncpy.o(.text) for strncpy
    main.o(.text) refers to usart2.o(.data) for USART2_RX_STA
    main.o(.text) refers to usart3.o(.data) for USART3_RX_STA
    main.o(.text) refers to usart3.o(.bss) for USART3_RX_BUF
    main.o(.text) refers to main.o(.bss) for HTTPPostData
    main.o(.text) refers to usart2.o(.bss) for USART2_RX_BUF
    system_stm32f10x.o(.text) refers to system_stm32f10x.o(.data) for SystemCoreClock
    key.o(.text) refers to stm32f10x_rcc.o(.text) for RCC_APB2PeriphClockCmd
    key.o(.text) refers to stm32f10x_gpio.o(.text) for GPIO_PinRemapConfig
    key.o(.text) refers to delay.o(.text) for delay_ms
    key.o(.text) refers to key.o(.data) for key_up
    led.o(.text) refers to stm32f10x_rcc.o(.text) for RCC_APB2PeriphClockCmd
    led.o(.text) refers to stm32f10x_gpio.o(.text) for GPIO_Init
    usart2.o(.text) refers to stm32f10x_tim.o(.text) for TIM_SetCounter
    usart2.o(.text) refers to stm32f10x_usart.o(.text) for USART_GetITStatus
    usart2.o(.text) refers to stm32f10x_rcc.o(.text) for RCC_APB1PeriphClockCmd
    usart2.o(.text) refers to misc.o(.text) for NVIC_Init
    usart2.o(.text) refers to stm32f10x_dma.o(.text) for DMA_DeInit
    usart2.o(.text) refers to stm32f10x_gpio.o(.text) for GPIO_Init
    usart2.o(.text) refers to c89vsprintf.o(.text) for __c89vsprintf
    usart2.o(.text) refers to strlen.o(.text) for strlen
    usart2.o(.text) refers to usart2.o(.data) for USART2_RX_STA
    usart2.o(.text) refers to usart2.o(.bss) for USART2_RX_BUF
    usart2.o(.text) refers to sim800c.o(.data) for Scan_Wtime
    usart3.o(.text) refers to stm32f10x_rcc.o(.text) for RCC_APB1PeriphClockCmd
    usart3.o(.text) refers to stm32f10x_usart.o(.text) for USART_DeInit
    usart3.o(.text) refers to stm32f10x_gpio.o(.text) for GPIO_Init
    usart3.o(.text) refers to misc.o(.text) for NVIC_Init
    usart3.o(.text) refers to usart3.o(.data) for USART3_RX_STA
    usart3.o(.text) refers to usart3.o(.bss) for USART3_RX_BUF
    lcd5110.o(.text) refers to stm32f10x_gpio.o(.text) for GPIO_ResetBits
    lcd5110.o(.text) refers to stm32f10x_rcc.o(.text) for RCC_APB2PeriphClockCmd
    lcd5110.o(.text) refers to delay.o(.text) for delay_ms
    lcd5110.o(.text) refers to stm32f10x_dma.o(.text) for DMA_GetCurrDataCounter
    lcd5110.o(.text) refers to lcd5110.o(.constdata) for Font6x8
    lcd5110.o(.text) refers to lcd5110.o(.bss) for lcd_buf
    delay.o(.text) refers to misc.o(.text) for SysTick_CLKSourceConfig
    delay.o(.text) refers to system_stm32f10x.o(.data) for SystemCoreClock
    delay.o(.text) refers to delay.o(.data) for fac_us
    sys.o(.text) refers to misc.o(.text) for NVIC_PriorityGroupConfig
    usart.o(.text) refers (Special) to use_no_semi_2.o(.text) for __use_no_semihosting
    usart.o(.text) refers to stm32f10x_rcc.o(.text) for RCC_APB2PeriphClockCmd
    usart.o(.text) refers to stm32f10x_usart.o(.text) for USART_DeInit
    usart.o(.text) refers to stm32f10x_gpio.o(.text) for GPIO_Init
    usart.o(.text) refers to misc.o(.text) for NVIC_Init
    usart.o(.text) refers to usart.o(.data) for USART_RX_STA
    usart.o(.text) refers to usart.o(.bss) for USART_RX_BUF
    usart.o(.bss) refers (Special) to use_no_semi_2.o(.text) for __use_no_semihosting
[...]
    .ARM.Collect$$libinit$$00000021          0x08000212   Section        0  libinit2.o(.ARM.Collect$$libinit$$00000021)
    .ARM.Collect$$libinit$$00000028          0x08000212   Section        0  libinit2.o(.ARM.Collect$$libinit$$00000028)
    .ARM.Collect$$libinit$$0000002A          0x08000212   Section        0  libinit2.o(.ARM.Collect$$libinit$$0000002A)
    .ARM.Collect$$libinit$$0000002C          0x08000212   Section        0  libinit2.o(.ARM.Collect$$libinit$$0000002C)
    .ARM.Collect$$libinit$$0000002E          0x08000212   Section        0  libinit2.o(.ARM.Collect$$libinit$$0000002E)
    .ARM.Collect$$libinit$$0000002F          0x08000212   Section        2  libinit2.o(.ARM.Collect$$libinit$$0000002F)
    .ARM.Collect$$libshutdown$$00000000      0x08000214   Section        2  libshutdown.o(.ARM.Collect$$libshutdown$$00000000)
    .ARM.Collect$$libshutdown$$00000003      0x08000216   Section        0  libshutdown2.o(.ARM.Collect$$libshutdown$$00000003)
    .ARM.Collect$$libshutdown$$00000006      0x08000216   Section        0  libshutdown2.o(.ARM.Collect$$libshutdown$$00000006)
    .ARM.Collect$$libshutdown$$00000009      0x08000216   Section        0  libshutdown2.o(.ARM.Collect$$libshutdown$$00000009)
    .ARM.Collect$$libshutdown$$0000000B      0x08000216   Section        0  libshutdown2.o(.ARM.Collect$$libshutdown$$0000000B)
    .ARM.Collect$$libshutdown$$0000000E      0x08000216   Section        0  libshutdown2.o(.ARM.Collect$$libshutdown$$0000000E)
    .ARM.Collect$$libshutdown$$0000000F      0x08000216   Section        2  libshutdown2.o(.ARM.Collect$$libshutdown$$0000000F)
    .ARM.Collect$$rtentry$$00000000          0x08000218   Section        0  rtentry.o(.ARM.Collect$$rtentry$$00000000)
    .ARM.Collect$$rtentry$$00000002          0x08000218   Section        0  rtentry2.o(.ARM.Collect$$rtentry$$00000002)
    .ARM.Collect$$rtentry$$00000004          0x08000218   Section        6  rtentry4.o(.ARM.Collect$$rtentry$$00000004)
    .ARM.Collect$$rtentry$$00000009          0x0800021e   Section        0  rtentry2.o(.ARM.Collect$$rtentry$$00000009)
    .ARM.Collect$$rtentry$$0000000A          0x0800021e   Section        4  rtentry2.o(.ARM.Collect$$rtentry$$0000000A)
    .ARM.Collect$$rtentry$$0000000C          0x08000222   Section        0  rtentry2.o(.ARM.Collect$$rtentry$$0000000C)
    .ARM.Collect$$rtentry$$0000000D          0x08000222   Section        8  rtentry2.o(.ARM.Collect$$rtentry$$0000000D)
    .ARM.Collect$$rtexit$$00000000           0x0800022a   Section        2  rtexit.o(.ARM.Collect$$rtexit$$00000000)
    .ARM.Collect$$rtexit$$00000002           0x0800022c   Section        0  rtexit2.o(.ARM.Collect$$rtexit$$00000002)
    .ARM.Collect$$rtexit$$00000003           0x0800022c   Section        4  rtexit2.o(.ARM.Collect$$rtexit$$00000003)
    .ARM.Collect$$rtexit$$00000004           0x08000230   Section        6  rtexit2.o(.ARM.Collect$$rtexit$$00000004)
    .text                                    0x08000238   Section        0  main.o(.text)
    .text                                    0x08000a30   Section        0  stm32f10x_it.o(.text)
    .text                                    0x08000a4c   Section        0  system_stm32f10x.o(.text)
    SetSysClockTo72                          0x08000a4d   Thumb Code   192  system_stm32f10x.o(.text)
    SetSysClock                              0x08000b0d   Thumb Code     8  system_stm32f10x.o(.text)
    .text                                    0x08000c1c   Section        0  key.o(.text)
    .text                                    0x08000d18   Section        0  led.o(.text)
    .text                                    0x08000db4   Section        0  usart2.o(.text)
    .text                                    0x080010a4   Section        0  usart3.o(.text)
    Usart_SendByte                           0x080011c3   Thumb Code    30  usart3.o(.text)
    .text                                    0x08001244   Section        0  lcd5110.o(.text)
    .text                                    0x08001540   Section        0  delay.o(.text)
    .text                                    0x08001604   Section        0  sys.o(.text)
    .text                                    0x08001610   Section        0  usart.o(.text)
    .text                                    0x08001758   Section       64  startup_stm32f10x_md.o(.text)
    .text                                    0x08001798   Section        0  misc.o(.text)
    .text                                    0x08001890   Section        0  stm32f10x_gpio.o(.text)
    .text                                    0x08001be8   Section        0  stm32f10x_rcc.o(.text)
    .text                                    0x08001f94   Section        0  stm32f10x_usart.o(.text)
    .text                                    0x080023a0   Section        0  stm32f10x_tim.o(.text)
    TI4_Config                               0x08002829   Thumb Code   118  stm32f10x_tim.o(.text)
    TI3_Config                               0x080028b1   Thumb Code   114  stm32f10x_tim.o(.text)
    TI2_Config                               0x08002939   Thumb Code   118  stm32f10x_tim.o(.text)
    TI1_Config                               0x080029c1   Thumb Code   106  stm32f10x_tim.o(.text)
    .text                                    0x08003150   Section        0  stm32f10x_dma.o(.text)
    .text                                    0x08003398   Section        0  sim800c.o(.text)
    .text                                    0x08003594   Section        2  use_no_semi_2.o(.text)
    .text                                    0x08003598   Section        0  c89vsprintf.o(.text)
    .text                                    0x080035bc   Section        0  __2printf.o(.text)
    .text                                    0x080035d4   Section        0  _printf_pad.o(.text)
    .text                                    0x08003624   Section        0  _printf_str.o(.text)
    .text                                    0x08003678   Section        0  _printf_dec.o(.text)
    .text                                    0x080036ec   Section        0  _printf_charcount.o(.text)
    .text                                    0x08003718   Section        0  _printf_hex_int_ll_ptr.o(.text)
    _printf_hex_common                       0x08003719   Thumb Code     0  _printf_hex_int_ll_ptr.o(.text)
    .text                                    0x080037b4   Section        0  __printf_flags_ss_wp.o(.text)
    .text                                    0x08003950   Section        0  strstr.o(.text)
    .text                                    0x08003974   Section        0  strlen.o(.text)
    .text                                    0x080039b2   Section       86  strncpy.o(.text)
    .text                                    0x08003a08   Section        0  heapauxi.o(.text)
    .text                                    0x08003a0e   Section        2  use_no_semi.o(.text)
    .text                                    0x08003a10   Section        0  _printf_truncate.o(.text)
    .text                                    0x08003a34   Section        0  _printf_intcommon.o(.text)
    .text                                    0x08003ae8   Section        0  _printf_char_common.o(.text)
    _printf_input_char                       0x08003ae9   Thumb Code    10  _printf_char_common.o(.text)
    .text                                    0x08003b18   Section        0  _sputc.o(.text)
    .text                                    0x08003b22   Section        0  _printf_char.o(.text)
    .text                                    0x08003b50   Section        0  _printf_char_file.o(.text)
    .text                                    0x08003b74   Section        0  _printf_wctomb.o(.text)
    .text                                    0x08003c30   Section        0  _printf_longlong_dec.o(.text)
    .text                                    0x08003ca8   Section        0  _printf_oct_int_ll.o(.text)
    _printf_longlong_oct_internal            0x08003ca9   Thumb Code     0  _printf_oct_int_ll.o(.text)
    .text                                    0x08003d20   Section       68  rt_memclr.o(.text)
    .text                                    0x08003d64   Section       16  rtudiv10.o(.text)
    .text                                    0x08003d74   Section      138  lludiv10.o(.text)
    .text                                    0x08003dfe   Section        0  _printf_fp_dec.o(.text)
    _fp_digits                               0x08003e01   Thumb Code   420  _printf_fp_dec.o(.text)
    .text                                    0x0800420c   Section        0  _printf_wchar.o(.text)
    .text                                    0x08004238   Section        0  ferror.o(.text)
    .text                                    0x08004240   Section        0  _wcrtomb.o(.text)
    .text                                    0x08004280   Section       78  rt_memclr_w.o(.text)
    .text                                    0x080042ce   Section       74  sys_stackheap_outer.o(.text)
    .text                                    0x08004318   Section       16  rt_ctype_table.o(.text)
    .text                                    0x08004328   Section       12  rt_locale_intlibspace.o(.text)
    .text                                    0x08004334   Section        0  _printf_fp_infnan.o(.text)
    .text                                    0x080043b0   Section        0  bigflt0.o(.text)
    .text                                    0x0800449c   Section        0  exit.o(.text)
    .text                                    0x080044a8   Section        8  libspace.o(.text)
    .text                                    0x080044b0   Section      128  strcmpv7m.o(.text)
    .text                                    0x08004530   Section       12  rt_fp_status_addr_intlibspace.o(.text)
    CL$$btod_d2e                             0x0800453c   Section       62  btod.o(CL$$btod_d2e)
    CL$$btod_d2e_denorm_low                  0x0800457a   Section       70  btod.o(CL$$btod_d2e_denorm_low)
    CL$$btod_d2e_norm_op1                    0x080045c0   Section       96  btod.o(CL$$btod_d2e_norm_op1)
    CL$$btod_div_common                      0x08004620   Section      824  btod.o(CL$$btod_div_common)
    CL$$btod_e2e                             0x08004958   Section      198  btod.o(CL$$btod_e2e)
    CL$$btod_ediv                            0x08004a1e   Section       40  btod.o(CL$$btod_ediv)
    CL$$btod_emul                            0x08004a46   Section       40  btod.o(CL$$btod_emul)
    CL$$btod_mult_common                     0x08004a6e   Section      580  btod.o(CL$$btod_mult_common)
    i.__ARM_fpclassify                       0x08004cb2   Section        0  fpclassify.o(i.__ARM_fpclassify)
    locale$$code                             0x08004cdc   Section       44  lc_numeric_c.o(locale$$code)
    locale$$code                             0x08004d08   Section       44  lc_ctype_c.o(locale$$code)
    x$fpl$fpinit                             0x08004d34   Section       14  fpinit.o(x$fpl$fpinit)
    x$fpl$printf1                            0x08004d42   Section        4  printf1.o(x$fpl$printf1)
    .constdata                               0x08004d46   Section     1056  lcd5110.o(.constdata)
    x$fpl$usenofp                            0x08004d46   Section        0  usenofp.o(x$fpl$usenofp)
    .constdata                               0x08005166   Section       40  _printf_hex_int_ll_ptr.o(.constdata)
    uc_hextab                                0x08005166   Data          20  _printf_hex_int_ll_ptr.o(.constdata)
    lc_hextab                                0x0800517a   Data          20  _printf_hex_int_ll_ptr.o(.constdata)
    .constdata                               0x0800518e   Section       17  __printf_flags_ss_wp.o(.constdata)
    maptable                                 0x0800518e   Data          17  __printf_flags_ss_wp.o(.constdata)
    .constdata                               0x080051a0   Section        8  _printf_wctomb.o(.constdata)
    initial_mbstate                          0x080051a0   Data           8  _printf_wctomb.o(.constdata)
    .constdata                               0x080051a8   Section      148  bigflt0.o(.constdata)
    tenpwrs_x                                0x080051a8   Data          60  bigflt0.o(.constdata)
    tenpwrs_i                                0x080051e4   Data          64  bigflt0.o(.constdata)
    locale$$data                             0x0800525c   Section       28  lc_numeric_c.o(locale$$data)
    __lcnum_c_name                           0x08005260   Data           2  lc_numeric_c.o(locale$$data)
    __lcnum_c_start                          0x08005268   Data           0  lc_numeric_c.o(locale$$data)
    __lcnum_c_point                          0x08005274   Data           0  lc_numeric_c.o(locale$$data)
    __lcnum_c_thousands                      0x08005276   Data           0  lc_numeric_c.o(locale$$data)
    __lcnum_c_grouping                       0x08005277   Data           0  lc_numeric_c.o(locale$$data)
    locale$$data                             0x08005278   Section      272  lc_ctype_c.o(locale$$data)
    __lcnum_c_end                            0x08005278   Data           0  lc_numeric_c.o(locale$$data)
    __lcctype_c_name                         0x0800527c   Data           2  lc_ctype_c.o(locale$$data)
    __lcctype_c_start                        0x08005284   Data           0  lc_ctype_c.o(locale$$data)
    __lcctype_c_end                          0x08005388   Data           0  lc_ctype_c.o(locale$$data)
    .data                                    0x20000000   Section       20  system_stm32f10x.o(.data)
    .data                                    0x20000014   Section        1  key.o(.data)
    key_up                                   0x20000014   Data           1  key.o(.data)
    .data                                    0x20000016   Section        3  usart2.o(.data)
    i                                        0x20000018   Data           1  usart2.o(.data)
    .data                                    0x2000001a   Section        2  usart3.o(.data)
    .data                                    0x2000001c   Section        4  delay.o(.data)
    fac_us                                   0x2000001c   Data           1  delay.o(.data)
    fac_ms                                   0x2000001e   Data           2  delay.o(.data)
    .data                                    0x20000020   Section        8  usart.o(.data)
    .data                                    0x20000028   Section       20  stm32f10x_rcc.o(.data)
    APBAHBPrescTable                         0x20000028   Data          16  stm32f10x_rcc.o(.data)
    ADCPrescTable                            0x20000038   Data           4  stm32f10x_rcc.o(.data)
    .data                                    0x2000003c   Section        2  sim800c.o(.data)
    .bss                                     0x20000040   Section      355  main.o(.bss)
    .bss                                     0x200001a8   Section     2048  usart2.o(.bss)
    .bss                                     0x200009a8   Section      200  usart3.o(.bss)
    .bss                                     0x20000a70   Section      548  lcd5110.o(.bss)
    lcd_buf                                  0x20000a70   Data         504  lcd5110.o(.bss)
    .bss                                     0x20000c94   Section      200  usart.o(.bss)
    .bss                                     0x20000d5c   Section       96  libspace.o(.bss)
    HEAP                                     0x20000dc0   Section      512  startup_stm32f10x_md.o(HEAP)
    Heap_Mem                                 0x20000dc0   Data         512  startup_stm32f10x_md.o(HEAP)
    STACK                                    0x20000fc0   Section     1024  startup_stm32f10x_md.o(STACK)
    Stack_Mem                                0x20000fc0   Data        1024  startup_stm32f10x_md.o(STACK)
    __initial_sp                             0x200013c0   Data           0  startup_stm32f10x_md.o(STACK)

    Global Symbols

    Symbol Name                              Value     Ov Type        Size  Object(Section)

    BuildAttributes$$THM_ISAv4$P$D$K$B$S$PE$A:L22UL41UL21$X:L11$S22US41US21$IEEE1$IW$USESV6$~STKCKD$USESV7$~SHL$OTIME$ROPI$IEEEJ$EBA8$UX$STANDARDLIB$REQ8$PRES8$EABIv2 0x00000000   Number         0  anon$$obj.o ABSOLUTE
    __ARM_use_no_argv                        0x00000000   Number         0  main.o ABSOLUTE
    _printf_flags                            0x00000000   Number         0  printf_stubs.o ABSOLUTE
    _printf_return_value                     0x00000000   Number         0  printf_stubs.o ABSOLUTE
    _printf_sizespec                         0x00000000   Number         0  printf_stubs.o ABSOLUTE
    _printf_widthprec                        0x00000000   Number         0  printf_stubs.o ABSOLUTE
    __ARM_exceptions_init                     - Undefined Weak Reference
    __alloca_initialize                       - Undefined Weak Reference
    __cpp_initialize__aeabi_                  - Undefined Weak Reference
    __cxa_finalize                            - Undefined Weak Reference
    __sigvec_lookup                           - Undefined Weak Reference
    _atexit_init                              - Undefined Weak Reference
    _call_atexit_fns                          - Undefined Weak Reference
    _clock_init                               - Undefined Weak Reference
    _fp_trap_init                             - Undefined Weak Reference
    _fp_trap_shutdown                         - Undefined Weak Reference
    _get_lc_collate                           - Undefined Weak Reference
    _get_lc_monetary                          - Undefined Weak Reference
    _get_lc_time                              - Undefined Weak Reference
    _getenv_init                              - Undefined Weak Reference
    _handle_redirection                       - Undefined Weak Reference
    _init_alloc                               - Undefined Weak Reference
    _init_user_alloc                          - Undefined Weak Reference
    _initio                                   - Undefined Weak Reference
    _mutex_acquire                            - Undefined Weak Reference
    _mutex_release                            - Undefined Weak Reference
    _printf_fp_hex                            - Undefined Weak Reference
    _printf_mbtowc                            - Undefined Weak Reference
    _printf_wc                                - Undefined Weak Reference
    _rand_init                                - Undefined Weak Reference
    _signal_finish                            - Undefined Weak Reference
    _signal_init                              - Undefined Weak Reference
    _terminate_alloc                          - Undefined Weak Reference
    _terminate_user_alloc                     - Undefined Weak Reference
    _terminateio                              - Undefined Weak Reference
    __Vectors_Size                           0x000000ec   Number         0  startup_stm32f10x_md.o ABSOLUTE
    __Vectors                                0x08000000   Data           4  startup_stm32f10x_md.o(RESET)
    __Vectors_End                            0x080000ec   Data           0  startup_stm32f10x_md.o(RESET)
    __main                                   0x080000ed   Thumb Code     8  __main.o(!!!main)
    __scatterload                            0x080000f5   Thumb Code     0  __scatter.o(!!!scatter)
    __scatterload_rt2                        0x080000f5   Thumb Code    44  __scatter.o(!!!scatter)
    __scatterload_rt2_thumb_only             0x080000f5   Thumb Code     0  __scatter.o(!!!scatter)
    __scatterload_null                       0x08000103   Thumb Code     0  __scatter.o(!!!scatter)
    __scatterload_copy                       0x08000129   Thumb Code    26  __scatter_copy.o(!!handler_copy)
    __scatterload_zeroinit                   0x08000145   Thumb Code    28  __scatter_zi.o(!!handler_zi)
    _printf_n                                0x08000161   Thumb Code     0  _printf_n.o(.ARM.Collect$$_printf_percent$$00000001)
    _printf_percent                          0x08000161   Thumb Code     0  _printf_percent.o(.ARM.Collect$$_printf_percent$$00000000)
    _printf_p                                0x08000167   Thumb Code     0  _printf_p.o(.ARM.Collect$$_printf_percent$$00000002)
    _printf_f                                0x0800016d   Thumb Code     0  _printf_f.o(.ARM.Collect$$_printf_percent$$00000003)
    _printf_e                                0x08000173   Thumb Code     0  _printf_e.o(.ARM.Collect$$_printf_percent$$00000004)
    _printf_g                                0x08000179   Thumb Code     0  _printf_g.o(.ARM.Collect$$_printf_percent$$00000005)
    _printf_a                                0x0800017f   Thumb Code     0  _printf_a.o(.ARM.Collect$$_printf_percent$$00000006)
    _printf_ll                               0x08000185   Thumb Code     0  _printf_ll.o(.ARM.Collect$$_printf_percent$$00000007)
    _printf_i                                0x0800018f   Thumb Code     0  _printf_i.o(.ARM.Collect$$_printf_percent$$00000008)
    _printf_d                                0x08000195   Thumb Code     0  _printf_d.o(.ARM.Collect$$_printf_percent$$00000009)
    _printf_u                                0x0800019b   Thumb Code     0  _printf_u.o(.ARM.Collect$$_printf_percent$$0000000A)
    _printf_o                                0x080001a1   Thumb Code     0  _printf_o.o(.ARM.Collect$$_printf_percent$$0000000B)
    _printf_x                                0x080001a7   Thumb Code     0  _printf_x.o(.ARM.Collect$$_printf_percent$$0000000C)
    _printf_lli                              0x080001ad   Thumb Code     0  _printf_lli.o(.ARM.Collect$$_printf_percent$$0000000D)
    _printf_lld                              0x080001b3   Thumb Code     0  _printf_lld.o(.ARM.Collect$$_printf_percent$$0000000E)
    _printf_llu                              0x080001b9   Thumb Code     0  _printf_llu.o(.ARM.Collect$$_printf_percent$$0000000F)
    _printf_llo                              0x080001bf   Thumb Code     0  _printf_llo.o(.ARM.Collect$$_printf_percent$$00000010)
    _printf_llx                              0x080001c5   Thumb Code     0  _printf_llx.o(.ARM.Collect$$_printf_percent$$00000011)
    _printf_l                                0x080001cb   Thumb Code     0  _printf_l.o(.ARM.Collect$$_printf_percent$$00000012)
    _printf_c                                0x080001d5   Thumb Code     0  _printf_c.o(.ARM.Collect$$_printf_percent$$00000013)
    _printf_s                                0x080001db   Thumb Code     0  _printf_s.o(.ARM.Collect$$_printf_percent$$00000014)
    _printf_lc                               0x080001e1   Thumb Code     0  _printf_lc.o(.ARM.Collect$$_printf_percent$$00000015)
    _printf_ls                               0x080001e7   Thumb Code     0  _printf_ls.o(.ARM.Collect$$_printf_percent$$00000016)
    _printf_percent_end                      0x080001ed   Thumb Code     0  _printf_percent_end.o(.ARM.Collect$$_printf_percent$$00000017)
    __rt_lib_init                            0x080001f1   Thumb Code     0  libinit.o(.ARM.Collect$$libinit$$00000000)
    __rt_lib_init_heap_1                     0x080001f7   Thumb Code     0  libinit2.o(.ARM.Collect$$libinit$$00000006)
    __rt_lib_init_lc_common                  0x080001f7   Thumb Code     0  libinit2.o(.ARM.Collect$$libinit$$0000000B)
    __rt_lib_init_rand_1                     0x080001f7   Thumb Code     0  libinit2.o(.ARM.Collect$$libinit$$0000000A)
    __rt_lib_init_user_alloc_1               0x080001f7   Thumb Code     0  libinit2.o(.ARM.Collect$$libinit$$00000008)
    __rt_lib_init_lc_collate_1               0x080001fd   Thumb Code     0  libinit2.o(.ARM.Collect$$libinit$$0000000D)
    __rt_lib_init_lc_ctype_2                 0x080001fd   Thumb Code     0  libinit2.o(.ARM.Collect$$libinit$$0000000E)
    __rt_lib_init_lc_ctype_1                 0x08000209   Thumb Code     0  libinit2.o(.ARM.Collect$$libinit$$0000000F)
    __rt_lib_init_lc_monetary_1              0x08000209   Thumb Code     0  libinit2.o(.ARM.Collect$$libinit$$00000011)
    __rt_lib_init_lc_numeric_2               0x08000209   Thumb Code     0  libinit2.o(.ARM.Collect$$libinit$$00000012)
    __rt_lib_init_alloca_1                   0x08000213   Thumb Code     0  libinit2.o(.ARM.Collect$$libinit$$0000002A)
    __rt_lib_init_argv_1                     0x08000213   Thumb Code     0  libinit2.o(.ARM.Collect$$libinit$$00000028)
    __rt_lib_init_atexit_1                   0x08000213   Thumb Code     0  libinit2.o(.ARM.Collect$$libinit$$00000017)
    __rt_lib_init_clock_1                    0x08000213   Thumb Code     0  libinit2.o(.ARM.Collect$$libinit$$0000001D)
    __rt_lib_init_cpp_1                      0x08000213   Thumb Code     0  libinit2.o(.ARM.Collect$$libinit$$0000002E)
    __rt_lib_init_exceptions_1               0x08000213   Thumb Code     0  libinit2.o(.ARM.Collect$$libinit$$0000002C)
    __rt_lib_init_fp_trap_1                  0x08000213   Thumb Code     0  libinit2.o(.ARM.Collect$$libinit$$0000001B)
    __rt_lib_init_getenv_1                   0x08000213   Thumb Code     0  libinit2.o(.ARM.Collect$$libinit$$0000001F)
    __rt_lib_init_lc_numeric_1               0x08000213   Thumb Code     0  libinit2.o(.ARM.Collect$$libinit$$00000013)
    __rt_lib_init_lc_time_1                  0x08000213   Thumb Code     0  libinit2.o(.ARM.Collect$$libinit$$00000015)
    __rt_lib_init_return                     0x08000213   Thumb Code     0  libinit2.o(.ARM.Collect$$libinit$$0000002F)
    __rt_lib_init_signal_1                   0x08000213   Thumb Code     0  libinit2.o(.ARM.Collect$$libinit$$00000019)
    __rt_lib_init_stdio_1                    0x08000213   Thumb Code     0  libinit2.o(.ARM.Collect$$libinit$$00000021)
    __rt_lib_shutdown                        0x08000215   Thumb Code     0  libshutdown.o(.ARM.Collect$$libshutdown$$00000000)
    __rt_lib_shutdown_fp_trap_1              0x08000217   Thumb Code     0  libshutdown2.o(.ARM.Collect$$libshutdown$$00000006)
    __rt_lib_shutdown_heap_1                 0x08000217   Thumb Code     0  libshutdown2.o(.ARM.Collect$$libshutdown$$0000000E)
    __rt_lib_shutdown_return                 0x08000217   Thumb Code     0  libshutdown2.o(.ARM.Collect$$libshutdown$$0000000F)
    __rt_lib_shutdown_signal_1               0x08000217   Thumb Code     0  libshutdown2.o(.ARM.Collect$$libshutdown$$00000009)
    __rt_lib_shutdown_stdio_1                0x08000217   Thumb Code     0  libshutdown2.o(.ARM.Collect$$libshutdown$$00000003)
    __rt_lib_shutdown_user_alloc_1           0x08000217   Thumb Code     0  libshutdown2.o(.ARM.Collect$$libshutdown$$0000000B)
    __rt_entry                               0x08000219   Thumb Code     0  rtentry.o(.ARM.Collect$$rtentry$$00000000)
    __rt_entry_presh_1                       0x08000219   Thumb Code     0  rtentry2.o(.ARM.Collect$$rtentry$$00000002)
    __rt_entry_sh                            0x08000219   Thumb Code     0  rtentry4.o(.ARM.Collect$$rtentry$$00000004)
    __rt_entry_li                            0x0800021f   Thumb Code     0  rtentry2.o(.ARM.Collect$$rtentry$$0000000A)
    __rt_entry_postsh_1                      0x0800021f   Thumb Code     0  rtentry2.o(.ARM.Collect$$rtentry$$00000009)
    __rt_entry_main                          0x08000223   Thumb Code     0  rtentry2.o(.ARM.Collect$$rtentry$$0000000D)
    __rt_entry_postli_1                      0x08000223   Thumb Code     0  rtentry2.o(.ARM.Collect$$rtentry$$0000000C)
    __rt_exit                                0x0800022b   Thumb Code     0  rtexit.o(.ARM.Collect$$rtexit$$00000000)
    __rt_exit_ls                             0x0800022d   Thumb Code     0  rtexit2.o(.ARM.Collect$$rtexit$$00000003)
    __rt_exit_prels_1                        0x0800022d   Thumb Code     0  rtexit2.o(.ARM.Collect$$rtexit$$00000002)
    __rt_exit_exit                           0x08000231   Thumb Code     0  rtexit2.o(.ARM.Collect$$rtexit$$00000004)
    sim800c_init                             0x08000239   Thumb Code   308  main.o(.text)
    main                                     0x0800036d   Thumb Code  1648  main.o(.text)
    NMI_Handler                              0x08000a31   Thumb Code     2  stm32f10x_it.o(.text)
    HardFault_Handler                        0x08000a33   Thumb Code     4  stm32f10x_it.o(.text)
    MemManage_Handler                        0x08000a37   Thumb Code     4  stm32f10x_it.o(.text)
    BusFault_Handler                         0x08000a3b   Thumb Code     4  stm32f10x_it.o(.text)
    UsageFault_Handler                       0x08000a3f   Thumb Code     4  stm32f10x_it.o(.text)
    SVC_Handler                              0x08000a43   Thumb Code     2  stm32f10x_it.o(.text)
    DebugMon_Handler                         0x08000a45   Thumb Code     2  stm32f10x_it.o(.text)
    PendSV_Handler                           0x08000a47   Thumb Code     2  stm32f10x_it.o(.text)
    SysTick_Handler                          0x08000a49   Thumb Code     2  stm32f10x_it.o(.text)
    SystemInit                               0x08000b15   Thumb Code    78  system_stm32f10x.o(.text)
    SystemCoreClockUpdate                    0x08000b63   Thumb Code   142  system_stm32f10x.o(.text)
    KEY_Init                                 0x08000c1d   Thumb Code    82  key.o(.text)
    KEY_Scan                                 0x08000c6f   Thumb Code   154  key.o(.text)
    LED_Init                                 0x08000d19   Thumb Code    94  led.o(.text)
    Relay_Init                               0x08000d77   Thumb Code    48  led.o(.text)
    TIM4_Set                                 0x08000db5   Thumb Code    34  usart2.o(.text)
    USART2_IRQHandler                        0x08000dd7   Thumb Code    84  usart2.o(.text)
    TIM4_Init                                0x08000e2b   Thumb Code    82  usart2.o(.text)
    UART_DMA_Config                          0x08000e7d   Thumb Code    72  usart2.o(.text)
    USART2_Init                              0x08000ec5   Thumb Code   204  usart2.o(.text)
    UART_DMA_Enable                          0x08000f91   Thumb Code    32  usart2.o(.text)
    u2_printf                                0x08000fb1   Thumb Code    50  usart2.o(.text)
    TIM4_SetARR                              0x08000fe3   Thumb Code    44  usart2.o(.text)
    TIM4_IRQHandler                          0x0800100f   Thumb Code   104  usart2.o(.text)
    uart3_init                               0x080010a5   Thumb Code   156  usart3.o(.text)
    USART3_IRQHandler                        0x08001141   Thumb Code   130  usart3.o(.text)
    Usart_SendStr_length                     0x080011e1   Thumb Code    32  usart3.o(.text)
    Usart_SendString                         0x08001201   Thumb Code    28  usart3.o(.text)
    ClearRAM                                 0x0800121d   Thumb Code    18  usart3.o(.text)
    LCD_Send                                 0x08001245   Thumb Code    88  lcd5110.o(.text)
    LCD5110_IO_Configuration                 0x0800129d   Thumb Code   148  lcd5110.o(.text)
    LCD5110_Init                             0x08001331   Thumb Code   108  lcd5110.o(.text)
    LCD_SetContrast                          0x0800139d   Thumb Code    32  lcd5110.o(.text)
    LCD_SetXY                                0x080013bd   Thumb Code    54  lcd5110.o(.text)
    LCD_Clear                                0x080013f3   Thumb Code    48  lcd5110.o(.text)
    LCD_Write_Char                           0x08001423   Thumb Code    42  lcd5110.o(.text)
    LCD_Write_Hanzi                          0x0800144d   Thumb Code    98  lcd5110.o(.text)
    LCD_Write_EnStr                          0x080014af   Thumb Code   120  lcd5110.o(.text)
    delay_init                               0x08001541   Thumb Code    40  delay.o(.text)
    delay_us                                 0x08001569   Thumb Code    70  delay.o(.text)
    delay_ms                                 0x080015af   Thumb Code    70  delay.o(.text)
    NVIC_Configuration                       0x08001605   Thumb Code    12  sys.o(.text)
    _sys_exit                                0x08001611   Thumb Code     6  usart.o(.text)
    fputc                                    0x08001617   Thumb Code    20  usart.o(.text)
    uart_init                                0x0800162b   Thumb Code   158  usart.o(.text)
    USART1_IRQHandler                        0x080016c9   Thumb Code   122  usart.o(.text)
    Reset_Handler                            0x08001759   Thumb Code     8  startup_stm32f10x_md.o(.text)
    ADC1_2_IRQHandler                        0x08001773   Thumb Code     0  startup_stm32f10x_md.o(.text)
    CAN1_RX1_IRQHandler                      0x08001773   Thumb Code     0  startup_stm32f10x_md.o(.text)
    CAN1_SCE_IRQHandler                      0x08001773   Thumb Code     0  startup_stm32f10x_md.o(.text)
    DMA1_Channel1_IRQHandler                 0x08001773   Thumb Code     0  startup_stm32f10x_md.o(.text)
    DMA1_Channel2_IRQHandler                 0x08001773   Thumb Code     0  startup_stm32f10x_md.o(.text)
    DMA1_Channel3_IRQHandler                 0x08001773   Thumb Code     0  startup_stm32f10x_md.o(.text)
    DMA1_Channel4_IRQHandler                 0x08001773   Thumb Code     0  startup_stm32f10x_md.o(.text)
    DMA1_Channel5_IRQHandler                 0x08001773   Thumb Code     0  startup_stm32f10x_md.o(.text)
    DMA1_Channel6_IRQHandler                 0x08001773   Thumb Code     0  startup_stm32f10x_md.o(.text)
    DMA1_Channel7_IRQHandler                 0x08001773   Thumb Code     0  startup_stm32f10x_md.o(.text)
    EXTI0_IRQHandler                         0x08001773   Thumb Code     0  startup_stm32f10x_md.o(.text)
    EXTI15_10_IRQHandler                     0x08001773   Thumb Code     0  startup_stm32f10x_md.o(.text)
    EXTI1_IRQHandler                         0x08001773   Thumb Code     0  startup_stm32f10x_md.o(.text)
    EXTI2_IRQHandler                         0x08001773   Thumb Code     0  startup_stm32f10x_md.o(.text)
    EXTI3_IRQHandler                         0x08001773   Thumb Code     0  startup_stm32f10x_md.o(.text)
    EXTI4_IRQHandler                         0x08001773   Thumb Code     0  startup_stm32f10x_md.o(.text)
    EXTI9_5_IRQHandler                       0x08001773   Thumb Code     0  startup_stm32f10x_md.o(.text)
    FLASH_IRQHandler                         0x08001773   Thumb Code     0  startup_stm32f10x_md.o(.text)
    I2C1_ER_IRQHandler                       0x08001773   Thumb Code     0  startup_stm32f10x_md.o(.text)
    I2C1_EV_IRQHandler                       0x08001773   Thumb Code     0  startup_stm32f10x_md.o(.text)
    I2C2_ER_IRQHandler                       0x08001773   Thumb Code     0  startup_stm32f10x_md.o(.text)
    I2C2_EV_IRQHandler                       0x08001773   Thumb Code     0  startup_stm32f10x_md.o(.text)
    PVD_IRQHandler                           0x08001773   Thumb Code     0  startup_stm32f10x_md.o(.text)
    RCC_IRQHandler                           0x08001773   Thumb Code     0  startup_stm32f10x_md.o(.text)
    RTCAlarm_IRQHandler                      0x08001773   Thumb Code     0  startup_stm32f10x_md.o(.text)
    RTC_IRQHandler                           0x08001773   Thumb Code     0  startup_stm32f10x_md.o(.text)
    SPI1_IRQHandler                          0x08001773   Thumb Code     0  startup_stm32f10x_md.o(.text)
    SPI2_IRQHandler                          0x08001773   Thumb Code     0  startup_stm32f10x_md.o(.text)
    TAMPER_IRQHandler                        0x08001773   Thumb Code     0  startup_stm32f10x_md.o(.text)
    TIM1_BRK_IRQHandler                      0x08001773   Thumb Code     0  startup_stm32f10x_md.o(.text)
    TIM1_CC_IRQHandler                       0x08001773   Thumb Code     0  startup_stm32f10x_md.o(.text)
    TIM1_TRG_COM_IRQHandler                  0x08001773   Thumb Code     0  startup_stm32f10x_md.o(.text)
    TIM1_UP_IRQHandler                       0x08001773   Thumb Code     0  startup_stm32f10x_md.o(.text)
    TIM2_IRQHandler                          0x08001773   Thumb Code     0  startup_stm32f10x_md.o(.text)
    TIM3_IRQHandler                          0x08001773   Thumb Code     0  startup_stm32f10x_md.o(.text)
    USBWakeUp_IRQHandler                     0x08001773   Thumb Code     0  startup_stm32f10x_md.o(.text)
    USB_HP_CAN1_TX_IRQHandler                0x08001773   Thumb Code     0  startup_stm32f10x_md.o(.text)
    USB_LP_CAN1_RX0_IRQHandler               0x08001773   Thumb Code     0  startup_stm32f10x_md.o(.text)
    WWDG_IRQHandler                          0x08001773   Thumb Code     0  startup_stm32f10x_md.o(.text)
    __user_initial_stackheap                 0x08001775   Thumb Code     0  startup_stm32f10x_md.o(.text)
    NVIC_PriorityGroupConfig                 0x08001799   Thumb Code    10  misc.o(.text)
    NVIC_Init                                0x080017a3   Thumb Code   118  misc.o(.text)
    NVIC_SetVectorTable                      0x08001819   Thumb Code    12  misc.o(.text)
    NVIC_SystemLPConfig                      0x08001825   Thumb Code    38  misc.o(.text)
    SysTick_CLKSourceConfig                  0x0800184b   Thumb Code    40  misc.o(.text)
    GPIO_DeInit                              0x08001891   Thumb Code   172  stm32f10x_gpio.o(.text)
    GPIO_AFIODeInit                          0x0800193d   Thumb Code    20  stm32f10x_gpio.o(.text)
    GPIO_Init                                0x08001951   Thumb Code   274  stm32f10x_gpio.o(.text)
    GPIO_StructInit                          0x08001a63   Thumb Code    16  stm32f10x_gpio.o(.text)
    GPIO_ReadInputDataBit                    0x08001a73   Thumb Code    18  stm32f10x_gpio.o(.text)
    GPIO_ReadInputData                       0x08001a85   Thumb Code     8  stm32f10x_gpio.o(.text)
    GPIO_ReadOutputDataBit                   0x08001a8d   Thumb Code    18  stm32f10x_gpio.o(.text)
    GPIO_ReadOutputData                      0x08001a9f   Thumb Code     8  stm32f10x_gpio.o(.text)
    GPIO_SetBits                             0x08001aa7   Thumb Code     4  stm32f10x_gpio.o(.text)
    GPIO_ResetBits                           0x08001aab   Thumb Code     4  stm32f10x_gpio.o(.text)
    GPIO_WriteBit                            0x08001aaf   Thumb Code    10  stm32f10x_gpio.o(.text)
    GPIO_Write                               0x08001ab9   Thumb Code     4  stm32f10x_gpio.o(.text)
    GPIO_PinLockConfig                       0x08001abd   Thumb Code    18  stm32f10x_gpio.o(.text)
    GPIO_EventOutputConfig                   0x08001acf   Thumb Code    26  stm32f10x_gpio.o(.text)
    GPIO_EventOutputCmd                      0x08001ae9   Thumb Code     6  stm32f10x_gpio.o(.text)
    GPIO_PinRemapConfig                      0x08001aef   Thumb Code   138  stm32f10x_gpio.o(.text)
    GPIO_EXTILineConfig                      0x08001b79   Thumb Code    66  stm32f10x_gpio.o(.text)
    GPIO_ETH_MediaInterfaceConfig            0x08001bbb   Thumb Code     6  stm32f10x_gpio.o(.text)
    RCC_DeInit                               0x08001be9   Thumb Code    64  stm32f10x_rcc.o(.text)
    RCC_HSEConfig                            0x08001c29   Thumb Code    70  stm32f10x_rcc.o(.text)
    RCC_GetFlagStatus                        0x08001c6f   Thumb Code    56  stm32f10x_rcc.o(.text)
    RCC_WaitForHSEStartUp                    0x08001ca7   Thumb Code    48  stm32f10x_rcc.o(.text)
    RCC_AdjustHSICalibrationValue            0x08001cd7   Thumb Code    20  stm32f10x_rcc.o(.text)
    RCC_HSICmd                               0x08001ceb   Thumb Code     6  stm32f10x_rcc.o(.text)
    RCC_PLLConfig                            0x08001cf1   Thumb Code    24  stm32f10x_rcc.o(.text)
    RCC_PLLCmd                               0x08001d09   Thumb Code     6  stm32f10x_rcc.o(.text)
    RCC_SYSCLKConfig                         0x08001d0f   Thumb Code    18  stm32f10x_rcc.o(.text)
    RCC_GetSYSCLKSource                      0x08001d21   Thumb Code    10  stm32f10x_rcc.o(.text)
    RCC_HCLKConfig                           0x08001d2b   Thumb Code    18  stm32f10x_rcc.o(.text)
    RCC_PCLK1Config                          0x08001d3d   Thumb Code    18  stm32f10x_rcc.o(.text)
    RCC_PCLK2Config                          0x08001d4f   Thumb Code    20  stm32f10x_rcc.o(.text)
    RCC_ITConfig                             0x08001d63   Thumb Code    30  stm32f10x_rcc.o(.text)
    RCC_USBCLKConfig                         0x08001d81   Thumb Code     6  stm32f10x_rcc.o(.text)
    RCC_ADCCLKConfig                         0x08001d87   Thumb Code    18  stm32f10x_rcc.o(.text)
    RCC_LSEConfig                            0x08001d99   Thumb Code    44  stm32f10x_rcc.o(.text)
    RCC_LSICmd                               0x08001dc5   Thumb Code     6  stm32f10x_rcc.o(.text)
    RCC_RTCCLKConfig                         0x08001dcb   Thumb Code    12  stm32f10x_rcc.o(.text)
    RCC_RTCCLKCmd                            0x08001dd7   Thumb Code     6  stm32f10x_rcc.o(.text)
    RCC_GetClocksFreq                        0x08001ddd   Thumb Code   192  stm32f10x_rcc.o(.text)
    RCC_AHBPeriphClockCmd                    0x08001e9d   Thumb Code    26  stm32f10x_rcc.o(.text)
    RCC_APB2PeriphClockCmd                   0x08001eb7   Thumb Code    26  stm32f10x_rcc.o(.text)
    RCC_APB1PeriphClockCmd                   0x08001ed1   Thumb Code    26  stm32f10x_rcc.o(.text)
    RCC_APB2PeriphResetCmd                   0x08001eeb   Thumb Code    26  stm32f10x_rcc.o(.text)
    RCC_APB1PeriphResetCmd                   0x08001f05   Thumb Code    26  stm32f10x_rcc.o(.text)
    RCC_BackupResetCmd                       0x08001f1f   Thumb Code     6  stm32f10x_rcc.o(.text)
    RCC_ClockSecuritySystemCmd               0x08001f25   Thumb Code     6  stm32f10x_rcc.o(.text)
    RCC_MCOConfig                            0x08001f2b   Thumb Code     6  stm32f10x_rcc.o(.text)
    RCC_ClearFlag                            0x08001f31   Thumb Code    14  stm32f10x_rcc.o(.text)
    RCC_GetITStatus                          0x08001f3f   Thumb Code    20  stm32f10x_rcc.o(.text)
    RCC_ClearITPendingBit                    0x08001f53   Thumb Code     6  stm32f10x_rcc.o(.text)
    USART_DeInit                             0x08001f95   Thumb Code   134  stm32f10x_usart.o(.text)
    USART_Init                               0x0800201b   Thumb Code   210  stm32f10x_usart.o(.text)
    USART_StructInit                         0x080020ed   Thumb Code    24  stm32f10x_usart.o(.text)
    USART_ClockInit                          0x08002105   Thumb Code    34  stm32f10x_usart.o(.text)
    USART_ClockStructInit                    0x08002127   Thumb Code    12  stm32f10x_usart.o(.text)
    USART_Cmd                                0x08002133   Thumb Code    24  stm32f10x_usart.o(.text)
    USART_ITConfig                           0x0800214b   Thumb Code    74  stm32f10x_usart.o(.text)
    USART_DMACmd                             0x08002195   Thumb Code    24  stm32f10x_usart.o(.text)
    USART_SetAddress                         0x080021ad   Thumb Code    18  stm32f10x_usart.o(.text)
    USART_WakeUpConfig                       0x080021bf   Thumb Code    18  stm32f10x_usart.o(.text)
    USART_ReceiverWakeUpCmd                  0x080021d1   Thumb Code    24  stm32f10x_usart.o(.text)
    USART_LINBreakDetectLengthConfig         0x080021e9   Thumb Code    18  stm32f10x_usart.o(.text)
    USART_LINCmd                             0x080021fb   Thumb Code    24  stm32f10x_usart.o(.text)
    USART_SendData                           0x08002213   Thumb Code     8  stm32f10x_usart.o(.text)
    USART_ReceiveData                        0x0800221b   Thumb Code    10  stm32f10x_usart.o(.text)
    USART_SendBreak                          0x08002225   Thumb Code    10  stm32f10x_usart.o(.text)
    USART_SetGuardTime                       0x0800222f   Thumb Code    16  stm32f10x_usart.o(.text)
    USART_SetPrescaler                       0x0800223f   Thumb Code    16  stm32f10x_usart.o(.text)
    USART_SmartCardCmd                       0x0800224f   Thumb Code    24  stm32f10x_usart.o(.text)
    USART_SmartCardNACKCmd                   0x08002267   Thumb Code    24  stm32f10x_usart.o(.text)
    USART_HalfDuplexCmd                      0x0800227f   Thumb Code    24  stm32f10x_usart.o(.text)
    USART_OverSampling8Cmd                   0x08002297   Thumb Code    22  stm32f10x_usart.o(.text)
    USART_OneBitMethodCmd                    0x080022ad   Thumb Code    24  stm32f10x_usart.o(.text)
    USART_IrDAConfig                         0x080022c5   Thumb Code    18  stm32f10x_usart.o(.text)
    USART_IrDACmd                            0x080022d7   Thumb Code    24  stm32f10x_usart.o(.text)
    USART_GetFlagStatus                      0x080022ef   Thumb Code    26  stm32f10x_usart.o(.text)
    USART_ClearFlag                          0x08002309   Thumb Code    18  stm32f10x_usart.o(.text)
    USART_GetITStatus                        0x0800231b   Thumb Code    84  stm32f10x_usart.o(.text)
    USART_ClearITPendingBit                  0x0800236f   Thumb Code    50  stm32f10x_usart.o(.text)
    TIM_DeInit                               0x080023a1   Thumb Code   424  stm32f10x_tim.o(.text)
    TIM_TimeBaseInit                         0x08002549   Thumb Code   122  stm32f10x_tim.o(.text)
    TIM_OC1Init                              0x080025c3   Thumb Code   132  stm32f10x_tim.o(.text)
    TIM_OC2Init                              0x08002647   Thumb Code   146  stm32f10x_tim.o(.text)
    TIM_OC3Init                              0x080026d9   Thumb Code   142  stm32f10x_tim.o(.text)
    TIM_OC4Init                              0x08002767   Thumb Code   172  stm32f10x_tim.o(.text)
    TIM_SetIC4Prescaler                      0x08002813   Thumb Code    22  stm32f10x_tim.o(.text)
    TIM_SetIC3Prescaler                      0x0800289f   Thumb Code    18  stm32f10x_tim.o(.text)
    TIM_SetIC2Prescaler                      0x08002923   Thumb Code    22  stm32f10x_tim.o(.text)
    TIM_SetIC1Prescaler                      0x080029af   Thumb Code    18  stm32f10x_tim.o(.text)
    TIM_ICInit                               0x08002a2b   Thumb Code   150  stm32f10x_tim.o(.text)
    TIM_PWMIConfig                           0x08002ac1   Thumb Code   124  stm32f10x_tim.o(.text)
    TIM_BDTRConfig                           0x08002b3d   Thumb Code    32  stm32f10x_tim.o(.text)
    TIM_TimeBaseStructInit                   0x08002b5d   Thumb Code    18  stm32f10x_tim.o(.text)
    TIM_OCStructInit                         0x08002b6f   Thumb Code    20  stm32f10x_tim.o(.text)
    TIM_ICStructInit                         0x08002b83   Thumb Code    18  stm32f10x_tim.o(.text)
    TIM_BDTRStructInit                       0x08002b95   Thumb Code    18  stm32f10x_tim.o(.text)
    TIM_Cmd                                  0x08002ba7   Thumb Code    24  stm32f10x_tim.o(.text)
    TIM_CtrlPWMOutputs                       0x08002bbf   Thumb Code    52  stm32f10x_tim.o(.text)
    TIM_ITConfig                             0x08002bf3   Thumb Code    24  stm32f10x_tim.o(.text)
    TIM_GenerateEvent                        0x08002c0b   Thumb Code     4  stm32f10x_tim.o(.text)
    TIM_DMAConfig                            0x08002c0f   Thumb Code    10  stm32f10x_tim.o(.text)
    TIM_DMACmd                               0x08002c19   Thumb Code    24  stm32f10x_tim.o(.text)
    TIM_InternalClockConfig                  0x08002c31   Thumb Code    12  stm32f10x_tim.o(.text)
    TIM_SelectInputTrigger                   0x08002c3d   Thumb Code    18  stm32f10x_tim.o(.text)
    TIM_ITRxExternalClockConfig              0x08002c4f   Thumb Code    24  stm32f10x_tim.o(.text)
    TIM_TIxExternalClockConfig               0x08002c67   Thumb Code    62  stm32f10x_tim.o(.text)
    TIM_ETRConfig                            0x08002ca5   Thumb Code    24  stm32f10x_tim.o(.text)
    TIM_ETRClockMode1Config                  0x08002cbd   Thumb Code    54  stm32f10x_tim.o(.text)
    TIM_ETRClockMode2Config                  0x08002cf3   Thumb Code    32  stm32f10x_tim.o(.text)
    TIM_PrescalerConfig                      0x08002d13   Thumb Code     6  stm32f10x_tim.o(.text)
    TIM_CounterModeConfig                    0x08002d19   Thumb Code    18  stm32f10x_tim.o(.text)
    TIM_EncoderInterfaceConfig               0x08002d2b   Thumb Code    62  stm32f10x_tim.o(.text)
    TIM_ForcedOC1Config                      0x08002d69   Thumb Code    18  stm32f10x_tim.o(.text)
    TIM_ForcedOC2Config                      0x08002d7b   Thumb Code    22  stm32f10x_tim.o(.text)
    TIM_ForcedOC3Config                      0x08002d91   Thumb Code    18  stm32f10x_tim.o(.text)
    TIM_ForcedOC4Config                      0x08002da3   Thumb Code    22  stm32f10x_tim.o(.text)
    TIM_ARRPreloadConfig                     0x08002db9   Thumb Code    24  stm32f10x_tim.o(.text)
    TIM_SelectCOM                            0x08002dd1   Thumb Code    24  stm32f10x_tim.o(.text)
    TIM_SelectCCDMA                          0x08002de9   Thumb Code    24  stm32f10x_tim.o(.text)
    TIM_CCPreloadControl                     0x08002e01   Thumb Code    24  stm32f10x_tim.o(.text)
    TIM_OC1PreloadConfig                     0x08002e19   Thumb Code    18  stm32f10x_tim.o(.text)
    TIM_OC2PreloadConfig                     0x08002e2b   Thumb Code    22  stm32f10x_tim.o(.text)
    TIM_OC3PreloadConfig                     0x08002e41   Thumb Code    18  stm32f10x_tim.o(.text)
    TIM_OC4PreloadConfig                     0x08002e53   Thumb Code    22  stm32f10x_tim.o(.text)
    TIM_OC1FastConfig                        0x08002e69   Thumb Code    18  stm32f10x_tim.o(.text)
    TIM_OC2FastConfig                        0x08002e7b   Thumb Code    22  stm32f10x_tim.o(.text)
    TIM_OC3FastConfig                        0x08002e91   Thumb Code    18  stm32f10x_tim.o(.text)
    TIM_OC4FastConfig                        0x08002ea3   Thumb Code    22  stm32f10x_tim.o(.text)
    TIM_ClearOC1Ref                          0x08002eb9   Thumb Code    18  stm32f10x_tim.o(.text)
    TIM_ClearOC2Ref                          0x08002ecb   Thumb Code    20  stm32f10x_tim.o(.text)
    TIM_ClearOC3Ref                          0x08002edf   Thumb Code    18  stm32f10x_tim.o(.text)
    TIM_ClearOC4Ref                          0x08002ef1   Thumb Code    20  stm32f10x_tim.o(.text)
    TIM_OC1PolarityConfig                    0x08002f05   Thumb Code    18  stm32f10x_tim.o(.text)
    TIM_OC1NPolarityConfig                   0x08002f17   Thumb Code    18  stm32f10x_tim.o(.text)
    TIM_OC2PolarityConfig                    0x08002f29   Thumb Code    22  stm32f10x_tim.o(.text)
    TIM_OC2NPolarityConfig                   0x08002f3f   Thumb Code    22  stm32f10x_tim.o(.text)
    TIM_OC3PolarityConfig                    0x08002f55   Thumb Code    22  stm32f10x_tim.o(.text)
    TIM_OC3NPolarityConfig                   0x08002f6b   Thumb Code    22  stm32f10x_tim.o(.text)
    TIM_OC4PolarityConfig                    0x08002f81   Thumb Code    22  stm32f10x_tim.o(.text)
    TIM_CCxCmd                               0x08002f97   Thumb Code    34  stm32f10x_tim.o(.text)
    TIM_CCxNCmd                              0x08002fb9   Thumb Code    34  stm32f10x_tim.o(.text)
    TIM_SelectOCxM                           0x08002fdb   Thumb Code    82  stm32f10x_tim.o(.text)
    TIM_UpdateDisableConfig                  0x0800302d   Thumb Code    24  stm32f10x_tim.o(.text)
    TIM_UpdateRequestConfig                  0x08003045   Thumb Code    24  stm32f10x_tim.o(.text)
    TIM_SelectHallSensor                     0x0800305d   Thumb Code    24  stm32f10x_tim.o(.text)
    TIM_SelectOnePulseMode                   0x08003075   Thumb Code    18  stm32f10x_tim.o(.text)
    TIM_SelectOutputTrigger                  0x08003087   Thumb Code    18  stm32f10x_tim.o(.text)
    TIM_SelectSlaveMode                      0x08003099   Thumb Code    18  stm32f10x_tim.o(.text)
    TIM_SelectMasterSlaveMode                0x080030ab   Thumb Code    18  stm32f10x_tim.o(.text)
    TIM_SetCounter                           0x080030bd   Thumb Code     4  stm32f10x_tim.o(.text)
    TIM_SetAutoreload                        0x080030c1   Thumb Code     4  stm32f10x_tim.o(.text)
    TIM_SetCompare1                          0x080030c5   Thumb Code     4  stm32f10x_tim.o(.text)
    TIM_SetCompare2                          0x080030c9   Thumb Code     4  stm32f10x_tim.o(.text)
    TIM_SetCompare3                          0x080030cd   Thumb Code     4  stm32f10x_tim.o(.text)
    TIM_SetCompare4                          0x080030d1   Thumb Code     6  stm32f10x_tim.o(.text)
    TIM_SetClockDivision                     0x080030d7   Thumb Code    18  stm32f10x_tim.o(.text)
    TIM_GetCapture1                          0x080030e9   Thumb Code     6  stm32f10x_tim.o(.text)
    TIM_GetCapture2                          0x080030ef   Thumb Code     6  stm32f10x_tim.o(.text)
    TIM_GetCapture3                          0x080030f5   Thumb Code     6  stm32f10x_tim.o(.text)
    TIM_GetCapture4                          0x080030fb   Thumb Code     8  stm32f10x_tim.o(.text)
    TIM_GetCounter                           0x08003103   Thumb Code     6  stm32f10x_tim.o(.text)
    TIM_GetPrescaler                         0x08003109   Thumb Code     6  stm32f10x_tim.o(.text)
    TIM_GetFlagStatus                        0x0800310f   Thumb Code    18  stm32f10x_tim.o(.text)
    TIM_ClearFlag                            0x08003121   Thumb Code     6  stm32f10x_tim.o(.text)
    TIM_GetITStatus                          0x08003127   Thumb Code    34  stm32f10x_tim.o(.text)
    TIM_ClearITPendingBit                    0x08003149   Thumb Code     6  stm32f10x_tim.o(.text)
    DMA_DeInit                               0x08003151   Thumb Code   320  stm32f10x_dma.o(.text)
    DMA_Init                                 0x08003291   Thumb Code    60  stm32f10x_dma.o(.text)
    DMA_StructInit                           0x080032cd   Thumb Code    26  stm32f10x_dma.o(.text)
    DMA_Cmd                                  0x080032e7   Thumb Code    24  stm32f10x_dma.o(.text)
    DMA_ITConfig                             0x080032ff   Thumb Code    18  stm32f10x_dma.o(.text)
    DMA_SetCurrDataCounter                   0x08003311   Thumb Code     4  stm32f10x_dma.o(.text)
    DMA_GetCurrDataCounter                   0x08003315   Thumb Code     8  stm32f10x_dma.o(.text)
    DMA_GetFlagStatus                        0x0800331d   Thumb Code    34  stm32f10x_dma.o(.text)
    DMA_ClearFlag                            0x0800333f   Thumb Code    18  stm32f10x_dma.o(.text)
    DMA_GetITStatus                          0x08003351   Thumb Code    34  stm32f10x_dma.o(.text)
    DMA_ClearITPendingBit                    0x08003373   Thumb Code    18  stm32f10x_dma.o(.text)
    sim_at_response                          0x08003399   Thumb Code    46  sim800c.o(.text)
    sim800c_check_cmd                        0x080033c7   Thumb Code    44  sim800c.o(.text)
    sim800c_send_cmd                         0x080033f3   Thumb Code   204  sim800c.o(.text)
    sim800c_wait_request                     0x080034bf   Thumb Code    84  sim800c.o(.text)
    sim800c_chr2hex                          0x08003513   Thumb Code    54  sim800c.o(.text)
    sim800c_hex2chr                          0x08003549   Thumb Code    34  sim800c.o(.text)
    __use_no_semihosting                     0x08003595   Thumb Code     2  use_no_semi_2.o(.text)
    __c89vsprintf                            0x08003599   Thumb Code    32  c89vsprintf.o(.text)
    __2printf                                0x080035bd   Thumb Code    20  __2printf.o(.text)
    _printf_pre_padding                      0x080035d5   Thumb Code    44  _printf_pad.o(.text)
    _printf_post_padding                     0x08003601   Thumb Code    36  _printf_pad.o(.text)
    _printf_str                              0x08003625   Thumb Code    82  _printf_str.o(.text)
    _printf_int_dec                          0x08003679   Thumb Code    98  _printf_dec.o(.text)
    _printf_charcount                        0x080036ed   Thumb Code    42  _printf_charcount.o(.text)
    _printf_longlong_hex                     0x08003719   Thumb Code    92  _printf_hex_int_ll_ptr.o(.text)
    _printf_int_hex                          0x08003775   Thumb Code    28  _printf_hex_int_ll_ptr.o(.text)
    _printf_ll_hex                           0x08003791   Thumb Code    12  _printf_hex_int_ll_ptr.o(.text)
    _printf_hex_ptr                          0x0800379d   Thumb Code    18  _printf_hex_int_ll_ptr.o(.text)
    __printf                                 0x080037b5   Thumb Code   406  __printf_flags_ss_wp.o(.text)
    strstr                                   0x08003951   Thumb Code    36  strstr.o(.text)
    strlen                                   0x08003975   Thumb Code    62  strlen.o(.text)
    strncpy                                  0x080039b3   Thumb Code    86  strncpy.o(.text)
    __use_two_region_memory                  0x08003a09   Thumb Code     2  heapauxi.o(.text)
    __rt_heap_escrow$2region                 0x08003a0b   Thumb Code     2  heapauxi.o(.text)
    __rt_heap_expand$2region                 0x08003a0d   Thumb Code     2  heapauxi.o(.text)
    __I$use$semihosting                      0x08003a0f   Thumb Code     0  use_no_semi.o(.text)
    __use_no_semihosting_swi                 0x08003a0f   Thumb Code     2  use_no_semi.o(.text)
    _printf_truncate_signed                  0x08003a11   Thumb Code    18  _printf_truncate.o(.text)
    _printf_truncate_unsigned                0x08003a23   Thumb Code    18  _printf_truncate.o(.text)
    _printf_int_common                       0x08003a35   Thumb Code   180  _printf_intcommon.o(.text)
    _printf_char_common                      0x08003af3   Thumb Code    32  _printf_char_common.o(.text)
    _sputc                                   0x08003b19   Thumb Code    10  _sputc.o(.text)
    _printf_cs_common                        0x08003b23   Thumb Code    20  _printf_char.o(.text)
    _printf_char                             0x08003b37   Thumb Code    16  _printf_char.o(.text)
    _printf_string                           0x08003b47   Thumb Code     8  _printf_char.o(.text)
    _printf_char_file                        0x08003b51   Thumb Code    32  _printf_char_file.o(.text)
    _printf_wctomb                           0x08003b75   Thumb Code   182  _printf_wctomb.o(.text)
    _printf_longlong_dec                     0x08003c31   Thumb Code   104  _printf_longlong_dec.o(.text)
    _printf_longlong_oct                     0x08003ca9   Thumb Code    76  _printf_oct_int_ll.o(.text)
    _printf_int_oct                          0x08003cf5   Thumb Code    24  _printf_oct_int_ll.o(.text)
    _printf_ll_oct                           0x08003d0d   Thumb Code    12  _printf_oct_int_ll.o(.text)
    __aeabi_memclr                           0x08003d21   Thumb Code     0  rt_memclr.o(.text)
    __rt_memclr                              0x08003d21   Thumb Code    68  rt_memclr.o(.text)
    _memset                                  0x08003d25   Thumb Code     0  rt_memclr.o(.text)
    __rt_udiv10                              0x08003d65   Thumb Code    16  rtudiv10.o(.text)
    _ll_udiv10                               0x08003d75   Thumb Code   138  lludiv10.o(.text)
    __lib_sel_fp_printf                      0x08003dff   Thumb Code     2  _printf_fp_dec.o(.text)
    _printf_fp_dec_real                      0x08003fa5   Thumb Code   616  _printf_fp_dec.o(.text)
    _printf_lcs_common                       0x0800420d   Thumb Code    20  _printf_wchar.o(.text)
    _printf_wchar                            0x08004221   Thumb Code    16  _printf_wchar.o(.text)
    _printf_wstring                          0x08004231   Thumb Code     8  _printf_wchar.o(.text)
    ferror                                   0x08004239   Thumb Code     8  ferror.o(.text)
    _wcrtomb                                 0x08004241   Thumb Code    64  _wcrtomb.o(.text)
    __aeabi_memclr4                          0x08004281   Thumb Code     0  rt_memclr_w.o(.text)
    __aeabi_memclr8                          0x08004281   Thumb Code     0  rt_memclr_w.o(.text)
    __rt_memclr_w                            0x08004281   Thumb Code    78  rt_memclr_w.o(.text)
    _memset_w                                0x08004285   Thumb Code     0  rt_memclr_w.o(.text)
    __user_setup_stackheap                   0x080042cf   Thumb Code    74  sys_stackheap_outer.o(.text)
    __rt_ctype_table                         0x08004319   Thumb Code    16  rt_ctype_table.o(.text)
    __rt_locale                              0x08004329   Thumb Code    12  rt_locale_intlibspace.o(.text)
    _printf_fp_infnan                        0x08004335   Thumb Code   108  _printf_fp_infnan.o(.text)
    _btod_etento                             0x080043b1   Thumb Code   230  bigflt0.o(.text)
    exit                                     0x0800449d   Thumb Code    12  exit.o(.text)
    __user_libspace                          0x080044a9   Thumb Code     8  libspace.o(.text)
    __user_perproc_libspace                  0x080044a9   Thumb Code     0  libspace.o(.text)
    __user_perthread_libspace                0x080044a9   Thumb Code     0  libspace.o(.text)
    strcmp                                   0x080044b1   Thumb Code   128  strcmpv7m.o(.text)
    __rt_fp_status_addr                      0x08004531   Thumb Code    12  rt_fp_status_addr_intlibspace.o(.text)
    _btod_d2e                                0x0800453d   Thumb Code    62  btod.o(CL$$btod_d2e)
    _d2e_denorm_low                          0x0800457b   Thumb Code    70  btod.o(CL$$btod_d2e_denorm_low)
    _d2e_norm_op1                            0x080045c1   Thumb Code    96  btod.o(CL$$btod_d2e_norm_op1)
    __btod_div_common                        0x08004621   Thumb Code   696  btod.o(CL$$btod_div_common)
    _e2e                                     0x08004959   Thumb Code   198  btod.o(CL$$btod_e2e)
    _btod_ediv                               0x08004a1f   Thumb Code    40  btod.o(CL$$btod_ediv)
    _btod_emul                               0x08004a47   Thumb Code    40  btod.o(CL$$btod_emul)
    __btod_mult_common                       0x08004a6f   Thumb Code   580  btod.o(CL$$btod_mult_common)
    __ARM_fpclassify                         0x08004cb3   Thumb Code    40  fpclassify.o(i.__ARM_fpclassify)
    _get_lc_numeric                          0x08004cdd   Thumb Code    44  lc_numeric_c.o(locale$$code)
    _get_lc_ctype                            0x08004d09   Thumb Code    44  lc_ctype_c.o(locale$$code)
    _fp_init                                 0x08004d35   Thumb Code    14  fpinit.o(x$fpl$fpinit)
    __fplib_config_pureend_doubles           0x08004d41   Thumb Code     0  fpinit.o(x$fpl$fpinit)
    _printf_fp_dec                           0x08004d43   Thumb Code     4  printf1.o(x$fpl$printf1)
    Font12x16_chinese                        0x08004d46   Data         456  lcd5110.o(.constdata)
    __I$use$fp                               0x08004d47   Thumb Code     0  usenofp.o(x$fpl$usenofp)
    write_ch                                 0x08004f0e   Data          48  lcd5110.o(.constdata)
    Font6x8                                  0x08004f3e   Data         552  lcd5110.o(.constdata)
    Region$$Table$$Base                      0x0800523c   Number         0  anon$$obj.o(Region$$Table)
    Region$$Table$$Limit                     0x0800525c   Number         0  anon$$obj.o(Region$$Table)
    __ctype                                  0x08005285   Data           0  lc_ctype_c.o(locale$$data)
    SystemCoreClock                          0x20000000   Data           4  system_stm32f10x.o(.data)
    AHBPrescTable                            0x20000004   Data          16  system_stm32f10x.o(.data)
    USART2_RX_STA                            0x20000016   Data           2  usart2.o(.data)
    USART3_RX_STA                            0x2000001a   Data           2  usart3.o(.data)
    USART_RX_STA                             0x20000020   Data           2  usart.o(.data)
    __stdout                                 0x20000024   Data           4  usart.o(.data)
    Scan_Wtime                               0x2000003c   Data           1  sim800c.o(.data)
    BT_Scan_mode                             0x2000003d   Data           1  sim800c.o(.data)
    HTTPPostData                             0x20000040   Data         255  main.o(.bss)
    xianshi                                  0x2000013f   Data         100  main.o(.bss)
    USART2_TX_BUF                            0x200001a8   Data        1024  usart2.o(.bss)
    USART2_RX_BUF                            0x200005a8   Data        1024  usart2.o(.bss)
    USART3_RX_BUF                            0x200009a8   Data         200  usart3.o(.bss)
    DMA_initstructure                        0x20000c68   Data          44  lcd5110.o(.bss)
    USART_RX_BUF                             0x20000c94   Data         200  usart.o(.bss)
    __libspace_start                         0x20000d5c   Data          96  libspace.o(.bss)
    __temporary_stack_top$libspace           0x20000dbc   Data           0  libspace.o(.bss)



==============================================================================

Memory Map of the image

  Image Entry point : 0x080000ed

  Load Region LR_IROM1 (Base: 0x08000000, Size: 0x000053c8, Max: 0x00020000, ABSOLUTE)

    Execution Region ER_IROM1 (Base: 0x08000000, Size: 0x00005388, Max: 0x00020000, ABSOLUTE)

    Base Addr    Size         Type   Attr      Idx    E Section Name        Object

    0x08000000   0x000000ec   Data   RO          358    RESET               startup_stm32f10x_md.o
    0x080000ec   0x00000008   Code   RO          527  * !!!main             c_w.l(__main.o)(c_w.l)
    0x080000f4   0x00000034   Code   RO          798    !!!scatter          c_w.l(__scatter.o)(c_w.l)
    0x08000128   0x0000001a   Code   RO          800    !!handler_copy      c_w.l(__scatter_copy.o)(c_w.l)
    0x08000142   0x00000002   PAD
    0x08000144   0x0000001c   Code   RO          802    !!handler_zi        c_w.l(__scatter_zi.o)(c_w.l)
    0x08000160   0x00000000   Code   RO          518    .ARM.Collect$$_printf_percent$$00000000  c_w.l(_printf_percent.o)(c_w.l)
    0x08000160   0x00000006   Code   RO          515    .ARM.Collect$$_printf_percent$$00000001  c_w.l(_printf_n.o)(c_w.l)
    0x08000166   0x00000006   Code   RO          516    .ARM.Collect$$_printf_percent$$00000002  c_w.l(_printf_p.o)(c_w.l)
    0x0800016c   0x00000006   Code   RO          561    .ARM.Collect$$_printf_percent$$00000003  c_w.l(_printf_f.o)(c_w.l)
    0x08000172   0x00000006   Code   RO          562    .ARM.Collect$$_printf_percent$$00000004  c_w.l(_printf_e.o)(c_w.l)
    0x08000178   0x00000006   Code   RO          563    .ARM.Collect$$_printf_percent$$00000005  c_w.l(_printf_g.o)(c_w.l)
    0x0800017e   0x00000006   Code   RO          564    .ARM.Collect$$_printf_percent$$00000006  c_w.l(_printf_a.o)(c_w.l)
    0x08000184   0x0000000a   Code   RO          569    .ARM.Collect$$_printf_percent$$00000007  c_w.l(_printf_ll.o)(c_w.l)
    0x0800018e   0x00000006   Code   RO          559    .ARM.Collect$$_printf_percent$$00000008  c_w.l(_printf_i.o)(c_w.l)
    0x08000194   0x00000006   Code   RO          517    .ARM.Collect$$_printf_percent$$00000009  c_w.l(_printf_d.o)(c_w.l)
    0x0800019a   0x00000006   Code   RO          560    .ARM.Collect$$_printf_percent$$0000000A  c_w.l(_printf_u.o)(c_w.l)
    0x080001a0   0x00000006   Code   RO          558    .ARM.Collect$$_printf_percent$$0000000B  c_w.l(_printf_o.o)(c_w.l)
    0x080001a6   0x00000006   Code   RO          557    .ARM.Collect$$_printf_percent$$0000000C  c_w.l(_printf_x.o)(c_w.l)
    0x080001ac   0x00000006   Code   RO          566    .ARM.Collect$$_printf_percent$$0000000D  c_w.l(_printf_lli.o)(c_w.l)
    0x080001b2   0x00000006   Code   RO          567    .ARM.Collect$$_printf_percent$$0000000E  c_w.l(_printf_lld.o)(c_w.l)
    0x080001b8   0x00000006   Code   RO          568    .ARM.Collect$$_printf_percent$$0000000F  c_w.l(_printf_llu.o)(c_w.l)
    0x080001be   0x00000006   Code   RO          573    .ARM.Collect$$_printf_percent$$00000010  c_w.l(_printf_llo.o)(c_w.l)
    0x080001c4   0x00000006   Code   RO          574    .ARM.Collect$$_printf_percent$$00000011  c_w.l(_printf_llx.o)(c_w.l)
    0x080001ca   0x0000000a   Code   RO          570    .ARM.Collect$$_printf_percent$$00000012  c_w.l(_printf_l.o)(c_w.l)
    0x080001d4   0x00000006   Code   RO          556    .ARM.Collect$$_printf_percent$$00000013  c_w.l(_printf_c.o)(c_w.l)
    0x080001da   0x00000006   Code   RO          514    .ARM.Collect$$_printf_percent$$00000014  c_w.l(_printf_s.o)(c_w.l)
    0x080001e0   0x00000006   Code   RO          571    .ARM.Collect$$_printf_percent$$00000015  c_w.l(_printf_lc.o)(c_w.l)
    0x080001e6   0x00000006   Code   RO          572    .ARM.Collect$$_printf_percent$$00000016  c_w.l(_printf_ls.o)(c_w.l)
    0x080001ec   0x00000004   Code   RO          565    .ARM.Collect$$_printf_percent$$00000017  c_w.l(_printf_percent_end.o)(c_w.l)
    0x080001f0   0x00000006   Code   RO          662    .ARM.Collect$$libinit$$00000000  c_w.l(libinit.o)(c_w.l)
    0x080001f6   0x00000000   Code   RO          680    .ARM.Collect$$libinit$$00000006  c_w.l(libinit2.o)(c_w.l)
    0x080001f6   0x00000000   Code   RO          682    .ARM.Collect$$libinit$$00000008  c_w.l(libinit2.o)(c_w.l)
    0x080001f6   0x00000000   Code   RO          684    .ARM.Collect$$libinit$$0000000A  c_w.l(libinit2.o)(c_w.l)
    0x080001f6   0x00000006   Code   RO          685    .ARM.Collect$$libinit$$0000000B  c_w.l(libinit2.o)(c_w.l)
    0x080001fc   0x00000000   Code   RO          687    .ARM.Collect$$libinit$$0000000D  c_w.l(libinit2.o)(c_w.l)
    0x080001fc   0x0000000c   Code   RO          688    .ARM.Collect$$libinit$$0000000E  c_w.l(libinit2.o)(c_w.l)
    0x08000208   0x00000000   Code   RO          689    .ARM.Collect$$libinit$$0000000F  c_w.l(libinit2.o)(c_w.l)
    0x08000208   0x00000000   Code   RO          691    .ARM.Collect$$libinit$$00000011  c_w.l(libinit2.o)(c_w.l)
    0x08000208   0x0000000a   Code   RO          692    .ARM.Collect$$libinit$$00000012  c_w.l(libinit2.o)(c_w.l)
    0x08000212   0x00000000   Code   RO          693    .ARM.Collect$$libinit$$00000013  c_w.l(libinit2.o)(c_w.l)
    0x08000212   0x00000000   Code   RO          695    .ARM.Collect$$libinit$$00000015  c_w.l(libinit2.o)(c_w.l)
    0x08000212   0x00000000   Code   RO          697    .ARM.Collect$$libinit$$00000017  c_w.l(libinit2.o)(c_w.l)
    0x08000212   0x00000000   Code   RO          699    .ARM.Collect$$libinit$$00000019  c_w.l(libinit2.o)(c_w.l)
    0x08000212   0x00000000   Code   RO          701    .ARM.Collect$$libinit$$0000001B  c_w.l(libinit2.o)(c_w.l)
    0x08000212   0x00000000   Code   RO          703    .ARM.Collect$$libinit$$0000001D  c_w.l(libinit2.o)(c_w.l)
    0x08000212   0x00000000   Code   RO          705    .ARM.Collect$$libinit$$0000001F  c_w.l(libinit2.o)(c_w.l)
    0x08000212   0x00000000   Code   RO          707    .ARM.Collect$$libinit$$00000021  c_w.l(libinit2.o)(c_w.l)
    0x08000212   0x00000000   Code   RO          711    .ARM.Collect$$libinit$$00000028  c_w.l(libinit2.o)(c_w.l)
    0x08000212   0x00000000   Code   RO          713    .ARM.Collect$$libinit$$0000002A  c_w.l(libinit2.o)(c_w.l)
    0x08000212   0x00000000   Code   RO          715    .ARM.Collect$$libinit$$0000002C  c_w.l(libinit2.o)(c_w.l)
    0x08000212   0x00000000   Code   RO          717    .ARM.Collect$$libinit$$0000002E  c_w.l(libinit2.o)(c_w.l)
    0x08000212   0x00000002   Code   RO          718    .ARM.Collect$$libinit$$0000002F  c_w.l(libinit2.o)(c_w.l)
    0x08000214   0x00000002   Code   RO          742    .ARM.Collect$$libshutdown$$00000000  c_w.l(libshutdown.o)(c_w.l)
    0x08000216   0x00000000   Code   RO          753    .ARM.Collect$$libshutdown$$00000003  c_w.l(libshutdown2.o)(c_w.l)
    0x08000216   0x00000000   Code   RO          756    .ARM.Collect$$libshutdown$$00000006  c_w.l(libshutdown2.o)(c_w.l)
    0x08000216   0x00000000   Code   RO          759    .ARM.Collect$$libshutdown$$00000009  c_w.l(libshutdown2.o)(c_w.l)
    0x08000216   0x00000000   Code   RO          761    .ARM.Collect$$libshutdown$$0000000B  c_w.l(libshutdown2.o)(c_w.l)
    0x08000216   0x00000000   Code   RO          764    .ARM.Collect$$libshutdown$$0000000E  c_w.l(libshutdown2.o)(c_w.l)
    0x08000216   0x00000002   Code   RO          765    .ARM.Collect$$libshutdown$$0000000F  c_w.l(libshutdown2.o)(c_w.l)
    0x08000218   0x00000000   Code   RO          531    .ARM.Collect$$rtentry$$00000000  c_w.l(rtentry.o)(c_w.l)
    0x08000218   0x00000000   Code   RO          582    .ARM.Collect$$rtentry$$00000002  c_w.l(rtentry2.o)(c_w.l)
    0x08000218   0x00000006   Code   RO          597    .ARM.Collect$$rtentry$$00000004  c_w.l(rtentry4.o)(c_w.l)
    0x0800021e   0x00000000   Code   RO          584    .ARM.Collect$$rtentry$$00000009  c_w.l(rtentry2.o)(c_w.l)
    0x0800021e   0x00000004   Code   RO          585    .ARM.Collect$$rtentry$$0000000A  c_w.l(rtentry2.o)(c_w.l)
    0x08000222   0x00000000   Code   RO          587    .ARM.Collect$$rtentry$$0000000C  c_w.l(rtentry2.o)(c_w.l)
    0x08000222   0x00000008   Code   RO          588    .ARM.Collect$$rtentry$$0000000D  c_w.l(rtentry2.o)(c_w.l)
    0x0800022a   0x00000002   Code   RO          671    .ARM.Collect$$rtexit$$00000000  c_w.l(rtexit.o)(c_w.l)
    0x0800022c   0x00000000   Code   RO          722    .ARM.Collect$$rtexit$$00000002  c_w.l(rtexit2.o)(c_w.l)
    0x0800022c   0x00000004   Code   RO          723    .ARM.Collect$$rtexit$$00000003  c_w.l(rtexit2.o)(c_w.l)
    0x08000230   0x00000006   Code   RO          724    .ARM.Collect$$rtexit$$00000004  c_w.l(rtexit2.o)(c_w.l)
    0x08000236   0x00000002   PAD
    0x08000238   0x000007f8   Code   RO            1    .text               main.o
    0x08000a30   0x0000001a   Code   RO          142    .text               stm32f10x_it.o
    0x08000a4a   0x00000002   PAD
    0x08000a4c   0x000001d0   Code   RO          183    .text               system_stm32f10x.o
    0x08000c1c   0x000000fc   Code   RO          201    .text               key.o
    0x08000d18   0x0000009c   Code   RO          214    .text               led.o
    0x08000db4   0x000002f0   Code   RO          226    .text               usart2.o
    0x080010a4   0x000001a0   Code   RO          252    .text               usart3.o
    0x08001244   0x000002fc   Code   RO          271    .text               lcd5110.o
    0x08001540   0x000000c4   Code   RO          296    .text               delay.o
    0x08001604   0x0000000c   Code   RO          310    .text               sys.o
    0x08001610   0x00000148   Code   RO          322    .text               usart.o
    0x08001758   0x00000040   Code   RO          359    .text               startup_stm32f10x_md.o
    0x08001798   0x000000f8   Code   RO          363    .text               misc.o
    0x08001890   0x00000358   Code   RO          375    .text               stm32f10x_gpio.o
    0x08001be8   0x000003ac   Code   RO          387    .text               stm32f10x_rcc.o
    0x08001f94   0x0000040c   Code   RO          401    .text               stm32f10x_usart.o
    0x080023a0   0x00000dae   Code   RO          413    .text               stm32f10x_tim.o
    0x0800314e   0x00000002   PAD
    0x08003150   0x00000248   Code   RO          425    .text               stm32f10x_dma.o
    0x08003398   0x000001fc   Code   RO          437    .text               sim800c.o
    0x08003594   0x00000002   Code   RO          457    .text               c_w.l(use_no_semi_2.o)(c_w.l)
    0x08003596   0x00000002   PAD
    0x08003598   0x00000024   Code   RO          459    .text               c_w.l(c89vsprintf.o)(c_w.l)
    0x080035bc   0x00000018   Code   RO          461    .text               c_w.l(__2printf.o)(c_w.l)
    0x080035d4   0x00000050   Code   RO          467    .text               c_w.l(_printf_pad.o)(c_w.l)
    0x08003624   0x00000052   Code   RO          469    .text               c_w.l(_printf_str.o)(c_w.l)
    0x08003676   0x00000002   PAD
    0x08003678   0x00000074   Code   RO          471    .text               c_w.l(_printf_dec.o)(c_w.l)
    0x080036ec   0x0000002a   Code   RO          473    .text               c_w.l(_printf_charcount.o)(c_w.l)
    0x08003716   0x00000002   PAD
    0x08003718   0x0000009c   Code   RO          493    .text               c_w.l(_printf_hex_int_ll_ptr.o)(c_w.l)
    0x080037b4   0x0000019c   Code   RO          511    .text               c_w.l(__printf_flags_ss_wp.o)(c_w.l)
    0x08003950   0x00000024   Code   RO          519    .text               c_w.l(strstr.o)(c_w.l)
    0x08003974   0x0000003e   Code   RO          521    .text               c_w.l(strlen.o)(c_w.l)
    0x080039b2   0x00000056   Code   RO          523    .text               c_w.l(strncpy.o)(c_w.l)
    0x08003a08   0x00000006   Code   RO          525    .text               c_w.l(heapauxi.o)(c_w.l)
    0x08003a0e   0x00000002   Code   RO          529    .text               c_w.l(use_no_semi.o)(c_w.l)
    0x08003a10   0x00000024   Code   RO          533    .text               c_w.l(_printf_truncate.o)(c_w.l)
    0x08003a34   0x000000b4   Code   RO          535    .text               c_w.l(_printf_intcommon.o)(c_w.l)
    0x08003ae8   0x00000030   Code   RO          537    .text               c_w.l(_printf_char_common.o)(c_w.l)
    0x08003b18   0x0000000a   Code   RO          539    .text               c_w.l(_sputc.o)(c_w.l)
    0x08003b22   0x0000002c   Code   RO          541    .text               c_w.l(_printf_char.o)(c_w.l)
    0x08003b4e   0x00000002   PAD
    0x08003b50   0x00000024   Code   RO          543    .text               c_w.l(_printf_char_file.o)(c_w.l)
    0x08003b74   0x000000bc   Code   RO          545    .text               c_w.l(_printf_wctomb.o)(c_w.l)
    0x08003c30   0x00000078   Code   RO          548    .text               c_w.l(_printf_longlong_dec.o)(c_w.l)
    0x08003ca8   0x00000078   Code   RO          554    .text               c_w.l(_printf_oct_int_ll.o)(c_w.l)
    0x08003d20   0x00000044   Code   RO          575    .text               c_w.l(rt_memclr.o)(c_w.l)
    0x08003d64   0x00000010   Code   RO          577    .text               c_w.l(rtudiv10.o)(c_w.l)
    0x08003d74   0x0000008a   Code   RO          599    .text               c_w.l(lludiv10.o)(c_w.l)
    0x08003dfe   0x0000040e   Code   RO          601    .text               c_w.l(_printf_fp_dec.o)(c_w.l)
    0x0800420c   0x0000002c   Code   RO          605    .text               c_w.l(_printf_wchar.o)(c_w.l)
    0x08004238   0x00000008   Code   RO          607    .text               c_w.l(ferror.o)(c_w.l)
    0x08004240   0x00000040   Code   RO          611    .text               c_w.l(_wcrtomb.o)(c_w.l)
    0x08004280   0x0000004e   Code   RO          613    .text               c_w.l(rt_memclr_w.o)(c_w.l)
    0x080042ce   0x0000004a   Code   RO          615    .text               c_w.l(sys_stackheap_outer.o)(c_w.l)
    0x08004318   0x00000010   Code   RO          617    .text               c_w.l(rt_ctype_table.o)(c_w.l)
    0x08004328   0x0000000c   Code   RO          622    .text               c_w.l(rt_locale_intlibspace.o)(c_w.l)
    0x08004334   0x0000007c   Code   RO          624    .text               c_w.l(_printf_fp_infnan.o)(c_w.l)
    0x080043b0   0x000000ec   Code   RO          626    .text               c_w.l(bigflt0.o)(c_w.l)
    0x0800449c   0x0000000c   Code   RO          654    .text               c_w.l(exit.o)(c_w.l)
    0x080044a8   0x00000008   Code   RO          668    .text               c_w.l(libspace.o)(c_w.l)
    0x080044b0   0x00000080   Code   RO          676    .text               c_w.l(strcmpv7m.o)(c_w.l)
    0x08004530   0x0000000c   Code   RO          732    .text               c_w.l(rt_fp_status_addr_intlibspace.o)(c_w.l)
    0x0800453c   0x0000003e   Code   RO          629    CL$$btod_d2e        c_w.l(btod.o)(c_w.l)
    0x0800457a   0x00000046   Code   RO          631    CL$$btod_d2e_denorm_low  c_w.l(btod.o)(c_w.l)
    0x080045c0   0x00000060   Code   RO          630    CL$$btod_d2e_norm_op1  c_w.l(btod.o)(c_w.l)
    0x08004620   0x00000338   Code   RO          639    CL$$btod_div_common  c_w.l(btod.o)(c_w.l)
    0x08004958   0x000000c6   Code   RO          636    CL$$btod_e2e        c_w.l(btod.o)(c_w.l)
    0x08004a1e   0x00000028   Code   RO          633    CL$$btod_ediv       c_w.l(btod.o)(c_w.l)
    0x08004a46   0x00000028   Code   RO          632    CL$$btod_emul       c_w.l(btod.o)(c_w.l)
    0x08004a6e   0x00000244   Code   RO          638    CL$$btod_mult_common  c_w.l(btod.o)(c_w.l)
    0x08004cb2   0x00000028   Code   RO          666    i.__ARM_fpclassify  m_ws.l(fpclassify.o)(m_ws.l)
    0x08004cda   0x00000002   PAD
    0x08004cdc   0x0000002c   Code   RO          652    locale$$code        c_w.l(lc_numeric_c.o)(c_w.l)
    0x08004d08   0x0000002c   Code   RO          674    locale$$code        c_w.l(lc_ctype_c.o)(c_w.l)
    0x08004d34   0x0000000e   Code   RO          719    x$fpl$fpinit        fz_ws.l(fpinit.o)(fz_ws.l)
    0x08004d42   0x00000004   Code   RO          579    x$fpl$printf1       fz_ws.l(printf1.o)(fz_ws.l)
    0x08004d46   0x00000000   Code   RO          665    x$fpl$usenofp       fz_ws.l(usenofp.o)(fz_ws.l)
    0x08004d46   0x00000420   Data   RO          273    .constdata          lcd5110.o
    0x08005166   0x00000028   Data   RO          494    .constdata          c_w.l(_printf_hex_int_ll_ptr.o)(c_w.l)
    0x0800518e   0x00000011   Data   RO          512    .constdata          c_w.l(__printf_flags_ss_wp.o)(c_w.l)
    0x0800519f   0x00000001   PAD
    0x080051a0   0x00000008   Data   RO          546    .constdata          c_w.l(_printf_wctomb.o)(c_w.l)
    0x080051a8   0x00000094   Data   RO          627    .constdata          c_w.l(bigflt0.o)(c_w.l)
    0x0800523c   0x00000020   Data   RO          796    Region$$Table       anon$$obj.o
    0x0800525c   0x0000001c   Data   RO          651    locale$$data        c_w.l(lc_numeric_c.o)(c_w.l)
    0x08005278   0x00000110   Data   RO          673    locale$$data        c_w.l(lc_ctype_c.o)(c_w.l)


    Execution Region RW_IRAM1 (Base: 0x20000000, Size: 0x000013c0, Max: 0x00005000, ABSOLUTE)

    Base Addr    Size         Type   Attr      Idx    E Section Name        Object

    0x20000000   0x00000014   Data   RW          184    .data               system_stm32f10x.o
    0x20000014   0x00000001   Data   RW          202    .data               key.o
    0x20000015   0x00000001   PAD
    0x20000016   0x00000003   Data   RW          228    .data               usart2.o
    0x20000019   0x00000001   PAD
    0x2000001a   0x00000002   Data   RW          254    .data               usart3.o
    0x2000001c   0x00000004   Data   RW          297    .data               delay.o
    0x20000020   0x00000008   Data   RW          324    .data               usart.o
    0x20000028   0x00000014   Data   RW          388    .data               stm32f10x_rcc.o
    0x2000003c   0x00000002   Data   RW          438    .data               sim800c.o
    0x2000003e   0x00000002   PAD
    0x20000040   0x00000163   Zero   RW            2    .bss                main.o
    0x200001a3   0x00000005   PAD
    0x200001a8   0x00000800   Zero   RW          227    .bss                usart2.o
    0x200009a8   0x000000c8   Zero   RW          253    .bss                usart3.o
    0x20000a70   0x00000224   Zero   RW          272    .bss                lcd5110.o
    0x20000c94   0x000000c8   Zero   RW          323    .bss                usart.o
    0x20000d5c   0x00000060   Zero   RW          669    .bss                c_w.l(libspace.o)(c_w.l)
    0x20000dbc   0x00000004   PAD
    0x20000dc0   0x00000200   Zero   RW          357    HEAP                startup_stm32f10x_md.o
    0x20000fc0   0x00000400   Zero   RW          356    STACK               startup_stm32f10x_md.o


==============================================================================

Image component sizes


      Code (inc. data)   RO Data    RW Data    ZI Data      Debug   Object Name

         0          0          0          0          0          0   core_cm3.o
       196         16          0          4          0          0   delay.o
       252         16          0          1          0          0   key.o
       764         26       1056          0        548          0   lcd5110.o
       156         14          0          0          0          0   led.o
      2040        562          0          0        355          0   main.o
       248         30          0          0          0          0   misc.o
       508         42          0          2          0          0   sim800c.o
        64         26        236          0       1536          0   startup_stm32f10x_md.o
       584         20          0          0          0          0   stm32f10x_dma.o
       856         40          0          0          0          0   stm32f10x_gpio.o
        26          0          0          0          0          0   stm32f10x_it.o
       940         60          0         20          0          0   stm32f10x_rcc.o
      3502         86          0          0          0          0   stm32f10x_tim.o
      1036         20          0          0          0          0   stm32f10x_usart.o
        12          0          0          0          0          0   sys.o
       464         44          0         20          0          0   system_stm32f10x.o
       328         22          0          8        200          0   usart.o
       752         46          0          3       2048          0   usart2.o
       416         22          0          2        200          0   usart3.o

    ----------------------------------------------------------------------
     13148       1092       1324         64       4892          0   Object Totals
         0          0         32          0          0          0   (incl. Generated)
         4          0          0          4          5          0   (incl. Padding)

    ----------------------------------------------------------------------

      Code (inc. data)   RO Data    RW Data    ZI Data      Debug   Library Member Name

        24          4          0          0          0          0   __2printf.o
         8          0          0          0          0          0   __main.o
       412          6         17          0          0          0   __printf_flags_ss_wp.o
        52          8          0          0          0          0   __scatter.o
        26          0          0          0          0          0   __scatter_copy.o
        28          0          0          0          0          0   __scatter_zi.o
         6          0          0          0          0          0   _printf_a.o
         6          0          0          0          0          0   _printf_c.o
        44          0          0          0          0          0   _printf_char.o
        48          6          0          0          0          0   _printf_char_common.o
        36          4          0          0          0          0   _printf_char_file.o
        42          0          0          0          0          0   _printf_charcount.o
         6          0          0          0          0          0   _printf_d.o
       116         18          0          0          0          0   _printf_dec.o
         6          0          0          0          0          0   _printf_e.o
         6          0          0          0          0          0   _printf_f.o
      1038          0          0          0          0          0   _printf_fp_dec.o
       124         16          0          0          0          0   _printf_fp_infnan.o
         6          0          0          0          0          0   _printf_g.o
       156          6         40          0          0          0   _printf_hex_int_ll_ptr.o
         6          0          0          0          0          0   _printf_i.o
       180          0          0          0          0          0   _printf_intcommon.o
        10          0          0          0          0          0   _printf_l.o
         6          0          0          0          0          0   _printf_lc.o
        10          0          0          0          0          0   _printf_ll.o
         6          0          0          0          0          0   _printf_lld.o
         6          0          0          0          0          0   _printf_lli.o
         6          0          0          0          0          0   _printf_llo.o
         6          0          0          0          0          0   _printf_llu.o
         6          0          0          0          0          0   _printf_llx.o
       120         16          0          0          0          0   _printf_longlong_dec.o
         6          0          0          0          0          0   _printf_ls.o
         6          0          0          0          0          0   _printf_n.o
         6          0          0          0          0          0   _printf_o.o
       120          8          0          0          0          0   _printf_oct_int_ll.o
         6          0          0          0          0          0   _printf_p.o
        80          0          0          0          0          0   _printf_pad.o
         0          0          0          0          0          0   _printf_percent.o
         4          0          0          0          0          0   _printf_percent_end.o
         6          0          0          0          0          0   _printf_s.o
        82          0          0          0          0          0   _printf_str.o
        36          0          0          0          0          0   _printf_truncate.o
         6          0          0          0          0          0   _printf_u.o
        44          0          0          0          0          0   _printf_wchar.o
       188          6          8          0          0          0   _printf_wctomb.o
         6          0          0          0          0          0   _printf_x.o
        10          0          0          0          0          0   _sputc.o
        64          0          0          0          0          0   _wcrtomb.o
       236          6        148          0          0          0   bigflt0.o
      1910        128          0          0          0          0   btod.o
        36          4          0          0          0          0   c89vsprintf.o
        12          0          0          0          0          0   exit.o
         8          0          0          0          0          0   ferror.o
         6          0          0          0          0          0   heapauxi.o
        44         10        272          0          0          0   lc_ctype_c.o
        44         10         28          0          0          0   lc_numeric_c.o
         6          0          0          0          0          0   libinit.o
        30          0          0          0          0          0   libinit2.o
         2          0          0          0          0          0   libshutdown.o
         2          0          0          0          0          0   libshutdown2.o
         8          4          0          0         96          0   libspace.o
       138          0          0          0          0          0   lludiv10.o
        16          4          0          0          0          0   rt_ctype_table.o
        12          4          0          0          0          0   rt_fp_status_addr_intlibspace.o
        12          4          0          0          0          0   rt_locale_intlibspace.o
        68          0          0          0          0          0   rt_memclr.o
        78          0          0          0          0          0   rt_memclr_w.o
         0          0          0          0          0          0   rtentry.o
        12          0          0          0          0          0   rtentry2.o
         6          0          0          0          0          0   rtentry4.o
         2          0          0          0          0          0   rtexit.o
        10          0          0          0          0          0   rtexit2.o
        16          0          0          0          0          0   rtudiv10.o
       128          0          0          0          0          0   strcmpv7m.o
        62          0          0          0          0          0   strlen.o
        86          0          0          0          0          0   strncpy.o
        36          0          0          0          0          0   strstr.o
        74          0          0          0          0          0   sys_stackheap_outer.o
         2          0          0          0          0          0   use_no_semi.o
         2          0          0          0          0          0   use_no_semi_2.o
        14          0          0          0          0          0   fpinit.o
         4          0          0          0          0          0   printf1.o
         0          0          0          0          0          0   usenofp.o
        40          0          0          0          0          0   fpclassify.o

    ----------------------------------------------------------------------
      6398        272        514          0        100          0   Library Totals
        14          0          1          0          4          0   (incl. Padding)

    ----------------------------------------------------------------------

      Code (inc. data)   RO Data    RW Data    ZI Data      Debug   Library Name

      6326        272        513          0         96       4460   c_w.l
        18          0          0          0          0        144   fz_ws.l
        40          0          0          0          0         68   m_ws.l

    ----------------------------------------------------------------------
      6398        272        514          0        100          0   Library Totals

    ----------------------------------------------------------------------

==============================================================================


      Code (inc. data)   RO Data    RW Data    ZI Data      Debug   

     19546       1364       1838         64       4992     345176   Grand Totals
     19546       1364       1838         64       4992     345176   ELF Image Totals
     19546       1364       1838         64          0          0   ROM Totals

==============================================================================

    Total RO  Size (Code + RO Data)                21384 (  20.88kB)
    Total RW  Size (RW Data + ZI Data)              5056 (   4.94kB)
    Total ROM Size (Code + RO Data + RW Data)      21448 (  20.95kB)

==============================================================================

