Component: ARM Compiler 5.05 update 2 (build 169) Tool: armlink [4d0f33]

==============================================================================

Section Cross References

    main.o(.text) refers to _printf_percent.o(.ARM.Collect$$_printf_percent$$00000000) for _printf_percent
    main.o(.text) refers to _printf_d.o(.ARM.Collect$$_printf_percent$$00000009) for _printf_d
    main.o(.text) refers to _printf_dec.o(.text) for _printf_int_dec
    main.o(.text) refers to _printf_s.o(.ARM.Collect$$_printf_percent$$00000014) for _printf_s
    main.o(.text) refers to _printf_str.o(.text) for _printf_str
    main.o(.text) refers to mc20.o(.text) for MC20_send_cmd
    main.o(.text) refers to delay.o(.text) for delay_ms
    main.o(.text) refers to lcd5110.o(.text) for LCD_Clear
    main.o(.text) refers to __2printf.o(.text) for __2printf
    main.o(.text) refers to sys.o(.text) for NVIC_Configuration
    main.o(.text) refers to usart.o(.text) for uart_init
    main.o(.text) refers to led.o(.text) for LED_Init
    main.o(.text) refers to stm32f10x_gpio.o(.text) for GPIO_WriteBit
    main.o(.text) refers to usart2.o(.text) for USART2_Init
    main.o(.text) refers to usart3.o(.text) for uart3_init
    main.o(.text) refers to c89printf.o(.text) for __c89printf
    main.o(.text) refers to strlen.o(.text) for strlen
    main.o(.text) refers to strncpy.o(.text) for strncpy
    main.o(.text) refers to atoi.o(.text) for atoi
    main.o(.text) refers to __2sprintf.o(.text) for __2sprintf
    main.o(.text) refers to usart2.o(.data) for USART2_RX_STA
    main.o(.text) refers to main.o(.conststring) for .conststring
    main.o(.text) refers to usart3.o(.data) for USART3_RX_STA
    main.o(.text) refers to usart3.o(.bss) for USART3_RX_BUF
    main.o(.text) refers to main.o(.bss) for HTTPPostData
    main.o(.text) refers to usart2.o(.bss) for USART2_RX_BUF
    main.o(.text) refers to main.o(.data) for latNum
    main.o(.text) refers to strcat.o(.text) for strcat
    main.o(.text) refers to strcpy.o(.text) for strcpy
    system_stm32f10x.o(.text) refers to system_stm32f10x.o(.data) for SystemCoreClock
    key.o(.text) refers to stm32f10x_rcc.o(.text) for RCC_APB2PeriphClockCmd
    key.o(.text) refers to stm32f10x_gpio.o(.text) for GPIO_PinRemapConfig
    key.o(.text) refers to delay.o(.text) for delay_ms
    key.o(.text) refers to key.o(.data) for key_up
    led.o(.text) refers to stm32f10x_rcc.o(.text) for RCC_APB2PeriphClockCmd
    led.o(.text) refers to stm32f10x_gpio.o(.text) for GPIO_Init
    usart2.o(.text) refers to stm32f10x_tim.o(.text) for TIM_SetCounter
    usart2.o(.text) refers to stm32f10x_usart.o(.text) for USART_GetITStatus
    usart2.o(.text) refers to stm32f10x_rcc.o(.text) for RCC_APB1PeriphClockCmd
    usart2.o(.text) refers to misc.o(.text) for NVIC_Init
    usart2.o(.text) refers to stm32f10x_dma.o(.text) for DMA_DeInit
    usart2.o(.text) refers to stm32f10x_gpio.o(.text) for GPIO_Init
    usart2.o(.text) refers to c89vsprintf.o(.text) for __c89vsprintf
    usart2.o(.text) refers to strlen.o(.text) for strlen
    usart2.o(.text) refers to usart2.o(.data) for USART2_RX_STA
    usart2.o(.text) refers to usart2.o(.bss) for USART2_RX_BUF
    usart2.o(.text) refers to mc20.o(.data) for Scan_Wtime
    usart3.o(.text) refers to stm32f10x_rcc.o(.text) for RCC_APB1PeriphClockCmd
    usart3.o(.text) refers to stm32f10x_usart.o(.text) for USART_DeInit
    usart3.o(.text) refers to stm32f10x_gpio.o(.text) for GPIO_Init
    usart3.o(.text) refers to misc.o(.text) for NVIC_Init
    usart3.o(.text) refers to usart3.o(.data) for USART3_RX_STA
    usart3.o(.text) refers to usart3.o(.bss) for USART3_RX_BUF
    lcd5110.o(.text) refers to stm32f10x_gpio.o(.text) for GPIO_ResetBits
    lcd5110.o(.text) refers to stm32f10x_rcc.o(.text) for RCC_APB2PeriphClockCmd
    lcd5110.o(.text) refers to delay.o(.text) for delay_ms
    lcd5110.o(.text) refers to stm32f10x_dma.o(.text) for DMA_GetCurrDataCounter
    lcd5110.o(.text) refers to lcd5110.o(.constdata) for Font6x8
    lcd5110.o(.text) refers to lcd5110.o(.bss) for lcd_buf
    delay.o(.text) refers to misc.o(.text) for SysTick_CLKSourceConfig
    delay.o(.text) refers to system_stm32f10x.o(.data) for SystemCoreClock
    delay.o(.text) refers to delay.o(.data) for fac_us
    sys.o(.text) refers to misc.o(.text) for NVIC_PriorityGroupConfig
    usart.o(.text) refers (Special) to use_no_semi_2.o(.text) for __use_no_semihosting
    usart.o(.text) refers to stm32f10x_rcc.o(.text) for RCC_APB2PeriphClockCmd
    usart.o(.text) refers to stm32f10x_usart.o(.text) for USART_DeInit
    usart.o(.text) refers to stm32f10x_gpio.o(.text) for GPIO_Init
    usart.o(.text) refers to misc.o(.text) for NVIC_Init
    usart.o(.text) refers to usart.o(.data) for USART_RX_STA
    usart.o(.text) refers to usart.o(.bss) for USART_RX_BUF
    usart.o(.bss) refers (Special) to use_no_semi_2.o(.text) for __use_no_semihosting
[...]
    .text                                    0x08000c18   Section        0  system_stm32f10x.o(.text)
    SetSysClockTo72                          0x08000c19   Thumb Code   214  system_stm32f10x.o(.text)
    SetSysClock                              0x08000cef   Thumb Code     8  system_stm32f10x.o(.text)
    .text                                    0x08000e00   Section        0  key.o(.text)
    .text                                    0x08000efc   Section        0  led.o(.text)
    .text                                    0x08000f98   Section        0  usart2.o(.text)
    .text                                    0x0800127c   Section        0  usart3.o(.text)
    Usart_SendByte                           0x0800139b   Thumb Code    30  usart3.o(.text)
    .text                                    0x0800141c   Section        0  lcd5110.o(.text)
    .text                                    0x08001718   Section        0  delay.o(.text)
    .text                                    0x080017ec   Section        0  sys.o(.text)
    .text                                    0x080017f8   Section        0  usart.o(.text)
    .text                                    0x08001940   Section       64  startup_stm32f10x_md.o(.text)
    .text                                    0x08001980   Section        0  misc.o(.text)
    .text                                    0x08001a5c   Section        0  stm32f10x_gpio.o(.text)
    .text                                    0x08001db8   Section        0  stm32f10x_rcc.o(.text)
    .text                                    0x08002164   Section        0  stm32f10x_usart.o(.text)
    .text                                    0x0800256c   Section        0  stm32f10x_tim.o(.text)
    TI4_Config                               0x08002a13   Thumb Code   130  stm32f10x_tim.o(.text)
    TI3_Config                               0x08002aa7   Thumb Code   122  stm32f10x_tim.o(.text)
    TI2_Config                               0x08002b3b   Thumb Code   130  stm32f10x_tim.o(.text)
    TI1_Config                               0x08002bcf   Thumb Code   108  stm32f10x_tim.o(.text)
    .text                                    0x08003388   Section        0  stm32f10x_dma.o(.text)
    .text                                    0x080035dc   Section        0  mc20.o(.text)
    .text                                    0x080037d8   Section        2  use_no_semi_2.o(.text)
    .text                                    0x080037dc   Section        0  c89printf.o(.text)
    .text                                    0x080037f4   Section        0  c89vsprintf.o(.text)
    .text                                    0x08003818   Section        0  __2printf.o(.text)
    .text                                    0x08003830   Section        0  __2sprintf.o(.text)
    .text                                    0x0800385c   Section        0  _printf_str.o(.text)
    .text                                    0x080038b0   Section        0  _printf_dec.o(.text)
    .text                                    0x08003928   Section        0  __printf_flags_ss_wp.o(.text)
    .text                                    0x08003ab0   Section        0  atoi.o(.text)
    .text                                    0x08003aca   Section        0  strstr.o(.text)
    .text                                    0x08003aee   Section        0  strcpy.o(.text)
    .text                                    0x08003b36   Section        0  strlen.o(.text)
    .text                                    0x08003b74   Section        0  strcat.o(.text)
    .text                                    0x08003b8c   Section       86  strncpy.o(.text)
    .text                                    0x08003be2   Section        0  heapauxi.o(.text)
    .text                                    0x08003be8   Section        2  use_no_semi.o(.text)
    .text                                    0x08003bec   Section        8  rt_errno_addr_intlibspace.o(.text)
    .text                                    0x08003bf4   Section        0  _printf_pad.o(.text)
    .text                                    0x08003c42   Section        0  _printf_truncate.o(.text)
    .text                                    0x08003c66   Section        0  _printf_intcommon.o(.text)
    .text                                    0x08003d18   Section        0  _printf_charcount.o(.text)
    .text                                    0x08003d40   Section        0  _printf_char_common.o(.text)
    _printf_input_char                       0x08003d41   Thumb Code    10  _printf_char_common.o(.text)
    .text                                    0x08003d70   Section        0  _sputc.o(.text)
    .text                                    0x08003d7a   Section        0  _printf_char.o(.text)
    .text                                    0x08003da8   Section        0  _printf_char_file.o(.text)
    .text                                    0x08003dcc   Section        0  _printf_wctomb.o(.text)
    .text                                    0x08003e88   Section        0  _printf_longlong_dec.o(.text)
    .text                                    0x08003f04   Section        0  _printf_oct_int_ll.o(.text)
    _printf_longlong_oct_internal            0x08003f05   Thumb Code     0  _printf_oct_int_ll.o(.text)
    .text                                    0x08003f74   Section        0  _printf_hex_int_ll_ptr.o(.text)
    _printf_hex_common                       0x08003f75   Thumb Code     0  _printf_hex_int_ll_ptr.o(.text)
    .text                                    0x08004008   Section        0  strtol.o(.text)
    .text                                    0x08004078   Section       68  rt_memclr.o(.text)
    .text                                    0x080040bc   Section        8  libspace.o(.text)
    .text                                    0x080040c4   Section       16  rt_ctype_table.o(.text)
    .text                                    0x080040d4   Section      138  lludiv10.o(.text)
    .text                                    0x0800415e   Section        0  _printf_fp_dec.o(.text)
    _fp_digits                               0x08004161   Thumb Code   428  _printf_fp_dec.o(.text)
    .text                                    0x08004578   Section        0  _printf_wchar.o(.text)
    .text                                    0x080045a4   Section        0  _strtoul.o(.text)
    .text                                    0x08004642   Section        0  ferror.o(.text)
    .text                                    0x0800464a   Section        0  _wcrtomb.o(.text)
    .text                                    0x0800468a   Section       78  rt_memclr_w.o(.text)
    .text                                    0x080046d8   Section       74  sys_stackheap_outer.o(.text)
    .text                                    0x08004724   Section        8  rt_locale_intlibspace.o(.text)
    .text                                    0x0800472c   Section        0  _printf_fp_infnan.o(.text)
    .text                                    0x080047ac   Section        0  _chval.o(.text)
    .text                                    0x080047c8   Section        0  bigflt0.o(.text)
    .text                                    0x080048a4   Section        0  exit.o(.text)
    .text                                    0x080048b0   Section      128  strcmpv7m.o(.text)
    CL$$btod_d2e                             0x08004930   Section       62  btod.o(CL$$btod_d2e)
    CL$$btod_d2e_denorm_low                  0x0800496e   Section       70  btod.o(CL$$btod_d2e_denorm_low)
    CL$$btod_d2e_norm_op1                    0x080049b4   Section       96  btod.o(CL$$btod_d2e_norm_op1)
    CL$$btod_div_common                      0x08004a14   Section      824  btod.o(CL$$btod_div_common)
    CL$$btod_e2e                             0x08004d4c   Section      198  btod.o(CL$$btod_e2e)
    CL$$btod_ediv                            0x08004e12   Section       40  btod.o(CL$$btod_ediv)
    CL$$btod_emul                            0x08004e3a   Section       40  btod.o(CL$$btod_emul)
    CL$$btod_mult_common                     0x08004e62   Section      580  btod.o(CL$$btod_mult_common)
    i.__ARM_fpclassify                       0x080050a6   Section        0  fpclassify.o(i.__ARM_fpclassify)
    i._is_digit                              0x080050ce   Section        0  __printf_wp.o(i._is_digit)
    locale$$code                             0x080050dc   Section       44  lc_ctype_c.o(locale$$code)
    locale$$code                             0x08005108   Section       44  lc_numeric_c.o(locale$$code)
    x$fpl$printf1                            0x08005134   Section        4  printf1.o(x$fpl$printf1)
    .constdata                               0x08005138   Section     1056  lcd5110.o(.constdata)
    x$fpl$usenofp                            0x08005138   Section        0  usenofp.o(x$fpl$usenofp)
    .constdata                               0x08005558   Section       17  __printf_flags_ss_wp.o(.constdata)
    maptable                                 0x08005558   Data          17  __printf_flags_ss_wp.o(.constdata)
    .constdata                               0x0800556c   Section        8  _printf_wctomb.o(.constdata)
    initial_mbstate                          0x0800556c   Data           8  _printf_wctomb.o(.constdata)
    .constdata                               0x08005574   Section       40  _printf_hex_int_ll_ptr.o(.constdata)
    uc_hextab                                0x08005574   Data          20  _printf_hex_int_ll_ptr.o(.constdata)
    lc_hextab                                0x08005588   Data          20  _printf_hex_int_ll_ptr.o(.constdata)
    .constdata                               0x0800559c   Section      148  bigflt0.o(.constdata)
    tenpwrs_x                                0x0800559c   Data          60  bigflt0.o(.constdata)
    tenpwrs_i                                0x080055d8   Data          64  bigflt0.o(.constdata)
    .conststring                             0x08005630   Section      104  main.o(.conststring)
    locale$$data                             0x080056b8   Section      272  lc_ctype_c.o(locale$$data)
    __lcctype_c_name                         0x080056bc   Data           2  lc_ctype_c.o(locale$$data)
    __lcctype_c_start                        0x080056c4   Data           0  lc_ctype_c.o(locale$$data)
    locale$$data                             0x080057c8   Section       28  lc_numeric_c.o(locale$$data)
    __lcctype_c_end                          0x080057c8   Data           0  lc_ctype_c.o(locale$$data)
    __lcnum_c_name                           0x080057cc   Data           2  lc_numeric_c.o(locale$$data)
    __lcnum_c_start                          0x080057d4   Data           0  lc_numeric_c.o(locale$$data)
    __lcnum_c_point                          0x080057e0   Data           0  lc_numeric_c.o(locale$$data)
    __lcnum_c_thousands                      0x080057e2   Data           0  lc_numeric_c.o(locale$$data)
    __lcnum_c_grouping                       0x080057e3   Data           0  lc_numeric_c.o(locale$$data)
    __lcnum_c_end                            0x080057e4   Data           0  lc_numeric_c.o(locale$$data)
    .data                                    0x20000000   Section        8  main.o(.data)
    .data                                    0x20000008   Section       20  system_stm32f10x.o(.data)
    .data                                    0x2000001c   Section        1  key.o(.data)
    key_up                                   0x2000001c   Data           1  key.o(.data)
    .data                                    0x2000001e   Section        3  usart2.o(.data)
    i                                        0x20000020   Data           1  usart2.o(.data)
    .data                                    0x20000022   Section        2  usart3.o(.data)
    .data                                    0x20000024   Section        4  delay.o(.data)
    fac_us                                   0x20000024   Data           1  delay.o(.data)
    fac_ms                                   0x20000026   Data           2  delay.o(.data)
    .data                                    0x20000028   Section        6  usart.o(.data)
    .data                                    0x2000002e   Section       20  stm32f10x_rcc.o(.data)
    APBAHBPrescTable                         0x2000002e   Data          16  stm32f10x_rcc.o(.data)
    ADCPrescTable                            0x2000003e   Data           4  stm32f10x_rcc.o(.data)
    .data                                    0x20000042   Section        2  mc20.o(.data)
    .bss                                     0x20000044   Section      728  main.o(.bss)
    .bss                                     0x20000320   Section     2048  usart2.o(.bss)
    .bss                                     0x20000b20   Section      200  usart3.o(.bss)
    .bss                                     0x20000be8   Section      548  lcd5110.o(.bss)
    lcd_buf                                  0x20000be8   Data         504  lcd5110.o(.bss)
    .bss                                     0x20000e0c   Section      200  usart.o(.bss)
    .bss                                     0x20000ed4   Section       96  libspace.o(.bss)
    HEAP                                     0x20000f38   Section      512  startup_stm32f10x_md.o(HEAP)
    Heap_Mem                                 0x20000f38   Data         512  startup_stm32f10x_md.o(HEAP)
    STACK                                    0x20001138   Section     1024  startup_stm32f10x_md.o(STACK)
    Stack_Mem                                0x20001138   Data        1024  startup_stm32f10x_md.o(STACK)
    __initial_sp                             0x20001538   Data           0  startup_stm32f10x_md.o(STACK)

    Global Symbols

    Symbol Name                              Value     Ov Type        Size  Object(Section)

    BuildAttributes$$THM_ISAv4$P$D$K$B$S$PE$A:L22UL41UL21$X:L11$S22US41US21$IEEE1$IW$USESV6$~STKCKD$USESV7$~SHL$OTIME$ROPI$IEEEJ$EBA8$UX$STANDARDLIB$REQ8$PRES8$EABIv2 0x00000000   Number         0  anon$$obj.o ABSOLUTE
    __ARM_use_no_argv                        0x00000000   Number         0  main.o ABSOLUTE
    _printf_flags                            0x00000000   Number         0  printf_stubs.o ABSOLUTE
    _printf_return_value                     0x00000000   Number         0  printf_stubs.o ABSOLUTE
    _printf_sizespec                         0x00000000   Number         0  printf_stubs.o ABSOLUTE
    _printf_widthprec                        0x00000000   Number         0  printf_stubs.o ABSOLUTE
    __ARM_exceptions_init                     - Undefined Weak Reference
    __alloca_initialize                       - Undefined Weak Reference
    __arm_preinit_                            - Undefined Weak Reference
    __cpp_initialize__aeabi_                  - Undefined Weak Reference
    __cxa_finalize                            - Undefined Weak Reference
    __sigvec_lookup                           - Undefined Weak Reference
    _atexit_init                              - Undefined Weak Reference
    _call_atexit_fns                          - Undefined Weak Reference
    _clock_init                               - Undefined Weak Reference
    _fp_trap_init                             - Undefined Weak Reference
    _fp_trap_shutdown                         - Undefined Weak Reference
    _get_lc_collate                           - Undefined Weak Reference
    _get_lc_monetary                          - Undefined Weak Reference
    _get_lc_time                              - Undefined Weak Reference
    _getenv_init                              - Undefined Weak Reference
    _handle_redirection                       - Undefined Weak Reference
    _init_alloc                               - Undefined Weak Reference
    _init_user_alloc                          - Undefined Weak Reference
    _initio                                   - Undefined Weak Reference
    _mutex_acquire                            - Undefined Weak Reference
    _mutex_release                            - Undefined Weak Reference
    _printf_fp_hex                            - Undefined Weak Reference
    _printf_mbtowc                            - Undefined Weak Reference
    _printf_wc                                - Undefined Weak Reference
    _rand_init                                - Undefined Weak Reference
    _signal_finish                            - Undefined Weak Reference
    _signal_init                              - Undefined Weak Reference
    _terminate_alloc                          - Undefined Weak Reference
    _terminate_user_alloc                     - Undefined Weak Reference
    _terminateio                              - Undefined Weak Reference
    __Vectors_Size                           0x000000ec   Number         0  startup_stm32f10x_md.o ABSOLUTE
    __Vectors                                0x08000000   Data           4  startup_stm32f10x_md.o(RESET)
    __Vectors_End                            0x080000ec   Data           0  startup_stm32f10x_md.o(RESET)
    __main                                   0x080000ed   Thumb Code     8  __main.o(!!!main)
    __scatterload                            0x080000f5   Thumb Code     0  __scatter.o(!!!scatter)
    __scatterload_rt2                        0x080000f5   Thumb Code    44  __scatter.o(!!!scatter)
    __scatterload_rt2_thumb_only             0x080000f5   Thumb Code     0  __scatter.o(!!!scatter)
    __scatterload_null                       0x08000103   Thumb Code     0  __scatter.o(!!!scatter)
    __scatterload_copy                       0x08000129   Thumb Code    26  __scatter_copy.o(!!handler_copy)
    __scatterload_zeroinit                   0x08000145   Thumb Code    28  __scatter_zi.o(!!handler_zi)
    _printf_n                                0x08000161   Thumb Code     0  _printf_n.o(.ARM.Collect$$_printf_percent$$00000001)
    _printf_percent                          0x08000161   Thumb Code     0  _printf_percent.o(.ARM.Collect$$_printf_percent$$00000000)
    _printf_p                                0x08000167   Thumb Code     0  _printf_p.o(.ARM.Collect$$_printf_percent$$00000002)
    _printf_f                                0x0800016d   Thumb Code     0  _printf_f.o(.ARM.Collect$$_printf_percent$$00000003)
    _printf_e                                0x08000173   Thumb Code     0  _printf_e.o(.ARM.Collect$$_printf_percent$$00000004)
    _printf_g                                0x08000179   Thumb Code     0  _printf_g.o(.ARM.Collect$$_printf_percent$$00000005)
    _printf_a                                0x0800017f   Thumb Code     0  _printf_a.o(.ARM.Collect$$_printf_percent$$00000006)
    _printf_ll                               0x08000185   Thumb Code     0  _printf_ll.o(.ARM.Collect$$_printf_percent$$00000007)
    _printf_i                                0x0800018f   Thumb Code     0  _printf_i.o(.ARM.Collect$$_printf_percent$$00000008)
    _printf_d                                0x08000195   Thumb Code     0  _printf_d.o(.ARM.Collect$$_printf_percent$$00000009)
    _printf_u                                0x0800019b   Thumb Code     0  _printf_u.o(.ARM.Collect$$_printf_percent$$0000000A)
    _printf_o                                0x080001a1   Thumb Code     0  _printf_o.o(.ARM.Collect$$_printf_percent$$0000000B)
    _printf_x                                0x080001a7   Thumb Code     0  _printf_x.o(.ARM.Collect$$_printf_percent$$0000000C)
    _printf_lli                              0x080001ad   Thumb Code     0  _printf_lli.o(.ARM.Collect$$_printf_percent$$0000000D)
    _printf_lld                              0x080001b3   Thumb Code     0  _printf_lld.o(.ARM.Collect$$_printf_percent$$0000000E)
    _printf_llu                              0x080001b9   Thumb Code     0  _printf_llu.o(.ARM.Collect$$_printf_percent$$0000000F)
    _printf_llo                              0x080001bf   Thumb Code     0  _printf_llo.o(.ARM.Collect$$_printf_percent$$00000010)
    _printf_llx                              0x080001c5   Thumb Code     0  _printf_llx.o(.ARM.Collect$$_printf_percent$$00000011)
    _printf_l                                0x080001cb   Thumb Code     0  _printf_l.o(.ARM.Collect$$_printf_percent$$00000012)
    _printf_c                                0x080001d5   Thumb Code     0  _printf_c.o(.ARM.Collect$$_printf_percent$$00000013)
    _printf_s                                0x080001db   Thumb Code     0  _printf_s.o(.ARM.Collect$$_printf_percent$$00000014)
    _printf_lc                               0x080001e1   Thumb Code     0  _printf_lc.o(.ARM.Collect$$_printf_percent$$00000015)
    _printf_ls                               0x080001e7   Thumb Code     0  _printf_ls.o(.ARM.Collect$$_printf_percent$$00000016)
    _printf_percent_end                      0x080001ed   Thumb Code     0  _printf_percent_end.o(.ARM.Collect$$_printf_percent$$00000017)
    __rt_lib_init                            0x080001f1   Thumb Code     0  libinit.o(.ARM.Collect$$libinit$$00000000)
    __rt_lib_init_fp_1                       0x080001f3   Thumb Code     0  libinit2.o(.ARM.Collect$$libinit$$00000002)
    __rt_lib_init_heap_1                     0x080001f3   Thumb Code     0  libinit2.o(.ARM.Collect$$libinit$$0000000A)
    __rt_lib_init_lc_common                  0x080001f3   Thumb Code     0  libinit2.o(.ARM.Collect$$libinit$$0000000F)
    __rt_lib_init_preinit_1                  0x080001f3   Thumb Code     0  libinit2.o(.ARM.Collect$$libinit$$00000004)
    __rt_lib_init_rand_1                     0x080001f3   Thumb Code     0  libinit2.o(.ARM.Collect$$libinit$$0000000E)
    __rt_lib_init_user_alloc_1               0x080001f3   Thumb Code     0  libinit2.o(.ARM.Collect$$libinit$$0000000C)
    __rt_lib_init_lc_collate_1               0x080001f9   Thumb Code     0  libinit2.o(.ARM.Collect$$libinit$$00000011)
    __rt_lib_init_lc_ctype_2                 0x080001f9   Thumb Code     0  libinit2.o(.ARM.Collect$$libinit$$00000012)
    __rt_lib_init_lc_ctype_1                 0x08000205   Thumb Code     0  libinit2.o(.ARM.Collect$$libinit$$00000013)
    __rt_lib_init_lc_monetary_1              0x08000205   Thumb Code     0  libinit2.o(.ARM.Collect$$libinit$$00000015)
    __rt_lib_init_lc_numeric_2               0x08000205   Thumb Code     0  libinit2.o(.ARM.Collect$$libinit$$00000016)
    __rt_lib_init_alloca_1                   0x0800020f   Thumb Code     0  libinit2.o(.ARM.Collect$$libinit$$0000002E)
    __rt_lib_init_argv_1                     0x0800020f   Thumb Code     0  libinit2.o(.ARM.Collect$$libinit$$0000002C)
    __rt_lib_init_atexit_1                   0x0800020f   Thumb Code     0  libinit2.o(.ARM.Collect$$libinit$$0000001B)
    __rt_lib_init_clock_1                    0x0800020f   Thumb Code     0  libinit2.o(.ARM.Collect$$libinit$$00000021)
    __rt_lib_init_cpp_1                      0x0800020f   Thumb Code     0  libinit2.o(.ARM.Collect$$libinit$$00000032)
    __rt_lib_init_exceptions_1               0x0800020f   Thumb Code     0  libinit2.o(.ARM.Collect$$libinit$$00000030)
    __rt_lib_init_fp_trap_1                  0x0800020f   Thumb Code     0  libinit2.o(.ARM.Collect$$libinit$$0000001F)
    __rt_lib_init_getenv_1                   0x0800020f   Thumb Code     0  libinit2.o(.ARM.Collect$$libinit$$00000023)
    __rt_lib_init_lc_numeric_1               0x0800020f   Thumb Code     0  libinit2.o(.ARM.Collect$$libinit$$00000017)
    __rt_lib_init_lc_time_1                  0x0800020f   Thumb Code     0  libinit2.o(.ARM.Collect$$libinit$$00000019)
    __rt_lib_init_return                     0x0800020f   Thumb Code     0  libinit2.o(.ARM.Collect$$libinit$$00000033)
    __rt_lib_init_signal_1                   0x0800020f   Thumb Code     0  libinit2.o(.ARM.Collect$$libinit$$0000001D)
    __rt_lib_init_stdio_1                    0x0800020f   Thumb Code     0  libinit2.o(.ARM.Collect$$libinit$$00000025)
    __rt_lib_shutdown                        0x08000211   Thumb Code     0  libshutdown.o(.ARM.Collect$$libshutdown$$00000000)
    __rt_lib_shutdown_fp_trap_1              0x08000213   Thumb Code     0  libshutdown2.o(.ARM.Collect$$libshutdown$$00000006)
    __rt_lib_shutdown_heap_1                 0x08000213   Thumb Code     0  libshutdown2.o(.ARM.Collect$$libshutdown$$0000000E)
    __rt_lib_shutdown_return                 0x08000213   Thumb Code     0  libshutdown2.o(.ARM.Collect$$libshutdown$$0000000F)
    __rt_lib_shutdown_signal_1               0x08000213   Thumb Code     0  libshutdown2.o(.ARM.Collect$$libshutdown$$00000009)
    __rt_lib_shutdown_stdio_1                0x08000213   Thumb Code     0  libshutdown2.o(.ARM.Collect$$libshutdown$$00000003)
    __rt_lib_shutdown_user_alloc_1           0x08000213   Thumb Code     0  libshutdown2.o(.ARM.Collect$$libshutdown$$0000000B)
    __rt_entry                               0x08000215   Thumb Code     0  __rtentry.o(.ARM.Collect$$rtentry$$00000000)
    __rt_entry_presh_1                       0x08000215   Thumb Code     0  __rtentry2.o(.ARM.Collect$$rtentry$$00000002)
    __rt_entry_sh                            0x08000215   Thumb Code     0  __rtentry4.o(.ARM.Collect$$rtentry$$00000004)
    __rt_entry_li                            0x0800021b   Thumb Code     0  __rtentry2.o(.ARM.Collect$$rtentry$$0000000A)
    __rt_entry_postsh_1                      0x0800021b   Thumb Code     0  __rtentry2.o(.ARM.Collect$$rtentry$$00000009)
    __rt_entry_main                          0x0800021f   Thumb Code     0  __rtentry2.o(.ARM.Collect$$rtentry$$0000000D)
    __rt_entry_postli_1                      0x0800021f   Thumb Code     0  __rtentry2.o(.ARM.Collect$$rtentry$$0000000C)
    __rt_exit                                0x08000227   Thumb Code     0  rtexit.o(.ARM.Collect$$rtexit$$00000000)
    __rt_exit_ls                             0x08000229   Thumb Code     0  rtexit2.o(.ARM.Collect$$rtexit$$00000003)
    __rt_exit_prels_1                        0x08000229   Thumb Code     0  rtexit2.o(.ARM.Collect$$rtexit$$00000002)
    __rt_exit_exit                           0x0800022d   Thumb Code     0  rtexit2.o(.ARM.Collect$$rtexit$$00000004)
    MC20_init                                0x08000235   Thumb Code   330  main.o(.text)
    main                                     0x0800037f   Thumb Code  2046  main.o(.text)
    NMI_Handler                              0x08000bfd   Thumb Code     2  stm32f10x_it.o(.text)
    HardFault_Handler                        0x08000bff   Thumb Code     4  stm32f10x_it.o(.text)
    MemManage_Handler                        0x08000c03   Thumb Code     4  stm32f10x_it.o(.text)
    BusFault_Handler                         0x08000c07   Thumb Code     4  stm32f10x_it.o(.text)
    UsageFault_Handler                       0x08000c0b   Thumb Code     4  stm32f10x_it.o(.text)
    SVC_Handler                              0x08000c0f   Thumb Code     2  stm32f10x_it.o(.text)
    DebugMon_Handler                         0x08000c11   Thumb Code     2  stm32f10x_it.o(.text)
    PendSV_Handler                           0x08000c13   Thumb Code     2  stm32f10x_it.o(.text)
    SysTick_Handler                          0x08000c15   Thumb Code     2  stm32f10x_it.o(.text)
    SystemInit                               0x08000cf7   Thumb Code    78  system_stm32f10x.o(.text)
    SystemCoreClockUpdate                    0x08000d45   Thumb Code   142  system_stm32f10x.o(.text)
    KEY_Init                                 0x08000e01   Thumb Code    82  key.o(.text)
    KEY_Scan                                 0x08000e53   Thumb Code   154  key.o(.text)
    LED_Init                                 0x08000efd   Thumb Code    94  led.o(.text)
    GPRS_Pwk_Init                            0x08000f5b   Thumb Code    48  led.o(.text)
    TIM4_Set                                 0x08000f99   Thumb Code    34  usart2.o(.text)
    USART2_IRQHandler                        0x08000fbb   Thumb Code    84  usart2.o(.text)
    TIM4_Init                                0x0800100f   Thumb Code    82  usart2.o(.text)
    UART_DMA_Config                          0x08001061   Thumb Code    72  usart2.o(.text)
    USART2_Init                              0x080010a9   Thumb Code   204  usart2.o(.text)
    UART_DMA_Enable                          0x08001175   Thumb Code    32  usart2.o(.text)
    u2_printf                                0x08001195   Thumb Code    56  usart2.o(.text)
    TIM4_SetARR                              0x080011cd   Thumb Code    36  usart2.o(.text)
    TIM4_IRQHandler                          0x080011f1   Thumb Code   104  usart2.o(.text)
    uart3_init                               0x0800127d   Thumb Code   156  usart3.o(.text)
    USART3_IRQHandler                        0x08001319   Thumb Code   130  usart3.o(.text)
    Usart_SendStr_length                     0x080013b9   Thumb Code    32  usart3.o(.text)
    Usart_SendString                         0x080013d9   Thumb Code    28  usart3.o(.text)
    ClearRAM                                 0x080013f5   Thumb Code    18  usart3.o(.text)
    LCD_Send                                 0x0800141d   Thumb Code    88  lcd5110.o(.text)
    LCD5110_IO_Configuration                 0x08001475   Thumb Code   148  lcd5110.o(.text)
    LCD5110_Init                             0x08001509   Thumb Code   108  lcd5110.o(.text)
    LCD_SetContrast                          0x08001575   Thumb Code    32  lcd5110.o(.text)
    LCD_SetXY                                0x08001595   Thumb Code    54  lcd5110.o(.text)
    LCD_Clear                                0x080015cb   Thumb Code    48  lcd5110.o(.text)
    LCD_Write_Char                           0x080015fb   Thumb Code    42  lcd5110.o(.text)
    LCD_Write_Hanzi                          0x08001625   Thumb Code    98  lcd5110.o(.text)
    LCD_Write_EnStr                          0x08001687   Thumb Code   120  lcd5110.o(.text)
    delay_init                               0x08001719   Thumb Code    50  delay.o(.text)
    delay_us                                 0x0800174b   Thumb Code    72  delay.o(.text)
    delay_ms                                 0x08001793   Thumb Code    72  delay.o(.text)
    NVIC_Configuration                       0x080017ed   Thumb Code    12  sys.o(.text)
    _sys_exit                                0x080017f9   Thumb Code     6  usart.o(.text)
    fputc                                    0x080017ff   Thumb Code    24  usart.o(.text)
    uart_init                                0x08001817   Thumb Code   158  usart.o(.text)
    USART1_IRQHandler                        0x080018b5   Thumb Code   122  usart.o(.text)
    Reset_Handler                            0x08001941   Thumb Code     8  startup_stm32f10x_md.o(.text)
    ADC1_2_IRQHandler                        0x0800195b   Thumb Code     0  startup_stm32f10x_md.o(.text)
    CAN1_RX1_IRQHandler                      0x0800195b   Thumb Code     0  startup_stm32f10x_md.o(.text)
    CAN1_SCE_IRQHandler                      0x0800195b   Thumb Code     0  startup_stm32f10x_md.o(.text)
    DMA1_Channel1_IRQHandler                 0x0800195b   Thumb Code     0  startup_stm32f10x_md.o(.text)
    DMA1_Channel2_IRQHandler                 0x0800195b   Thumb Code     0  startup_stm32f10x_md.o(.text)
    DMA1_Channel3_IRQHandler                 0x0800195b   Thumb Code     0  startup_stm32f10x_md.o(.text)
    DMA1_Channel4_IRQHandler                 0x0800195b   Thumb Code     0  startup_stm32f10x_md.o(.text)
    DMA1_Channel5_IRQHandler                 0x0800195b   Thumb Code     0  startup_stm32f10x_md.o(.text)
    DMA1_Channel6_IRQHandler                 0x0800195b   Thumb Code     0  startup_stm32f10x_md.o(.text)
    DMA1_Channel7_IRQHandler                 0x0800195b   Thumb Code     0  startup_stm32f10x_md.o(.text)
    EXTI0_IRQHandler                         0x0800195b   Thumb Code     0  startup_stm32f10x_md.o(.text)
    EXTI15_10_IRQHandler                     0x0800195b   Thumb Code     0  startup_stm32f10x_md.o(.text)
    EXTI1_IRQHandler                         0x0800195b   Thumb Code     0  startup_stm32f10x_md.o(.text)
    EXTI2_IRQHandler                         0x0800195b   Thumb Code     0  startup_stm32f10x_md.o(.text)
    EXTI3_IRQHandler                         0x0800195b   Thumb Code     0  startup_stm32f10x_md.o(.text)
    EXTI4_IRQHandler                         0x0800195b   Thumb Code     0  startup_stm32f10x_md.o(.text)
    EXTI9_5_IRQHandler                       0x0800195b   Thumb Code     0  startup_stm32f10x_md.o(.text)
    FLASH_IRQHandler                         0x0800195b   Thumb Code     0  startup_stm32f10x_md.o(.text)
    I2C1_ER_IRQHandler                       0x0800195b   Thumb Code     0  startup_stm32f10x_md.o(.text)
    I2C1_EV_IRQHandler                       0x0800195b   Thumb Code     0  startup_stm32f10x_md.o(.text)
    I2C2_ER_IRQHandler                       0x0800195b   Thumb Code     0  startup_stm32f10x_md.o(.text)
    I2C2_EV_IRQHandler                       0x0800195b   Thumb Code     0  startup_stm32f10x_md.o(.text)
    PVD_IRQHandler                           0x0800195b   Thumb Code     0  startup_stm32f10x_md.o(.text)
    RCC_IRQHandler                           0x0800195b   Thumb Code     0  startup_stm32f10x_md.o(.text)
    RTCAlarm_IRQHandler                      0x0800195b   Thumb Code     0  startup_stm32f10x_md.o(.text)
    RTC_IRQHandler                           0x0800195b   Thumb Code     0  startup_stm32f10x_md.o(.text)
    SPI1_IRQHandler                          0x0800195b   Thumb Code     0  startup_stm32f10x_md.o(.text)
    SPI2_IRQHandler                          0x0800195b   Thumb Code     0  startup_stm32f10x_md.o(.text)
    TAMPER_IRQHandler                        0x0800195b   Thumb Code     0  startup_stm32f10x_md.o(.text)
    TIM1_BRK_IRQHandler                      0x0800195b   Thumb Code     0  startup_stm32f10x_md.o(.text)
    TIM1_CC_IRQHandler                       0x0800195b   Thumb Code     0  startup_stm32f10x_md.o(.text)
    TIM1_TRG_COM_IRQHandler                  0x0800195b   Thumb Code     0  startup_stm32f10x_md.o(.text)
    TIM1_UP_IRQHandler                       0x0800195b   Thumb Code     0  startup_stm32f10x_md.o(.text)
    TIM2_IRQHandler                          0x0800195b   Thumb Code     0  startup_stm32f10x_md.o(.text)
    TIM3_IRQHandler                          0x0800195b   Thumb Code     0  startup_stm32f10x_md.o(.text)
    USBWakeUp_IRQHandler                     0x0800195b   Thumb Code     0  startup_stm32f10x_md.o(.text)
    USB_HP_CAN1_TX_IRQHandler                0x0800195b   Thumb Code     0  startup_stm32f10x_md.o(.text)
    USB_LP_CAN1_RX0_IRQHandler               0x0800195b   Thumb Code     0  startup_stm32f10x_md.o(.text)
    WWDG_IRQHandler                          0x0800195b   Thumb Code     0  startup_stm32f10x_md.o(.text)
    __user_initial_stackheap                 0x0800195d   Thumb Code     0  startup_stm32f10x_md.o(.text)
    NVIC_PriorityGroupConfig                 0x08001981   Thumb Code    10  misc.o(.text)
    NVIC_Init                                0x0800198b   Thumb Code   100  misc.o(.text)
    NVIC_SetVectorTable                      0x080019ef   Thumb Code    14  misc.o(.text)
    NVIC_SystemLPConfig                      0x080019fd   Thumb Code    34  misc.o(.text)
    SysTick_CLKSourceConfig                  0x08001a1f   Thumb Code    40  misc.o(.text)
    GPIO_DeInit                              0x08001a5d   Thumb Code   172  stm32f10x_gpio.o(.text)
    GPIO_AFIODeInit                          0x08001b09   Thumb Code    20  stm32f10x_gpio.o(.text)
    GPIO_Init                                0x08001b1d   Thumb Code   278  stm32f10x_gpio.o(.text)
    GPIO_StructInit                          0x08001c33   Thumb Code    16  stm32f10x_gpio.o(.text)
    GPIO_ReadInputDataBit                    0x08001c43   Thumb Code    18  stm32f10x_gpio.o(.text)
    GPIO_ReadInputData                       0x08001c55   Thumb Code     8  stm32f10x_gpio.o(.text)
    GPIO_ReadOutputDataBit                   0x08001c5d   Thumb Code    18  stm32f10x_gpio.o(.text)
    GPIO_ReadOutputData                      0x08001c6f   Thumb Code     8  stm32f10x_gpio.o(.text)
    GPIO_SetBits                             0x08001c77   Thumb Code     4  stm32f10x_gpio.o(.text)
    GPIO_ResetBits                           0x08001c7b   Thumb Code     4  stm32f10x_gpio.o(.text)
    GPIO_WriteBit                            0x08001c7f   Thumb Code    10  stm32f10x_gpio.o(.text)
    GPIO_Write                               0x08001c89   Thumb Code     4  stm32f10x_gpio.o(.text)
    GPIO_PinLockConfig                       0x08001c8d   Thumb Code    18  stm32f10x_gpio.o(.text)
    GPIO_EventOutputConfig                   0x08001c9f   Thumb Code    26  stm32f10x_gpio.o(.text)
    GPIO_EventOutputCmd                      0x08001cb9   Thumb Code     6  stm32f10x_gpio.o(.text)
    GPIO_PinRemapConfig                      0x08001cbf   Thumb Code   138  stm32f10x_gpio.o(.text)
    GPIO_EXTILineConfig                      0x08001d49   Thumb Code    66  stm32f10x_gpio.o(.text)
    GPIO_ETH_MediaInterfaceConfig            0x08001d8b   Thumb Code     8  stm32f10x_gpio.o(.text)
    RCC_DeInit                               0x08001db9   Thumb Code    64  stm32f10x_rcc.o(.text)
    RCC_HSEConfig                            0x08001df9   Thumb Code    70  stm32f10x_rcc.o(.text)
    RCC_GetFlagStatus                        0x08001e3f   Thumb Code    56  stm32f10x_rcc.o(.text)
    RCC_WaitForHSEStartUp                    0x08001e77   Thumb Code    56  stm32f10x_rcc.o(.text)
    RCC_AdjustHSICalibrationValue            0x08001eaf   Thumb Code    20  stm32f10x_rcc.o(.text)
    RCC_HSICmd                               0x08001ec3   Thumb Code     6  stm32f10x_rcc.o(.text)
    RCC_PLLConfig                            0x08001ec9   Thumb Code    24  stm32f10x_rcc.o(.text)
    RCC_PLLCmd                               0x08001ee1   Thumb Code     6  stm32f10x_rcc.o(.text)
    RCC_SYSCLKConfig                         0x08001ee7   Thumb Code    18  stm32f10x_rcc.o(.text)
    RCC_GetSYSCLKSource                      0x08001ef9   Thumb Code    10  stm32f10x_rcc.o(.text)
    RCC_HCLKConfig                           0x08001f03   Thumb Code    18  stm32f10x_rcc.o(.text)
    RCC_PCLK1Config                          0x08001f15   Thumb Code    18  stm32f10x_rcc.o(.text)
    RCC_PCLK2Config                          0x08001f27   Thumb Code    20  stm32f10x_rcc.o(.text)
    RCC_ITConfig                             0x08001f3b   Thumb Code    26  stm32f10x_rcc.o(.text)
    RCC_USBCLKConfig                         0x08001f55   Thumb Code     8  stm32f10x_rcc.o(.text)
    RCC_ADCCLKConfig                         0x08001f5d   Thumb Code    18  stm32f10x_rcc.o(.text)
    RCC_LSEConfig                            0x08001f6f   Thumb Code    50  stm32f10x_rcc.o(.text)
    RCC_LSICmd                               0x08001fa1   Thumb Code     6  stm32f10x_rcc.o(.text)
    RCC_RTCCLKConfig                         0x08001fa7   Thumb Code    12  stm32f10x_rcc.o(.text)
    RCC_RTCCLKCmd                            0x08001fb3   Thumb Code     8  stm32f10x_rcc.o(.text)
    RCC_GetClocksFreq                        0x08001fbb   Thumb Code   192  stm32f10x_rcc.o(.text)
    RCC_AHBPeriphClockCmd                    0x0800207b   Thumb Code    26  stm32f10x_rcc.o(.text)
    RCC_APB2PeriphClockCmd                   0x08002095   Thumb Code    26  stm32f10x_rcc.o(.text)
    RCC_APB1PeriphClockCmd                   0x080020af   Thumb Code    26  stm32f10x_rcc.o(.text)
    RCC_APB2PeriphResetCmd                   0x080020c9   Thumb Code    26  stm32f10x_rcc.o(.text)
    RCC_APB1PeriphResetCmd                   0x080020e3   Thumb Code    26  stm32f10x_rcc.o(.text)
    RCC_BackupResetCmd                       0x080020fd   Thumb Code     8  stm32f10x_rcc.o(.text)
    RCC_ClockSecuritySystemCmd               0x08002105   Thumb Code     6  stm32f10x_rcc.o(.text)
    RCC_MCOConfig                            0x0800210b   Thumb Code     6  stm32f10x_rcc.o(.text)
    RCC_ClearFlag                            0x08002111   Thumb Code    14  stm32f10x_rcc.o(.text)
    RCC_GetITStatus                          0x0800211f   Thumb Code    20  stm32f10x_rcc.o(.text)
    RCC_ClearITPendingBit                    0x08002133   Thumb Code     6  stm32f10x_rcc.o(.text)
    USART_DeInit                             0x08002165   Thumb Code   134  stm32f10x_usart.o(.text)
    USART_Init                               0x080021eb   Thumb Code   210  stm32f10x_usart.o(.text)
    USART_StructInit                         0x080022bd   Thumb Code    24  stm32f10x_usart.o(.text)
    USART_ClockInit                          0x080022d5   Thumb Code    34  stm32f10x_usart.o(.text)
    USART_ClockStructInit                    0x080022f7   Thumb Code    12  stm32f10x_usart.o(.text)
    USART_Cmd                                0x08002303   Thumb Code    24  stm32f10x_usart.o(.text)
    USART_ITConfig                           0x0800231b   Thumb Code    74  stm32f10x_usart.o(.text)
    USART_DMACmd                             0x08002365   Thumb Code    18  stm32f10x_usart.o(.text)
    USART_SetAddress                         0x08002377   Thumb Code    18  stm32f10x_usart.o(.text)
    USART_WakeUpConfig                       0x08002389   Thumb Code    18  stm32f10x_usart.o(.text)
    USART_ReceiverWakeUpCmd                  0x0800239b   Thumb Code    24  stm32f10x_usart.o(.text)
    USART_LINBreakDetectLengthConfig         0x080023b3   Thumb Code    18  stm32f10x_usart.o(.text)
    USART_LINCmd                             0x080023c5   Thumb Code    24  stm32f10x_usart.o(.text)
    USART_SendData                           0x080023dd   Thumb Code     8  stm32f10x_usart.o(.text)
    USART_ReceiveData                        0x080023e5   Thumb Code    10  stm32f10x_usart.o(.text)
    USART_SendBreak                          0x080023ef   Thumb Code    10  stm32f10x_usart.o(.text)
    USART_SetGuardTime                       0x080023f9   Thumb Code    16  stm32f10x_usart.o(.text)
    USART_SetPrescaler                       0x08002409   Thumb Code    16  stm32f10x_usart.o(.text)
    USART_SmartCardCmd                       0x08002419   Thumb Code    24  stm32f10x_usart.o(.text)
    USART_SmartCardNACKCmd                   0x08002431   Thumb Code    24  stm32f10x_usart.o(.text)
    USART_HalfDuplexCmd                      0x08002449   Thumb Code    24  stm32f10x_usart.o(.text)
    USART_OverSampling8Cmd                   0x08002461   Thumb Code    22  stm32f10x_usart.o(.text)
    USART_OneBitMethodCmd                    0x08002477   Thumb Code    24  stm32f10x_usart.o(.text)
    USART_IrDAConfig                         0x0800248f   Thumb Code    18  stm32f10x_usart.o(.text)
    USART_IrDACmd                            0x080024a1   Thumb Code    24  stm32f10x_usart.o(.text)
    USART_GetFlagStatus                      0x080024b9   Thumb Code    26  stm32f10x_usart.o(.text)
    USART_ClearFlag                          0x080024d3   Thumb Code    18  stm32f10x_usart.o(.text)
    USART_GetITStatus                        0x080024e5   Thumb Code    84  stm32f10x_usart.o(.text)
    USART_ClearITPendingBit                  0x08002539   Thumb Code    52  stm32f10x_usart.o(.text)
    TIM_DeInit                               0x0800256d   Thumb Code   424  stm32f10x_tim.o(.text)
    TIM_TimeBaseInit                         0x08002715   Thumb Code   122  stm32f10x_tim.o(.text)
    TIM_OC1Init                              0x0800278f   Thumb Code   132  stm32f10x_tim.o(.text)
    TIM_OC2Init                              0x08002813   Thumb Code   154  stm32f10x_tim.o(.text)
    TIM_OC3Init                              0x080028ad   Thumb Code   150  stm32f10x_tim.o(.text)
    TIM_OC4Init                              0x08002943   Thumb Code   182  stm32f10x_tim.o(.text)
    TIM_SetIC4Prescaler                      0x080029f9   Thumb Code    26  stm32f10x_tim.o(.text)
    TIM_SetIC3Prescaler                      0x08002a95   Thumb Code    18  stm32f10x_tim.o(.text)
    TIM_SetIC2Prescaler                      0x08002b21   Thumb Code    26  stm32f10x_tim.o(.text)
    TIM_SetIC1Prescaler                      0x08002bbd   Thumb Code    18  stm32f10x_tim.o(.text)
    TIM_ICInit                               0x08002c3b   Thumb Code   150  stm32f10x_tim.o(.text)
    TIM_PWMIConfig                           0x08002cd1   Thumb Code   124  stm32f10x_tim.o(.text)
    TIM_BDTRConfig                           0x08002d4d   Thumb Code    32  stm32f10x_tim.o(.text)
    TIM_TimeBaseStructInit                   0x08002d6d   Thumb Code    18  stm32f10x_tim.o(.text)
    TIM_OCStructInit                         0x08002d7f   Thumb Code    20  stm32f10x_tim.o(.text)
    TIM_ICStructInit                         0x08002d93   Thumb Code    18  stm32f10x_tim.o(.text)
    TIM_BDTRStructInit                       0x08002da5   Thumb Code    40  stm32f10x_tim.o(.text)
    TIM_Cmd                                  0x08002dcd   Thumb Code    24  stm32f10x_tim.o(.text)
    TIM_CtrlPWMOutputs                       0x08002de5   Thumb Code    30  stm32f10x_tim.o(.text)
    TIM_ITConfig                             0x08002e03   Thumb Code    18  stm32f10x_tim.o(.text)
    TIM_GenerateEvent                        0x08002e15   Thumb Code     4  stm32f10x_tim.o(.text)
    TIM_DMAConfig                            0x08002e19   Thumb Code    10  stm32f10x_tim.o(.text)
    TIM_DMACmd                               0x08002e23   Thumb Code    18  stm32f10x_tim.o(.text)
    TIM_InternalClockConfig                  0x08002e35   Thumb Code    12  stm32f10x_tim.o(.text)
    TIM_SelectInputTrigger                   0x08002e41   Thumb Code    18  stm32f10x_tim.o(.text)
    TIM_ITRxExternalClockConfig              0x08002e53   Thumb Code    24  stm32f10x_tim.o(.text)
    TIM_TIxExternalClockConfig               0x08002e6b   Thumb Code    62  stm32f10x_tim.o(.text)
    TIM_ETRConfig                            0x08002ea9   Thumb Code    28  stm32f10x_tim.o(.text)
    TIM_ETRClockMode1Config                  0x08002ec5   Thumb Code    54  stm32f10x_tim.o(.text)
    TIM_ETRClockMode2Config                  0x08002efb   Thumb Code    32  stm32f10x_tim.o(.text)
    TIM_PrescalerConfig                      0x08002f1b   Thumb Code     6  stm32f10x_tim.o(.text)
    TIM_CounterModeConfig                    0x08002f21   Thumb Code    18  stm32f10x_tim.o(.text)
    TIM_EncoderInterfaceConfig               0x08002f33   Thumb Code    66  stm32f10x_tim.o(.text)
    TIM_ForcedOC1Config                      0x08002f75   Thumb Code    18  stm32f10x_tim.o(.text)
    TIM_ForcedOC2Config                      0x08002f87   Thumb Code    26  stm32f10x_tim.o(.text)
    TIM_ForcedOC3Config                      0x08002fa1   Thumb Code    18  stm32f10x_tim.o(.text)
    TIM_ForcedOC4Config                      0x08002fb3   Thumb Code    26  stm32f10x_tim.o(.text)
    TIM_ARRPreloadConfig                     0x08002fcd   Thumb Code    24  stm32f10x_tim.o(.text)
    TIM_SelectCOM                            0x08002fe5   Thumb Code    24  stm32f10x_tim.o(.text)
    TIM_SelectCCDMA                          0x08002ffd   Thumb Code    24  stm32f10x_tim.o(.text)
    TIM_CCPreloadControl                     0x08003015   Thumb Code    24  stm32f10x_tim.o(.text)
    TIM_OC1PreloadConfig                     0x0800302d   Thumb Code    18  stm32f10x_tim.o(.text)
    TIM_OC2PreloadConfig                     0x0800303f   Thumb Code    26  stm32f10x_tim.o(.text)
    TIM_OC3PreloadConfig                     0x08003059   Thumb Code    18  stm32f10x_tim.o(.text)
    TIM_OC4PreloadConfig                     0x0800306b   Thumb Code    26  stm32f10x_tim.o(.text)
    TIM_OC1FastConfig                        0x08003085   Thumb Code    18  stm32f10x_tim.o(.text)
    TIM_OC2FastConfig                        0x08003097   Thumb Code    26  stm32f10x_tim.o(.text)
    TIM_OC3FastConfig                        0x080030b1   Thumb Code    18  stm32f10x_tim.o(.text)
    TIM_OC4FastConfig                        0x080030c3   Thumb Code    26  stm32f10x_tim.o(.text)
    TIM_ClearOC1Ref                          0x080030dd   Thumb Code    18  stm32f10x_tim.o(.text)
    TIM_ClearOC2Ref                          0x080030ef   Thumb Code    24  stm32f10x_tim.o(.text)
    TIM_ClearOC3Ref                          0x08003107   Thumb Code    18  stm32f10x_tim.o(.text)
    TIM_ClearOC4Ref                          0x08003119   Thumb Code    24  stm32f10x_tim.o(.text)
    TIM_OC1PolarityConfig                    0x08003131   Thumb Code    18  stm32f10x_tim.o(.text)
    TIM_OC1NPolarityConfig                   0x08003143   Thumb Code    18  stm32f10x_tim.o(.text)
    TIM_OC2PolarityConfig                    0x08003155   Thumb Code    26  stm32f10x_tim.o(.text)
    TIM_OC2NPolarityConfig                   0x0800316f   Thumb Code    26  stm32f10x_tim.o(.text)
    TIM_OC3PolarityConfig                    0x08003189   Thumb Code    26  stm32f10x_tim.o(.text)
    TIM_OC3NPolarityConfig                   0x080031a3   Thumb Code    26  stm32f10x_tim.o(.text)
    TIM_OC4PolarityConfig                    0x080031bd   Thumb Code    26  stm32f10x_tim.o(.text)
    TIM_CCxCmd                               0x080031d7   Thumb Code    30  stm32f10x_tim.o(.text)
    TIM_CCxNCmd                              0x080031f5   Thumb Code    30  stm32f10x_tim.o(.text)
    TIM_SelectOCxM                           0x08003213   Thumb Code    82  stm32f10x_tim.o(.text)
    TIM_UpdateDisableConfig                  0x08003265   Thumb Code    24  stm32f10x_tim.o(.text)
    TIM_UpdateRequestConfig                  0x0800327d   Thumb Code    24  stm32f10x_tim.o(.text)
    TIM_SelectHallSensor                     0x08003295   Thumb Code    24  stm32f10x_tim.o(.text)
    TIM_SelectOnePulseMode                   0x080032ad   Thumb Code    18  stm32f10x_tim.o(.text)
    TIM_SelectOutputTrigger                  0x080032bf   Thumb Code    18  stm32f10x_tim.o(.text)
    TIM_SelectSlaveMode                      0x080032d1   Thumb Code    18  stm32f10x_tim.o(.text)
    TIM_SelectMasterSlaveMode                0x080032e3   Thumb Code    18  stm32f10x_tim.o(.text)
    TIM_SetCounter                           0x080032f5   Thumb Code     4  stm32f10x_tim.o(.text)
    TIM_SetAutoreload                        0x080032f9   Thumb Code     4  stm32f10x_tim.o(.text)
    TIM_SetCompare1                          0x080032fd   Thumb Code     4  stm32f10x_tim.o(.text)
    TIM_SetCompare2                          0x08003301   Thumb Code     4  stm32f10x_tim.o(.text)
    TIM_SetCompare3                          0x08003305   Thumb Code     4  stm32f10x_tim.o(.text)
    TIM_SetCompare4                          0x08003309   Thumb Code     6  stm32f10x_tim.o(.text)
    TIM_SetClockDivision                     0x0800330f   Thumb Code    18  stm32f10x_tim.o(.text)
    TIM_GetCapture1                          0x08003321   Thumb Code     6  stm32f10x_tim.o(.text)
    TIM_GetCapture2                          0x08003327   Thumb Code     6  stm32f10x_tim.o(.text)
    TIM_GetCapture3                          0x0800332d   Thumb Code     6  stm32f10x_tim.o(.text)
    TIM_GetCapture4                          0x08003333   Thumb Code     8  stm32f10x_tim.o(.text)
    TIM_GetCounter                           0x0800333b   Thumb Code     6  stm32f10x_tim.o(.text)
    TIM_GetPrescaler                         0x08003341   Thumb Code     6  stm32f10x_tim.o(.text)
    TIM_GetFlagStatus                        0x08003347   Thumb Code    18  stm32f10x_tim.o(.text)
    TIM_ClearFlag                            0x08003359   Thumb Code     6  stm32f10x_tim.o(.text)
    TIM_GetITStatus                          0x0800335f   Thumb Code    34  stm32f10x_tim.o(.text)
    TIM_ClearITPendingBit                    0x08003381   Thumb Code     6  stm32f10x_tim.o(.text)
    DMA_DeInit                               0x08003389   Thumb Code   324  stm32f10x_dma.o(.text)
    DMA_Init                                 0x080034cd   Thumb Code    60  stm32f10x_dma.o(.text)
    DMA_StructInit                           0x08003509   Thumb Code    26  stm32f10x_dma.o(.text)
    DMA_Cmd                                  0x08003523   Thumb Code    24  stm32f10x_dma.o(.text)
    DMA_ITConfig                             0x0800353b   Thumb Code    18  stm32f10x_dma.o(.text)
    DMA_SetCurrDataCounter                   0x0800354d   Thumb Code     4  stm32f10x_dma.o(.text)
    DMA_GetCurrDataCounter                   0x08003551   Thumb Code     8  stm32f10x_dma.o(.text)
    DMA_GetFlagStatus                        0x08003559   Thumb Code    40  stm32f10x_dma.o(.text)
    DMA_ClearFlag                            0x08003581   Thumb Code    22  stm32f10x_dma.o(.text)
    DMA_GetITStatus                          0x08003597   Thumb Code    40  stm32f10x_dma.o(.text)
    DMA_ClearITPendingBit                    0x080035bf   Thumb Code    22  stm32f10x_dma.o(.text)
    sim_at_response                          0x080035dd   Thumb Code    46  mc20.o(.text)
    MC20_check_cmd                           0x0800360b   Thumb Code    44  mc20.o(.text)
    MC20_send_cmd                            0x08003637   Thumb Code   204  mc20.o(.text)
    MC20_wait_request                        0x08003703   Thumb Code    84  mc20.o(.text)
    MC20_chr2hex                             0x08003757   Thumb Code    54  mc20.o(.text)
    MC20_hex2chr                             0x0800378d   Thumb Code    34  mc20.o(.text)
    __use_no_semihosting                     0x080037d9   Thumb Code     2  use_no_semi_2.o(.text)
    __c89printf                              0x080037dd   Thumb Code    20  c89printf.o(.text)
    __c89vsprintf                            0x080037f5   Thumb Code    32  c89vsprintf.o(.text)
    __2printf                                0x08003819   Thumb Code    20  __2printf.o(.text)
    __2sprintf                               0x08003831   Thumb Code    38  __2sprintf.o(.text)
    _printf_str                              0x0800385d   Thumb Code    82  _printf_str.o(.text)
    _printf_int_dec                          0x080038b1   Thumb Code   104  _printf_dec.o(.text)
    __printf                                 0x08003929   Thumb Code   388  __printf_flags_ss_wp.o(.text)
    atoi                                     0x08003ab1   Thumb Code    26  atoi.o(.text)
    strstr                                   0x08003acb   Thumb Code    36  strstr.o(.text)
    strcpy                                   0x08003aef   Thumb Code    72  strcpy.o(.text)
    strlen                                   0x08003b37   Thumb Code    62  strlen.o(.text)
    strcat                                   0x08003b75   Thumb Code    24  strcat.o(.text)
    strncpy                                  0x08003b8d   Thumb Code    86  strncpy.o(.text)
    __use_two_region_memory                  0x08003be3   Thumb Code     2  heapauxi.o(.text)
    __rt_heap_escrow$2region                 0x08003be5   Thumb Code     2  heapauxi.o(.text)
    __rt_heap_expand$2region                 0x08003be7   Thumb Code     2  heapauxi.o(.text)
    __I$use$semihosting                      0x08003be9   Thumb Code     0  use_no_semi.o(.text)
    __use_no_semihosting_swi                 0x08003be9   Thumb Code     2  use_no_semi.o(.text)
    __aeabi_errno_addr                       0x08003bed   Thumb Code     8  rt_errno_addr_intlibspace.o(.text)
    __errno$intlibspace                      0x08003bed   Thumb Code     0  rt_errno_addr_intlibspace.o(.text)
    __rt_errno_addr$intlibspace              0x08003bed   Thumb Code     0  rt_errno_addr_intlibspace.o(.text)
    _printf_pre_padding                      0x08003bf5   Thumb Code    44  _printf_pad.o(.text)
    _printf_post_padding                     0x08003c21   Thumb Code    34  _printf_pad.o(.text)
    _printf_truncate_signed                  0x08003c43   Thumb Code    18  _printf_truncate.o(.text)
    _printf_truncate_unsigned                0x08003c55   Thumb Code    18  _printf_truncate.o(.text)
    _printf_int_common                       0x08003c67   Thumb Code   178  _printf_intcommon.o(.text)
    _printf_charcount                        0x08003d19   Thumb Code    40  _printf_charcount.o(.text)
    _printf_char_common                      0x08003d4b   Thumb Code    32  _printf_char_common.o(.text)
    _sputc                                   0x08003d71   Thumb Code    10  _sputc.o(.text)
    _printf_cs_common                        0x08003d7b   Thumb Code    20  _printf_char.o(.text)
    _printf_char                             0x08003d8f   Thumb Code    16  _printf_char.o(.text)
    _printf_string                           0x08003d9f   Thumb Code     8  _printf_char.o(.text)
    _printf_char_file                        0x08003da9   Thumb Code    32  _printf_char_file.o(.text)
    _printf_wctomb                           0x08003dcd   Thumb Code   182  _printf_wctomb.o(.text)
    _printf_longlong_dec                     0x08003e89   Thumb Code   108  _printf_longlong_dec.o(.text)
    _printf_longlong_oct                     0x08003f05   Thumb Code    68  _printf_oct_int_ll.o(.text)
    _printf_int_oct                          0x08003f49   Thumb Code    24  _printf_oct_int_ll.o(.text)
    _printf_ll_oct                           0x08003f61   Thumb Code    12  _printf_oct_int_ll.o(.text)
    _printf_longlong_hex                     0x08003f75   Thumb Code    86  _printf_hex_int_ll_ptr.o(.text)
    _printf_int_hex                          0x08003fcb   Thumb Code    28  _printf_hex_int_ll_ptr.o(.text)
    _printf_ll_hex                           0x08003fe7   Thumb Code    12  _printf_hex_int_ll_ptr.o(.text)
    _printf_hex_ptr                          0x08003ff3   Thumb Code    18  _printf_hex_int_ll_ptr.o(.text)
    strtol                                   0x08004009   Thumb Code   112  strtol.o(.text)
    __aeabi_memclr                           0x08004079   Thumb Code     0  rt_memclr.o(.text)
    __rt_memclr                              0x08004079   Thumb Code    68  rt_memclr.o(.text)
    _memset                                  0x0800407d   Thumb Code     0  rt_memclr.o(.text)
    __user_libspace                          0x080040bd   Thumb Code     8  libspace.o(.text)
    __user_perproc_libspace                  0x080040bd   Thumb Code     0  libspace.o(.text)
    __user_perthread_libspace                0x080040bd   Thumb Code     0  libspace.o(.text)
    __rt_ctype_table                         0x080040c5   Thumb Code    16  rt_ctype_table.o(.text)
    _ll_udiv10                               0x080040d5   Thumb Code   138  lludiv10.o(.text)
    __lib_sel_fp_printf                      0x0800415f   Thumb Code     2  _printf_fp_dec.o(.text)
    _printf_fp_dec_real                      0x0800430d   Thumb Code   620  _printf_fp_dec.o(.text)
    _printf_lcs_common                       0x08004579   Thumb Code    20  _printf_wchar.o(.text)
    _printf_wchar                            0x0800458d   Thumb Code    16  _printf_wchar.o(.text)
    _printf_wstring                          0x0800459d   Thumb Code     8  _printf_wchar.o(.text)
    _strtoul                                 0x080045a5   Thumb Code   158  _strtoul.o(.text)
    ferror                                   0x08004643   Thumb Code     8  ferror.o(.text)
    _wcrtomb                                 0x0800464b   Thumb Code    64  _wcrtomb.o(.text)
    __aeabi_memclr4                          0x0800468b   Thumb Code     0  rt_memclr_w.o(.text)
    __aeabi_memclr8                          0x0800468b   Thumb Code     0  rt_memclr_w.o(.text)
    __rt_memclr_w                            0x0800468b   Thumb Code    78  rt_memclr_w.o(.text)
    _memset_w                                0x0800468f   Thumb Code     0  rt_memclr_w.o(.text)
    __user_setup_stackheap                   0x080046d9   Thumb Code    74  sys_stackheap_outer.o(.text)
    __rt_locale                              0x08004725   Thumb Code     8  rt_locale_intlibspace.o(.text)
    _printf_fp_infnan                        0x0800472d   Thumb Code   112  _printf_fp_infnan.o(.text)
    _chval                                   0x080047ad   Thumb Code    28  _chval.o(.text)
    _btod_etento                             0x080047c9   Thumb Code   216  bigflt0.o(.text)
    exit                                     0x080048a5   Thumb Code    12  exit.o(.text)
    strcmp                                   0x080048b1   Thumb Code   128  strcmpv7m.o(.text)
    _btod_d2e                                0x08004931   Thumb Code    62  btod.o(CL$$btod_d2e)
    _d2e_denorm_low                          0x0800496f   Thumb Code    70  btod.o(CL$$btod_d2e_denorm_low)
    _d2e_norm_op1                            0x080049b5   Thumb Code    96  btod.o(CL$$btod_d2e_norm_op1)
    __btod_div_common                        0x08004a15   Thumb Code   696  btod.o(CL$$btod_div_common)
    _e2e                                     0x08004d4d   Thumb Code   198  btod.o(CL$$btod_e2e)
    _btod_ediv                               0x08004e13   Thumb Code    40  btod.o(CL$$btod_ediv)
    _btod_emul                               0x08004e3b   Thumb Code    40  btod.o(CL$$btod_emul)
    __btod_mult_common                       0x08004e63   Thumb Code   580  btod.o(CL$$btod_mult_common)
    __ARM_fpclassify                         0x080050a7   Thumb Code    40  fpclassify.o(i.__ARM_fpclassify)
    _is_digit                                0x080050cf   Thumb Code    14  __printf_wp.o(i._is_digit)
    _get_lc_ctype                            0x080050dd   Thumb Code    44  lc_ctype_c.o(locale$$code)
    _get_lc_numeric                          0x08005109   Thumb Code    44  lc_numeric_c.o(locale$$code)
    _printf_fp_dec                           0x08005135   Thumb Code     4  printf1.o(x$fpl$printf1)
    Font12x16_chinese                        0x08005138   Data         456  lcd5110.o(.constdata)
    __I$use$fp                               0x08005138   Number         0  usenofp.o(x$fpl$usenofp)
    write_ch                                 0x08005300   Data          48  lcd5110.o(.constdata)
    Font6x8                                  0x08005330   Data         552  lcd5110.o(.constdata)
    Region$$Table$$Base                      0x08005698   Number         0  anon$$obj.o(Region$$Table)
    Region$$Table$$Limit                     0x080056b8   Number         0  anon$$obj.o(Region$$Table)
    __ctype                                  0x080056c5   Data           0  lc_ctype_c.o(locale$$data)
    latNum                                   0x20000000   Data           4  main.o(.data)
    lonNum                                   0x20000004   Data           4  main.o(.data)
    SystemCoreClock                          0x20000008   Data           4  system_stm32f10x.o(.data)
    AHBPrescTable                            0x2000000c   Data          16  system_stm32f10x.o(.data)
    USART2_RX_STA                            0x2000001e   Data           2  usart2.o(.data)
    USART3_RX_STA                            0x20000022   Data           2  usart3.o(.data)
    __stdout                                 0x20000028   Data           4  usart.o(.data)
    USART_RX_STA                             0x2000002c   Data           2  usart.o(.data)
    Scan_Wtime                               0x20000042   Data           1  mc20.o(.data)
    BT_Scan_mode                             0x20000043   Data           1  mc20.o(.data)
    HTTPPostData                             0x20000044   Data         255  main.o(.bss)
    lcdString                                0x20000143   Data         255  main.o(.bss)
    latString                                0x20000242   Data         100  main.o(.bss)
    lonString                                0x200002a6   Data         100  main.o(.bss)
    latTemp                                  0x2000030a   Data           9  main.o(.bss)
    lonTemp                                  0x20000313   Data           9  main.o(.bss)
    USART2_TX_BUF                            0x20000320   Data        1024  usart2.o(.bss)
    USART2_RX_BUF                            0x20000720   Data        1024  usart2.o(.bss)
    USART3_RX_BUF                            0x20000b20   Data         200  usart3.o(.bss)
    DMA_initstructure                        0x20000de0   Data          44  lcd5110.o(.bss)
    USART_RX_BUF                             0x20000e0c   Data         200  usart.o(.bss)
    __libspace_start                         0x20000ed4   Data          96  libspace.o(.bss)
    __temporary_stack_top$libspace           0x20000f34   Data           0  libspace.o(.bss)



==============================================================================

Memory Map of the image

  Image Entry point : 0x080000ed

  Load Region LR_IROM1 (Base: 0x08000000, Size: 0x00005828, Max: 0x00020000, ABSOLUTE)

    Execution Region ER_IROM1 (Base: 0x08000000, Size: 0x000057e4, Max: 0x00020000, ABSOLUTE)

    Base Addr    Size         Type   Attr      Idx    E Section Name        Object

    0x08000000   0x000000ec   Data   RO          370    RESET               startup_stm32f10x_md.o
    0x080000ec   0x00000008   Code   RO          526  * !!!main             c_w.l(__main.o)
    0x080000f4   0x00000034   Code   RO          827    !!!scatter          c_w.l(__scatter.o)
    0x08000128   0x0000001a   Code   RO          829    !!handler_copy      c_w.l(__scatter_copy.o)
    0x08000142   0x00000002   PAD
    0x08000144   0x0000001c   Code   RO          831    !!handler_zi        c_w.l(__scatter_zi.o)
    0x08000160   0x00000000   Code   RO          511    .ARM.Collect$$_printf_percent$$00000000  c_w.l(_printf_percent.o)
    0x08000160   0x00000006   Code   RO          585    .ARM.Collect$$_printf_percent$$00000001  c_w.l(_printf_n.o)
    0x08000166   0x00000006   Code   RO          587    .ARM.Collect$$_printf_percent$$00000002  c_w.l(_printf_p.o)
    0x0800016c   0x00000006   Code   RO          591    .ARM.Collect$$_printf_percent$$00000003  c_w.l(_printf_f.o)
    0x08000172   0x00000006   Code   RO          592    .ARM.Collect$$_printf_percent$$00000004  c_w.l(_printf_e.o)
    0x08000178   0x00000006   Code   RO          593    .ARM.Collect$$_printf_percent$$00000005  c_w.l(_printf_g.o)
    0x0800017e   0x00000006   Code   RO          594    .ARM.Collect$$_printf_percent$$00000006  c_w.l(_printf_a.o)
    0x08000184   0x0000000a   Code   RO          599    .ARM.Collect$$_printf_percent$$00000007  c_w.l(_printf_ll.o)
    0x0800018e   0x00000006   Code   RO          589    .ARM.Collect$$_printf_percent$$00000008  c_w.l(_printf_i.o)
    0x08000194   0x00000006   Code   RO          510    .ARM.Collect$$_printf_percent$$00000009  c_w.l(_printf_d.o)
    0x0800019a   0x00000006   Code   RO          590    .ARM.Collect$$_printf_percent$$0000000A  c_w.l(_printf_u.o)
    0x080001a0   0x00000006   Code   RO          588    .ARM.Collect$$_printf_percent$$0000000B  c_w.l(_printf_o.o)
    0x080001a6   0x00000006   Code   RO          586    .ARM.Collect$$_printf_percent$$0000000C  c_w.l(_printf_x.o)
    0x080001ac   0x00000006   Code   RO          596    .ARM.Collect$$_printf_percent$$0000000D  c_w.l(_printf_lli.o)
    0x080001b2   0x00000006   Code   RO          597    .ARM.Collect$$_printf_percent$$0000000E  c_w.l(_printf_lld.o)
    0x080001b8   0x00000006   Code   RO          598    .ARM.Collect$$_printf_percent$$0000000F  c_w.l(_printf_llu.o)
    0x080001be   0x00000006   Code   RO          603    .ARM.Collect$$_printf_percent$$00000010  c_w.l(_printf_llo.o)
    0x080001c4   0x00000006   Code   RO          604    .ARM.Collect$$_printf_percent$$00000011  c_w.l(_printf_llx.o)
    0x080001ca   0x0000000a   Code   RO          600    .ARM.Collect$$_printf_percent$$00000012  c_w.l(_printf_l.o)
    0x080001d4   0x00000006   Code   RO          584    .ARM.Collect$$_printf_percent$$00000013  c_w.l(_printf_c.o)
    0x080001da   0x00000006   Code   RO          509    .ARM.Collect$$_printf_percent$$00000014  c_w.l(_printf_s.o)
    0x080001e0   0x00000006   Code   RO          601    .ARM.Collect$$_printf_percent$$00000015  c_w.l(_printf_lc.o)
    0x080001e6   0x00000006   Code   RO          602    .ARM.Collect$$_printf_percent$$00000016  c_w.l(_printf_ls.o)
    0x080001ec   0x00000004   Code   RO          595    .ARM.Collect$$_printf_percent$$00000017  c_w.l(_printf_percent_end.o)
    0x080001f0   0x00000002   Code   RO          698    .ARM.Collect$$libinit$$00000000  c_w.l(libinit.o)
    0x080001f2   0x00000000   Code   RO          709    .ARM.Collect$$libinit$$00000002  c_w.l(libinit2.o)
    0x080001f2   0x00000000   Code   RO          711    .ARM.Collect$$libinit$$00000004  c_w.l(libinit2.o)
    0x080001f2   0x00000000   Code   RO          714    .ARM.Collect$$libinit$$0000000A  c_w.l(libinit2.o)
    0x080001f2   0x00000000   Code   RO          716    .ARM.Collect$$libinit$$0000000C  c_w.l(libinit2.o)
    0x080001f2   0x00000000   Code   RO          718    .ARM.Collect$$libinit$$0000000E  c_w.l(libinit2.o)
    0x080001f2   0x00000006   Code   RO          719    .ARM.Collect$$libinit$$0000000F  c_w.l(libinit2.o)
    0x080001f8   0x00000000   Code   RO          721    .ARM.Collect$$libinit$$00000011  c_w.l(libinit2.o)
    0x080001f8   0x0000000c   Code   RO          722    .ARM.Collect$$libinit$$00000012  c_w.l(libinit2.o)
    0x08000204   0x00000000   Code   RO          723    .ARM.Collect$$libinit$$00000013  c_w.l(libinit2.o)
    0x08000204   0x00000000   Code   RO          725    .ARM.Collect$$libinit$$00000015  c_w.l(libinit2.o)
    0x08000204   0x0000000a   Code   RO          726    .ARM.Collect$$libinit$$00000016  c_w.l(libinit2.o)
    0x0800020e   0x00000000   Code   RO          727    .ARM.Collect$$libinit$$00000017  c_w.l(libinit2.o)
    0x0800020e   0x00000000   Code   RO          729    .ARM.Collect$$libinit$$00000019  c_w.l(libinit2.o)
    0x0800020e   0x00000000   Code   RO          731    .ARM.Collect$$libinit$$0000001B  c_w.l(libinit2.o)
    0x0800020e   0x00000000   Code   RO          733    .ARM.Collect$$libinit$$0000001D  c_w.l(libinit2.o)
    0x0800020e   0x00000000   Code   RO          735    .ARM.Collect$$libinit$$0000001F  c_w.l(libinit2.o)
    0x0800020e   0x00000000   Code   RO          737    .ARM.Collect$$libinit$$00000021  c_w.l(libinit2.o)
    0x0800020e   0x00000000   Code   RO          739    .ARM.Collect$$libinit$$00000023  c_w.l(libinit2.o)
    0x0800020e   0x00000000   Code   RO          741    .ARM.Collect$$libinit$$00000025  c_w.l(libinit2.o)
    0x0800020e   0x00000000   Code   RO          745    .ARM.Collect$$libinit$$0000002C  c_w.l(libinit2.o)
    0x0800020e   0x00000000   Code   RO          747    .ARM.Collect$$libinit$$0000002E  c_w.l(libinit2.o)
    0x0800020e   0x00000000   Code   RO          749    .ARM.Collect$$libinit$$00000030  c_w.l(libinit2.o)
    0x0800020e   0x00000000   Code   RO          751    .ARM.Collect$$libinit$$00000032  c_w.l(libinit2.o)
    0x0800020e   0x00000002   Code   RO          752    .ARM.Collect$$libinit$$00000033  c_w.l(libinit2.o)
    0x08000210   0x00000002   Code   RO          770    .ARM.Collect$$libshutdown$$00000000  c_w.l(libshutdown.o)
    0x08000212   0x00000000   Code   RO          781    .ARM.Collect$$libshutdown$$00000003  c_w.l(libshutdown2.o)
    0x08000212   0x00000000   Code   RO          784    .ARM.Collect$$libshutdown$$00000006  c_w.l(libshutdown2.o)
    0x08000212   0x00000000   Code   RO          787    .ARM.Collect$$libshutdown$$00000009  c_w.l(libshutdown2.o)
    0x08000212   0x00000000   Code   RO          789    .ARM.Collect$$libshutdown$$0000000B  c_w.l(libshutdown2.o)
    0x08000212   0x00000000   Code   RO          792    .ARM.Collect$$libshutdown$$0000000E  c_w.l(libshutdown2.o)
    0x08000212   0x00000002   Code   RO          793    .ARM.Collect$$libshutdown$$0000000F  c_w.l(libshutdown2.o)
    0x08000214   0x00000000   Code   RO          530    .ARM.Collect$$rtentry$$00000000  c_w.l(__rtentry.o)
    0x08000214   0x00000000   Code   RO          615    .ARM.Collect$$rtentry$$00000002  c_w.l(__rtentry2.o)
    0x08000214   0x00000006   Code   RO          627    .ARM.Collect$$rtentry$$00000004  c_w.l(__rtentry4.o)
    0x0800021a   0x00000000   Code   RO          617    .ARM.Collect$$rtentry$$00000009  c_w.l(__rtentry2.o)
    0x0800021a   0x00000004   Code   RO          618    .ARM.Collect$$rtentry$$0000000A  c_w.l(__rtentry2.o)
    0x0800021e   0x00000000   Code   RO          620    .ARM.Collect$$rtentry$$0000000C  c_w.l(__rtentry2.o)
    0x0800021e   0x00000008   Code   RO          621    .ARM.Collect$$rtentry$$0000000D  c_w.l(__rtentry2.o)
    0x08000226   0x00000002   Code   RO          704    .ARM.Collect$$rtexit$$00000000  c_w.l(rtexit.o)
    0x08000228   0x00000000   Code   RO          754    .ARM.Collect$$rtexit$$00000002  c_w.l(rtexit2.o)
    0x08000228   0x00000004   Code   RO          755    .ARM.Collect$$rtexit$$00000003  c_w.l(rtexit2.o)
    0x0800022c   0x00000006   Code   RO          756    .ARM.Collect$$rtexit$$00000004  c_w.l(rtexit2.o)
    0x08000232   0x00000002   PAD
    0x08000234   0x000009c8   Code   RO            1    .text               main.o
    0x08000bfc   0x0000001a   Code   RO          147    .text               stm32f10x_it.o
    0x08000c16   0x00000002   PAD
    0x08000c18   0x000001e8   Code   RO          188    .text               system_stm32f10x.o
    0x08000e00   0x000000fc   Code   RO          206    .text               key.o
    0x08000efc   0x0000009c   Code   RO          219    .text               led.o
    0x08000f98   0x000002e4   Code   RO          231    .text               usart2.o
    0x0800127c   0x000001a0   Code   RO          260    .text               usart3.o
    0x0800141c   0x000002fc   Code   RO          283    .text               lcd5110.o
    0x08001718   0x000000d4   Code   RO          308    .text               delay.o
    0x080017ec   0x0000000c   Code   RO          322    .text               sys.o
    0x080017f8   0x00000148   Code   RO          334    .text               usart.o
    0x08001940   0x00000040   Code   RO          371    .text               startup_stm32f10x_md.o
    0x08001980   0x000000dc   Code   RO          375    .text               misc.o
    0x08001a5c   0x0000035c   Code   RO          387    .text               stm32f10x_gpio.o
    0x08001db8   0x000003ac   Code   RO          399    .text               stm32f10x_rcc.o
    0x08002164   0x00000408   Code   RO          413    .text               stm32f10x_usart.o
    0x0800256c   0x00000e1a   Code   RO          425    .text               stm32f10x_tim.o
    0x08003386   0x00000002   PAD
    0x08003388   0x00000254   Code   RO          437    .text               stm32f10x_dma.o
    0x080035dc   0x000001fc   Code   RO          449    .text               mc20.o
    0x080037d8   0x00000002   Code   RO          469    .text               c_w.l(use_no_semi_2.o)
    0x080037da   0x00000002   PAD
    0x080037dc   0x00000018   Code   RO          471    .text               c_w.l(c89printf.o)
    0x080037f4   0x00000024   Code   RO          473    .text               c_w.l(c89vsprintf.o)
    0x08003818   0x00000018   Code   RO          475    .text               c_w.l(__2printf.o)
    0x08003830   0x0000002c   Code   RO          477    .text               c_w.l(__2sprintf.o)
    0x0800385c   0x00000052   Code   RO          485    .text               c_w.l(_printf_str.o)
    0x080038ae   0x00000002   PAD
    0x080038b0   0x00000078   Code   RO          487    .text               c_w.l(_printf_dec.o)
    0x08003928   0x00000188   Code   RO          506    .text               c_w.l(__printf_flags_ss_wp.o)
    0x08003ab0   0x0000001a   Code   RO          512    .text               c_w.l(atoi.o)
    0x08003aca   0x00000024   Code   RO          514    .text               c_w.l(strstr.o)
    0x08003aee   0x00000048   Code   RO          516    .text               c_w.l(strcpy.o)
    0x08003b36   0x0000003e   Code   RO          518    .text               c_w.l(strlen.o)
    0x08003b74   0x00000018   Code   RO          520    .text               c_w.l(strcat.o)
    0x08003b8c   0x00000056   Code   RO          522    .text               c_w.l(strncpy.o)
    0x08003be2   0x00000006   Code   RO          524    .text               c_w.l(heapauxi.o)
    0x08003be8   0x00000002   Code   RO          528    .text               c_w.l(use_no_semi.o)
    0x08003bea   0x00000002   PAD
    0x08003bec   0x00000008   Code   RO          534    .text               c_w.l(rt_errno_addr_intlibspace.o)
    0x08003bf4   0x0000004e   Code   RO          536    .text               c_w.l(_printf_pad.o)
    0x08003c42   0x00000024   Code   RO          538    .text               c_w.l(_printf_truncate.o)
    0x08003c66   0x000000b2   Code   RO          540    .text               c_w.l(_printf_intcommon.o)
    0x08003d18   0x00000028   Code   RO          542    .text               c_w.l(_printf_charcount.o)
    0x08003d40   0x00000030   Code   RO          544    .text               c_w.l(_printf_char_common.o)
    0x08003d70   0x0000000a   Code   RO          546    .text               c_w.l(_sputc.o)
    0x08003d7a   0x0000002c   Code   RO          548    .text               c_w.l(_printf_char.o)
    0x08003da6   0x00000002   PAD
    0x08003da8   0x00000024   Code   RO          550    .text               c_w.l(_printf_char_file.o)
    0x08003dcc   0x000000bc   Code   RO          552    .text               c_w.l(_printf_wctomb.o)
    0x08003e88   0x0000007c   Code   RO          555    .text               c_w.l(_printf_longlong_dec.o)
    0x08003f04   0x00000070   Code   RO          561    .text               c_w.l(_printf_oct_int_ll.o)
    0x08003f74   0x00000094   Code   RO          581    .text               c_w.l(_printf_hex_int_ll_ptr.o)
    0x08004008   0x00000070   Code   RO          605    .text               c_w.l(strtol.o)
    0x08004078   0x00000044   Code   RO          607    .text               c_w.l(rt_memclr.o)
    0x080040bc   0x00000008   Code   RO          611    .text               c_w.l(libspace.o)
    0x080040c4   0x00000010   Code   RO          629    .text               c_w.l(rt_ctype_table.o)
    0x080040d4   0x0000008a   Code   RO          631    .text               c_w.l(lludiv10.o)
    0x0800415e   0x0000041a   Code   RO          633    .text               c_w.l(_printf_fp_dec.o)
    0x08004578   0x0000002c   Code   RO          637    .text               c_w.l(_printf_wchar.o)
    0x080045a4   0x0000009e   Code   RO          639    .text               c_w.l(_strtoul.o)
    0x08004642   0x00000008   Code   RO          641    .text               c_w.l(ferror.o)
    0x0800464a   0x00000040   Code   RO          645    .text               c_w.l(_wcrtomb.o)
    0x0800468a   0x0000004e   Code   RO          647    .text               c_w.l(rt_memclr_w.o)
    0x080046d8   0x0000004a   Code   RO          649    .text               c_w.l(sys_stackheap_outer.o)
    0x08004722   0x00000002   PAD
    0x08004724   0x00000008   Code   RO          654    .text               c_w.l(rt_locale_intlibspace.o)
    0x0800472c   0x00000080   Code   RO          656    .text               c_w.l(_printf_fp_infnan.o)
    0x080047ac   0x0000001c   Code   RO          658    .text               c_w.l(_chval.o)
    0x080047c8   0x000000dc   Code   RO          660    .text               c_w.l(bigflt0.o)
    0x080048a4   0x0000000c   Code   RO          691    .text               c_w.l(exit.o)
    0x080048b0   0x00000080   Code   RO          706    .text               c_w.l(strcmpv7m.o)
    0x08004930   0x0000003e   Code   RO          663    CL$$btod_d2e        c_w.l(btod.o)
    0x0800496e   0x00000046   Code   RO          665    CL$$btod_d2e_denorm_low  c_w.l(btod.o)
    0x080049b4   0x00000060   Code   RO          664    CL$$btod_d2e_norm_op1  c_w.l(btod.o)
    0x08004a14   0x00000338   Code   RO          673    CL$$btod_div_common  c_w.l(btod.o)
    0x08004d4c   0x000000c6   Code   RO          670    CL$$btod_e2e        c_w.l(btod.o)
    0x08004e12   0x00000028   Code   RO          667    CL$$btod_ediv       c_w.l(btod.o)
    0x08004e3a   0x00000028   Code   RO          666    CL$$btod_emul       c_w.l(btod.o)
    0x08004e62   0x00000244   Code   RO          672    CL$$btod_mult_common  c_w.l(btod.o)
    0x080050a6   0x00000028   Code   RO          702    i.__ARM_fpclassify  m_ws.l(fpclassify.o)
    0x080050ce   0x0000000e   Code   RO          499    i._is_digit         c_w.l(__printf_wp.o)
    0x080050dc   0x0000002c   Code   RO          686    locale$$code        c_w.l(lc_ctype_c.o)
    0x08005108   0x0000002c   Code   RO          689    locale$$code        c_w.l(lc_numeric_c.o)
    0x08005134   0x00000004   Code   RO          609    x$fpl$printf1       fz_ws.l(printf1.o)
    0x08005138   0x00000000   Code   RO          701    x$fpl$usenofp       fz_ws.l(usenofp.o)
    0x08005138   0x00000420   Data   RO          285    .constdata          lcd5110.o
    0x08005558   0x00000011   Data   RO          507    .constdata          c_w.l(__printf_flags_ss_wp.o)
    0x08005569   0x00000003   PAD
    0x0800556c   0x00000008   Data   RO          553    .constdata          c_w.l(_printf_wctomb.o)
    0x08005574   0x00000028   Data   RO          582    .constdata          c_w.l(_printf_hex_int_ll_ptr.o)
    0x0800559c   0x00000094   Data   RO          661    .constdata          c_w.l(bigflt0.o)
    0x08005630   0x00000068   Data   RO            3    .conststring        main.o
    0x08005698   0x00000020   Data   RO          825    Region$$Table       anon$$obj.o
    0x080056b8   0x00000110   Data   RO          685    locale$$data        c_w.l(lc_ctype_c.o)
    0x080057c8   0x0000001c   Data   RO          688    locale$$data        c_w.l(lc_numeric_c.o)


    Execution Region RW_IRAM1 (Base: 0x20000000, Size: 0x00001538, Max: 0x00005000, ABSOLUTE)

    Base Addr    Size         Type   Attr      Idx    E Section Name        Object

    0x20000000   0x00000008   Data   RW            4    .data               main.o
    0x20000008   0x00000014   Data   RW          189    .data               system_stm32f10x.o
    0x2000001c   0x00000001   Data   RW          207    .data               key.o
    0x2000001d   0x00000001   PAD
    0x2000001e   0x00000003   Data   RW          233    .data               usart2.o
    0x20000021   0x00000001   PAD
    0x20000022   0x00000002   Data   RW          262    .data               usart3.o
    0x20000024   0x00000004   Data   RW          309    .data               delay.o
    0x20000028   0x00000006   Data   RW          336    .data               usart.o
    0x2000002e   0x00000014   Data   RW          400    .data               stm32f10x_rcc.o
    0x20000042   0x00000002   Data   RW          450    .data               mc20.o
    0x20000044   0x000002d8   Zero   RW            2    .bss                main.o
    0x2000031c   0x00000004   PAD
    0x20000320   0x00000800   Zero   RW          232    .bss                usart2.o
    0x20000b20   0x000000c8   Zero   RW          261    .bss                usart3.o
    0x20000be8   0x00000224   Zero   RW          284    .bss                lcd5110.o
    0x20000e0c   0x000000c8   Zero   RW          335    .bss                usart.o
    0x20000ed4   0x00000060   Zero   RW          612    .bss                c_w.l(libspace.o)
    0x20000f34   0x00000004   PAD
    0x20000f38   0x00000200   Zero   RW          369    HEAP                startup_stm32f10x_md.o
    0x20001138   0x00000400   Zero   RW          368    STACK               startup_stm32f10x_md.o


==============================================================================

Image component sizes


      Code (inc. data)   RO Data    RW Data    ZI Data      Debug   Object Name

         0          0          0          0          0         32   core_cm3.o
       212         18          0          4          0        971   delay.o
       252         16          0          1          0        792   key.o
       764         26       1056          0        548      11919   lcd5110.o
       156         14          0          0          0        645   led.o
      2504        718        104          8        728     264848   main.o
       508         42          0          2          0       2849   mc20.o
       220         22          0          0          0       1753   misc.o
        64         26        236          0       1536        772   startup_stm32f10x_md.o
       596          8          0          0          0       4282   stm32f10x_dma.o
       860         38          0          0          0       5601   stm32f10x_gpio.o
        26          0          0          0          0       1158   stm32f10x_it.o
       940         44          0         20          0       8752   stm32f10x_rcc.o
      3610         88          0          0          0      22084   stm32f10x_tim.o
      1032         22          0          0          0       8324   stm32f10x_usart.o
        12          0          0          0          0        429   sys.o
       488         46          0         20          0       1671   system_stm32f10x.o
       328         18          0          6        200       3090   usart.o
       740         36          0          3       2048       3793   usart2.o
       416         22          0          2        200       2420   usart3.o

    ----------------------------------------------------------------------
     13732       1204       1428         68       5264     346185   Object Totals
         0          0         32          0          0          0   (incl. Generated)
         4          0          0          2          4          0   (incl. Padding)

    ----------------------------------------------------------------------

      Code (inc. data)   RO Data    RW Data    ZI Data      Debug   Library Member Name

        24          4          0          0          0         84   __2printf.o
        44          6          0          0          0         84   __2sprintf.o
         8          0          0          0          0         68   __main.o
       392          4         17          0          0         92   __printf_flags_ss_wp.o
        14          0          0          0          0         68   __printf_wp.o
         0          0          0          0          0          0   __rtentry.o
        12          0          0          0          0          0   __rtentry2.o
         6          0          0          0          0          0   __rtentry4.o
        52          8          0          0          0          0   __scatter.o
        26          0          0          0          0          0   __scatter_copy.o
        28          0          0          0          0          0   __scatter_zi.o
        28          0          0          0          0         68   _chval.o
         6          0          0          0          0          0   _printf_a.o
         6          0          0          0          0          0   _printf_c.o
        44          0          0          0          0        108   _printf_char.o
        48          6          0          0          0         96   _printf_char_common.o
        36          4          0          0          0         80   _printf_char_file.o
        40          0          0          0          0         68   _printf_charcount.o
         6          0          0          0          0          0   _printf_d.o
       120         16          0          0          0         92   _printf_dec.o
         6          0          0          0          0          0   _printf_e.o
         6          0          0          0          0          0   _printf_f.o
      1050          0          0          0          0        216   _printf_fp_dec.o
       128         16          0          0          0         84   _printf_fp_infnan.o
         6          0          0          0          0          0   _printf_g.o
       148          4         40          0          0        160   _printf_hex_int_ll_ptr.o
         6          0          0          0          0          0   _printf_i.o
       178          0          0          0          0         88   _printf_intcommon.o
        10          0          0          0          0          0   _printf_l.o
         6          0          0          0          0          0   _printf_lc.o
        10          0          0          0          0          0   _printf_ll.o
         6          0          0          0          0          0   _printf_lld.o
         6          0          0          0          0          0   _printf_lli.o
         6          0          0          0          0          0   _printf_llo.o
         6          0          0          0          0          0   _printf_llu.o
         6          0          0          0          0          0   _printf_llx.o
       124         16          0          0          0         92   _printf_longlong_dec.o
         6          0          0          0          0          0   _printf_ls.o
         6          0          0          0          0          0   _printf_n.o
         6          0          0          0          0          0   _printf_o.o
       112          8          0          0          0        124   _printf_oct_int_ll.o
         6          0          0          0          0          0   _printf_p.o
        78          0          0          0          0        108   _printf_pad.o
         0          0          0          0          0          0   _printf_percent.o
         4          0          0          0          0          0   _printf_percent_end.o
         6          0          0          0          0          0   _printf_s.o
        82          0          0          0          0         80   _printf_str.o
        36          0          0          0          0         84   _printf_truncate.o
         6          0          0          0          0          0   _printf_u.o
        44          0          0          0          0        108   _printf_wchar.o
       188          6          8          0          0         92   _printf_wctomb.o
         6          0          0          0          0          0   _printf_x.o
        10          0          0          0          0         68   _sputc.o
       158          0          0          0          0         92   _strtoul.o
        64          0          0          0          0         92   _wcrtomb.o
        26          0          0          0          0         80   atoi.o
       220          4        148          0          0         96   bigflt0.o
      1910        128          0          0          0        672   btod.o
        24          4          0          0          0         84   c89printf.o
        36          4          0          0          0         76   c89vsprintf.o
        12          0          0          0          0         72   exit.o
         8          0          0          0          0         68   ferror.o
         6          0          0          0          0        152   heapauxi.o
        44         10        272          0          0         76   lc_ctype_c.o
        44         10         28          0          0         76   lc_numeric_c.o
         2          0          0          0          0          0   libinit.o
        30          0          0          0          0          0   libinit2.o
         2          0          0          0          0          0   libshutdown.o
         2          0          0          0          0          0   libshutdown2.o
         8          4          0          0         96         68   libspace.o
       138          0          0          0          0         80   lludiv10.o
        16          4          0          0          0         76   rt_ctype_table.o
         8          4          0          0          0         68   rt_errno_addr_intlibspace.o
         8          4          0          0          0         68   rt_locale_intlibspace.o
        68          0          0          0          0         68   rt_memclr.o
        78          0          0          0          0         80   rt_memclr_w.o
         2          0          0          0          0          0   rtexit.o
        10          0          0          0          0          0   rtexit2.o
        24          0          0          0          0         68   strcat.o
       128          0          0          0          0         68   strcmpv7m.o
        72          0          0          0          0         80   strcpy.o
        62          0          0          0          0         76   strlen.o
        86          0          0          0          0         76   strncpy.o
        36          0          0          0          0         80   strstr.o
       112          0          0          0          0         88   strtol.o
        74          0          0          0          0         80   sys_stackheap_outer.o
         2          0          0          0          0         68   use_no_semi.o
         2          0          0          0          0         68   use_no_semi_2.o
         4          0          0          0          0         68   printf1.o
         0          0          0          0          0          0   usenofp.o
        40          0          0          0          0         68   fpclassify.o

    ----------------------------------------------------------------------
      6824        274        516          0        100       5244   Library Totals
        14          0          3          0          4          0   (incl. Padding)

    ----------------------------------------------------------------------

      Code (inc. data)   RO Data    RW Data    ZI Data      Debug   Library Name

      6766        274        513          0         96       5108   c_w.l
         4          0          0          0          0         68   fz_ws.l
        40          0          0          0          0         68   m_ws.l

    ----------------------------------------------------------------------
      6824        274        516          0        100       5244   Library Totals

    ----------------------------------------------------------------------

==============================================================================


      Code (inc. data)   RO Data    RW Data    ZI Data      Debug   

     20556       1478       1944         68       5364     347005   Grand Totals
     20556       1478       1944         68       5364     347005   ELF Image Totals
     20556       1478       1944         68          0          0   ROM Totals

==============================================================================

    Total RO  Size (Code + RO Data)                22500 (  21.97kB)
    Total RW  Size (RW Data + ZI Data)              5432 (   5.30kB)
    Total ROM Size (Code + RO Data + RW Data)      22568 (  22.04kB)

==============================================================================

