Component: ARM Compiler 5.05 update 1 (build 106) Tool: armlink [4d0efa]

==============================================================================

Section Cross References

    main.o(.text) refers to _printf_percent.o(.ARM.Collect$$_printf_percent$$00000000) for _printf_percent
    main.o(.text) refers to _printf_f.o(.ARM.Collect$$_printf_percent$$00000003) for _printf_f
    main.o(.text) refers to printf1.o(x$fpl$printf1) for _printf_fp_dec
    main.o(.text) refers to _printf_d.o(.ARM.Collect$$_printf_percent$$00000009) for _printf_d
    main.o(.text) refers to _printf_dec.o(.text) for _printf_int_dec
    main.o(.text) refers to _printf_s.o(.ARM.Collect$$_printf_percent$$00000014) for _printf_s
    main.o(.text) refers to _printf_str.o(.text) for _printf_str
    main.o(.text) refers to _printf_c.o(.ARM.Collect$$_printf_percent$$00000013) for _printf_c
    main.o(.text) refers to f2d.o(x$fpl$f2d) for __aeabi_f2d
    main.o(.text) refers to __2printf.o(.text) for __2printf
    main.o(.text) refers to fflt_clz.o(x$fpl$ffltu) for __aeabi_ui2f
    main.o(.text) refers to rt_memclr.o(.text) for __aeabi_memclr
    main.o(.text) refers to rt_memclr_w.o(.text) for __aeabi_memclr4
    main.o(.text) refers to ds18b20.o(.text) for DS18B20_Init
    main.o(.text) refers to fflt_clz.o(x$fpl$fflt) for __aeabi_i2f
    main.o(.text) refers to strcat.o(.text) for strcat
    main.o(.text) refers to __2sprintf.o(.text) for __2sprintf
    main.o(.text) refers to fleqf.o(x$fpl$fleqf) for __aeabi_cfcmple
    main.o(.text) refers to stm32f10x_gpio.o(.text) for GPIO_SetBits
    main.o(.text) refers to stm32f10x_tim.o(.text) for TIM_GetFlagStatus
    main.o(.text) refers to mc20.o(.text) for MC20_send_cmd
    main.o(.text) refers to delay.o(.text) for delay_ms
    main.o(.text) refers to pid.o(.bss) for pid
    main.o(.text) refers to main.o(.data) for SetTemp
    main.o(.text) refers to main.o(.bss) for wendu
    main.o(.text) refers to usart2.o(.data) for USART2_RX_STA
    main.o(.text) refers to lcd5110.o(.text) for LCD_Clear
    main.o(.text) refers to sys.o(.text) for NVIC_Configuration
    main.o(.text) refers to usart.o(.text) for uart_init
    main.o(.text) refers to led.o(.text) for LED_Init
    main.o(.text) refers to key.o(.text) for KEY_Init
    main.o(.text) refers to usart2.o(.text) for USART2_Init
    main.o(.text) refers to usart3.o(.text) for uart3_init
    main.o(.text) refers to timer.o(.text) for EXTIX_Init
    main.o(.text) refers to pid.o(.text) for PID_Calc
    main.o(.text) refers to c89printf.o(.text) for __c89printf
    main.o(.text) refers to strlen.o(.text) for strlen
    main.o(.text) refers to strncpy.o(.text) for strncpy
    main.o(.text) refers to main.o(.conststring) for .conststring
    main.o(.text) refers to usart3.o(.data) for USART3_RX_STA
    main.o(.text) refers to usart3.o(.bss) for USART3_RX_BUF
    main.o(.text) refers to rand.o(.emb_text) for rand
    main.o(.text) refers to atoi.o(.text) for atoi
    main.o(.text) refers to strcpy.o(.text) for strcpy
    main.o(.text) refers to usart2.o(.bss) for USART2_RX_BUF
    main.o(.text) refers to stm32f10x_exti.o(.text) for EXTI_GetITStatus
    system_stm32f10x.o(.text) refers to system_stm32f10x.o(.data) for SystemCoreClock
    key.o(.text) refers to stm32f10x_rcc.o(.text) for RCC_APB2PeriphClockCmd
    key.o(.text) refers to stm32f10x_gpio.o(.text) for GPIO_Init
    key.o(.text) refers to delay.o(.text) for delay_ms
    key.o(.text) refers to key.o(.data) for key_up
    led.o(.text) refers to stm32f10x_rcc.o(.text) for RCC_APB2PeriphClockCmd
    led.o(.text) refers to stm32f10x_gpio.o(.text) for GPIO_Init
    usart2.o(.text) refers to stm32f10x_tim.o(.text) for TIM_SetCounter
    usart2.o(.text) refers to stm32f10x_usart.o(.text) for USART_GetITStatus
    usart2.o(.text) refers to stm32f10x_rcc.o(.text) for RCC_APB1PeriphClockCmd
    usart2.o(.text) refers to misc.o(.text) for NVIC_Init
    usart2.o(.text) refers to stm32f10x_dma.o(.text) for DMA_DeInit
    usart2.o(.text) refers to stm32f10x_gpio.o(.text) for GPIO_Init
    usart2.o(.text) refers to c89vsprintf.o(.text) for __c89vsprintf
    usart2.o(.text) refers to strlen.o(.text) for strlen
    usart2.o(.text) refers to usart2.o(.data) for USART2_RX_STA
    usart2.o(.text) refers to usart2.o(.bss) for USART2_RX_BUF
    usart2.o(.text) refers to mc20.o(.data) for Scan_Wtime
    usart3.o(.text) refers to stm32f10x_rcc.o(.text) for RCC_APB1PeriphClockCmd
    usart3.o(.text) refers to stm32f10x_usart.o(.text) for USART_DeInit
    usart3.o(.text) refers to stm32f10x_gpio.o(.text) for GPIO_Init
    usart3.o(.text) refers to misc.o(.text) for NVIC_Init
    usart3.o(.text) refers to usart3.o(.data) for USART3_RX_STA
    usart3.o(.text) refers to usart3.o(.bss) for USART3_RX_BUF
    lcd5110.o(.text) refers to stm32f10x_gpio.o(.text) for GPIO_ResetBits
    lcd5110.o(.text) refers to stm32f10x_rcc.o(.text) for RCC_APB2PeriphClockCmd
    lcd5110.o(.text) refers to delay.o(.text) for delay_ms
[...]
    Heap_Mem                                 0x20001248   Data         512  startup_stm32f10x_md.o(HEAP)
    STACK                                    0x20001448   Section     1024  startup_stm32f10x_md.o(STACK)
    Stack_Mem                                0x20001448   Data        1024  startup_stm32f10x_md.o(STACK)
    __initial_sp                             0x20001848   Data           0  startup_stm32f10x_md.o(STACK)

    Global Symbols

    Symbol Name                              Value     Ov Type        Size  Object(Section)

    BuildAttributes$$THM_ISAv4$P$D$K$B$S$PE$A:L22UL41UL21$X:L11$S22US41US21$IEEE1$IW$USESV6$~STKCKD$USESV7$~SHL$OTIME$ROPI$IEEEJ$EBA8$UX$STANDARDLIB$REQ8$PRES8$EABIv2 0x00000000   Number         0  anon$$obj.o ABSOLUTE
    __ARM_use_no_argv                        0x00000000   Number         0  main.o ABSOLUTE
    _printf_flags                            0x00000000   Number         0  printf_stubs.o ABSOLUTE
    _printf_return_value                     0x00000000   Number         0  printf_stubs.o ABSOLUTE
    _printf_sizespec                         0x00000000   Number         0  printf_stubs.o ABSOLUTE
    _printf_widthprec                        0x00000000   Number         0  printf_stubs.o ABSOLUTE
    __ARM_exceptions_init                     - Undefined Weak Reference
    __alloca_initialize                       - Undefined Weak Reference
    __arm_preinit_                            - Undefined Weak Reference
    __cpp_initialize__aeabi_                  - Undefined Weak Reference
    __cxa_finalize                            - Undefined Weak Reference
    __sigvec_lookup                           - Undefined Weak Reference
    _atexit_init                              - Undefined Weak Reference
    _call_atexit_fns                          - Undefined Weak Reference
    _clock_init                               - Undefined Weak Reference
    _fp_trap_init                             - Undefined Weak Reference
    _fp_trap_shutdown                         - Undefined Weak Reference
    _get_lc_collate                           - Undefined Weak Reference
    _get_lc_monetary                          - Undefined Weak Reference
    _get_lc_time                              - Undefined Weak Reference
    _getenv_init                              - Undefined Weak Reference
    _handle_redirection                       - Undefined Weak Reference
    _init_alloc                               - Undefined Weak Reference
    _init_user_alloc                          - Undefined Weak Reference
    _initio                                   - Undefined Weak Reference
    _mutex_acquire                            - Undefined Weak Reference
    _mutex_release                            - Undefined Weak Reference
    _printf_fp_hex                            - Undefined Weak Reference
    _printf_mbtowc                            - Undefined Weak Reference
    _printf_wc                                - Undefined Weak Reference
    _signal_finish                            - Undefined Weak Reference
    _signal_init                              - Undefined Weak Reference
    _terminate_alloc                          - Undefined Weak Reference
    _terminate_user_alloc                     - Undefined Weak Reference
    _terminateio                              - Undefined Weak Reference
    __Vectors_Size                           0x000000ec   Number         0  startup_stm32f10x_md.o ABSOLUTE
    __Vectors                                0x08000000   Data           4  startup_stm32f10x_md.o(RESET)
    __Vectors_End                            0x080000ec   Data           0  startup_stm32f10x_md.o(RESET)
    __main                                   0x080000ed   Thumb Code     8  __main.o(!!!main)
    __scatterload                            0x080000f5   Thumb Code     0  __scatter.o(!!!scatter)
    __scatterload_rt2                        0x080000f5   Thumb Code    44  __scatter.o(!!!scatter)
    __scatterload_rt2_thumb_only             0x080000f5   Thumb Code     0  __scatter.o(!!!scatter)
    __scatterload_null                       0x08000103   Thumb Code     0  __scatter.o(!!!scatter)
    __scatterload_copy                       0x08000129   Thumb Code    26  __scatter_copy.o(!!handler_copy)
    __scatterload_zeroinit                   0x08000145   Thumb Code    28  __scatter_zi.o(!!handler_zi)
    _printf_n                                0x08000161   Thumb Code     0  _printf_n.o(.ARM.Collect$$_printf_percent$$00000001)
    _printf_percent                          0x08000161   Thumb Code     0  _printf_percent.o(.ARM.Collect$$_printf_percent$$00000000)
    _printf_p                                0x08000167   Thumb Code     0  _printf_p.o(.ARM.Collect$$_printf_percent$$00000002)
    _printf_f                                0x0800016d   Thumb Code     0  _printf_f.o(.ARM.Collect$$_printf_percent$$00000003)
    _printf_e                                0x08000173   Thumb Code     0  _printf_e.o(.ARM.Collect$$_printf_percent$$00000004)
    _printf_g                                0x08000179   Thumb Code     0  _printf_g.o(.ARM.Collect$$_printf_percent$$00000005)
    _printf_a                                0x0800017f   Thumb Code     0  _printf_a.o(.ARM.Collect$$_printf_percent$$00000006)
    _printf_ll                               0x08000185   Thumb Code     0  _printf_ll.o(.ARM.Collect$$_printf_percent$$00000007)
    _printf_i                                0x0800018f   Thumb Code     0  _printf_i.o(.ARM.Collect$$_printf_percent$$00000008)
    _printf_d                                0x08000195   Thumb Code     0  _printf_d.o(.ARM.Collect$$_printf_percent$$00000009)
    _printf_u                                0x0800019b   Thumb Code     0  _printf_u.o(.ARM.Collect$$_printf_percent$$0000000A)
    _printf_o                                0x080001a1   Thumb Code     0  _printf_o.o(.ARM.Collect$$_printf_percent$$0000000B)
    _printf_x                                0x080001a7   Thumb Code     0  _printf_x.o(.ARM.Collect$$_printf_percent$$0000000C)
    _printf_lli                              0x080001ad   Thumb Code     0  _printf_lli.o(.ARM.Collect$$_printf_percent$$0000000D)
    _printf_lld                              0x080001b3   Thumb Code     0  _printf_lld.o(.ARM.Collect$$_printf_percent$$0000000E)
    _printf_llu                              0x080001b9   Thumb Code     0  _printf_llu.o(.ARM.Collect$$_printf_percent$$0000000F)
    _printf_llo                              0x080001bf   Thumb Code     0  _printf_llo.o(.ARM.Collect$$_printf_percent$$00000010)
    _printf_llx                              0x080001c5   Thumb Code     0  _printf_llx.o(.ARM.Collect$$_printf_percent$$00000011)
    _printf_l                                0x080001cb   Thumb Code     0  _printf_l.o(.ARM.Collect$$_printf_percent$$00000012)
    _printf_c                                0x080001d5   Thumb Code     0  _printf_c.o(.ARM.Collect$$_printf_percent$$00000013)
    _printf_s                                0x080001db   Thumb Code     0  _printf_s.o(.ARM.Collect$$_printf_percent$$00000014)
    _printf_lc                               0x080001e1   Thumb Code     0  _printf_lc.o(.ARM.Collect$$_printf_percent$$00000015)
    _printf_ls                               0x080001e7   Thumb Code     0  _printf_ls.o(.ARM.Collect$$_printf_percent$$00000016)
    _printf_percent_end                      0x080001ed   Thumb Code     0  _printf_percent_end.o(.ARM.Collect$$_printf_percent$$00000017)
    __rt_lib_init                            0x080001f1   Thumb Code     0  libinit.o(.ARM.Collect$$libinit$$00000000)
    __rt_lib_init_fp_1                       0x080001f3   Thumb Code     0  libinit2.o(.ARM.Collect$$libinit$$00000002)
    __rt_lib_init_heap_1                     0x080001f3   Thumb Code     0  libinit2.o(.ARM.Collect$$libinit$$0000000A)
    __rt_lib_init_preinit_1                  0x080001f3   Thumb Code     0  libinit2.o(.ARM.Collect$$libinit$$00000004)
    __rt_lib_init_rand_2                     0x080001f3   Thumb Code     0  libinit2.o(.ARM.Collect$$libinit$$0000000D)
    __rt_lib_init_user_alloc_1               0x080001f3   Thumb Code     0  libinit2.o(.ARM.Collect$$libinit$$0000000C)
    __rt_lib_init_lc_common                  0x080001f7   Thumb Code     0  libinit2.o(.ARM.Collect$$libinit$$0000000F)
    __rt_lib_init_rand_1                     0x080001f7   Thumb Code     0  libinit2.o(.ARM.Collect$$libinit$$0000000E)
    __rt_lib_init_lc_collate_1               0x080001fd   Thumb Code     0  libinit2.o(.ARM.Collect$$libinit$$00000011)
    __rt_lib_init_lc_ctype_2                 0x080001fd   Thumb Code     0  libinit2.o(.ARM.Collect$$libinit$$00000012)
    __rt_lib_init_lc_ctype_1                 0x08000209   Thumb Code     0  libinit2.o(.ARM.Collect$$libinit$$00000013)
    __rt_lib_init_lc_monetary_1              0x08000209   Thumb Code     0  libinit2.o(.ARM.Collect$$libinit$$00000015)
    __rt_lib_init_lc_numeric_2               0x08000209   Thumb Code     0  libinit2.o(.ARM.Collect$$libinit$$00000016)
    __rt_lib_init_alloca_1                   0x08000213   Thumb Code     0  libinit2.o(.ARM.Collect$$libinit$$0000002E)
    __rt_lib_init_argv_1                     0x08000213   Thumb Code     0  libinit2.o(.ARM.Collect$$libinit$$0000002C)
    __rt_lib_init_atexit_1                   0x08000213   Thumb Code     0  libinit2.o(.ARM.Collect$$libinit$$0000001B)
    __rt_lib_init_clock_1                    0x08000213   Thumb Code     0  libinit2.o(.ARM.Collect$$libinit$$00000021)
    __rt_lib_init_cpp_1                      0x08000213   Thumb Code     0  libinit2.o(.ARM.Collect$$libinit$$00000032)
    __rt_lib_init_exceptions_1               0x08000213   Thumb Code     0  libinit2.o(.ARM.Collect$$libinit$$00000030)
    __rt_lib_init_fp_trap_1                  0x08000213   Thumb Code     0  libinit2.o(.ARM.Collect$$libinit$$0000001F)
    __rt_lib_init_getenv_1                   0x08000213   Thumb Code     0  libinit2.o(.ARM.Collect$$libinit$$00000023)
    __rt_lib_init_lc_numeric_1               0x08000213   Thumb Code     0  libinit2.o(.ARM.Collect$$libinit$$00000017)
    __rt_lib_init_lc_time_1                  0x08000213   Thumb Code     0  libinit2.o(.ARM.Collect$$libinit$$00000019)
    __rt_lib_init_return                     0x08000213   Thumb Code     0  libinit2.o(.ARM.Collect$$libinit$$00000033)
    __rt_lib_init_signal_1                   0x08000213   Thumb Code     0  libinit2.o(.ARM.Collect$$libinit$$0000001D)
    __rt_lib_init_stdio_1                    0x08000213   Thumb Code     0  libinit2.o(.ARM.Collect$$libinit$$00000025)
    __rt_lib_shutdown                        0x08000215   Thumb Code     0  libshutdown.o(.ARM.Collect$$libshutdown$$00000000)
    __rt_lib_shutdown_fp_trap_1              0x08000217   Thumb Code     0  libshutdown2.o(.ARM.Collect$$libshutdown$$00000006)
    __rt_lib_shutdown_heap_1                 0x08000217   Thumb Code     0  libshutdown2.o(.ARM.Collect$$libshutdown$$0000000E)
    __rt_lib_shutdown_return                 0x08000217   Thumb Code     0  libshutdown2.o(.ARM.Collect$$libshutdown$$0000000F)
    __rt_lib_shutdown_signal_1               0x08000217   Thumb Code     0  libshutdown2.o(.ARM.Collect$$libshutdown$$00000009)
    __rt_lib_shutdown_stdio_1                0x08000217   Thumb Code     0  libshutdown2.o(.ARM.Collect$$libshutdown$$00000003)
    __rt_lib_shutdown_user_alloc_1           0x08000217   Thumb Code     0  libshutdown2.o(.ARM.Collect$$libshutdown$$0000000B)
    __rt_entry                               0x08000219   Thumb Code     0  __rtentry.o(.ARM.Collect$$rtentry$$00000000)
    __rt_entry_presh_1                       0x08000219   Thumb Code     0  __rtentry2.o(.ARM.Collect$$rtentry$$00000002)
    __rt_entry_sh                            0x08000219   Thumb Code     0  __rtentry4.o(.ARM.Collect$$rtentry$$00000004)
    __rt_entry_li                            0x0800021f   Thumb Code     0  __rtentry2.o(.ARM.Collect$$rtentry$$0000000A)
    __rt_entry_postsh_1                      0x0800021f   Thumb Code     0  __rtentry2.o(.ARM.Collect$$rtentry$$00000009)
    __rt_entry_main                          0x08000223   Thumb Code     0  __rtentry2.o(.ARM.Collect$$rtentry$$0000000D)
    __rt_entry_postli_1                      0x08000223   Thumb Code     0  __rtentry2.o(.ARM.Collect$$rtentry$$0000000C)
    __rt_exit                                0x0800022b   Thumb Code     0  rtexit.o(.ARM.Collect$$rtexit$$00000000)
    __rt_exit_ls                             0x0800022d   Thumb Code     0  rtexit2.o(.ARM.Collect$$rtexit$$00000003)
    __rt_exit_prels_1                        0x0800022d   Thumb Code     0  rtexit2.o(.ARM.Collect$$rtexit$$00000002)
    __rt_exit_exit                           0x08000231   Thumb Code     0  rtexit2.o(.ARM.Collect$$rtexit$$00000004)
    rand                                     0x08000239   Thumb Code    48  rand.o(.emb_text)
    Display                                  0x0800026d   Thumb Code   124  main.o(.text)
    PID_Init                                 0x080002e9   Thumb Code    84  main.o(.text)
    display_template_event                   0x0800033d   Thumb Code   470  main.o(.text)
    PID_out                                  0x08000513   Thumb Code    72  main.o(.text)
    PID_out1                                 0x0800055b   Thumb Code    72  main.o(.text)
    TIM3_IRQHandler                          0x080005a3   Thumb Code    58  main.o(.text)
    MC20_init                                0x080005dd   Thumb Code   600  main.o(.text)
    main                                     0x08000835   Thumb Code  2680  main.o(.text)
    EXTI2_IRQHandler                         0x080012ad   Thumb Code    84  main.o(.text)
    EXTI3_IRQHandler                         0x08001301   Thumb Code    66  main.o(.text)
    EXTI4_IRQHandler                         0x08001343   Thumb Code    88  main.o(.text)
    NMI_Handler                              0x08001415   Thumb Code     2  stm32f10x_it.o(.text)
    HardFault_Handler                        0x08001417   Thumb Code     4  stm32f10x_it.o(.text)
    MemManage_Handler                        0x0800141b   Thumb Code     4  stm32f10x_it.o(.text)
    BusFault_Handler                         0x0800141f   Thumb Code     4  stm32f10x_it.o(.text)
    UsageFault_Handler                       0x08001423   Thumb Code     4  stm32f10x_it.o(.text)
    SVC_Handler                              0x08001427   Thumb Code     2  stm32f10x_it.o(.text)
    DebugMon_Handler                         0x08001429   Thumb Code     2  stm32f10x_it.o(.text)
    PendSV_Handler                           0x0800142b   Thumb Code     2  stm32f10x_it.o(.text)
    SysTick_Handler                          0x0800142d   Thumb Code     2  stm32f10x_it.o(.text)
    SystemInit                               0x0800150f   Thumb Code    78  system_stm32f10x.o(.text)
    SystemCoreClockUpdate                    0x0800155d   Thumb Code   142  system_stm32f10x.o(.text)
    KEY_Init                                 0x08001619   Thumb Code    72  key.o(.text)
    KEY_Scan                                 0x08001661   Thumb Code   124  key.o(.text)
    LED_Init                                 0x080016e9   Thumb Code    94  led.o(.text)
    PWM_Init                                 0x08001747   Thumb Code    68  led.o(.text)
    GPRS_Pwk_Init                            0x0800178b   Thumb Code    48  led.o(.text)
    TIM4_Set                                 0x080017c9   Thumb Code    34  usart2.o(.text)
    USART2_IRQHandler                        0x080017eb   Thumb Code    84  usart2.o(.text)
    TIM4_Init                                0x0800183f   Thumb Code    82  usart2.o(.text)
    UART_DMA_Config                          0x08001891   Thumb Code    72  usart2.o(.text)
    USART2_Init                              0x080018d9   Thumb Code   204  usart2.o(.text)
    UART_DMA_Enable                          0x080019a5   Thumb Code    32  usart2.o(.text)
    u2_printf                                0x080019c5   Thumb Code    56  usart2.o(.text)
    TIM4_SetARR                              0x080019fd   Thumb Code    36  usart2.o(.text)
    TIM4_IRQHandler                          0x08001a21   Thumb Code   104  usart2.o(.text)
    uart3_init                               0x08001aad   Thumb Code   156  usart3.o(.text)
    USART3_IRQHandler                        0x08001b49   Thumb Code   130  usart3.o(.text)
    Usart_SendStr_length                     0x08001be9   Thumb Code    32  usart3.o(.text)
    Usart_SendString                         0x08001c09   Thumb Code    28  usart3.o(.text)
    ClearRAM                                 0x08001c25   Thumb Code    18  usart3.o(.text)
    LCD_Send                                 0x08001c4d   Thumb Code    88  lcd5110.o(.text)
    LCD5110_IO_Configuration                 0x08001ca5   Thumb Code   148  lcd5110.o(.text)
    LCD5110_Init                             0x08001d39   Thumb Code   108  lcd5110.o(.text)
    LCD_SetContrast                          0x08001da5   Thumb Code    32  lcd5110.o(.text)
    LCD_SetXY                                0x08001dc5   Thumb Code    54  lcd5110.o(.text)
    LCD_Clear                                0x08001dfb   Thumb Code    48  lcd5110.o(.text)
    LCD_Write_Char                           0x08001e2b   Thumb Code    42  lcd5110.o(.text)
    LCD_Write_Hanzi                          0x08001e55   Thumb Code    98  lcd5110.o(.text)
    LCD_Write_EnStr                          0x08001eb7   Thumb Code   120  lcd5110.o(.text)
    Timer4_init                              0x08001f49   Thumb Code    68  timer.o(.text)
    Timer3_init                              0x08001f8d   Thumb Code    98  timer.o(.text)
    TIM2_Int_Init                            0x08001fef   Thumb Code    92  timer.o(.text)
    EXTIX_Init                               0x0800204b   Thumb Code   204  timer.o(.text)
    DS18B20_Rst                              0x08002121   Thumb Code    54  ds18b20.o(.text)
    DS18B20_Rst1                             0x08002157   Thumb Code    54  ds18b20.o(.text)
    DS18B20_Check                            0x0800218d   Thumb Code    96  ds18b20.o(.text)
    DS18B20_Check1                           0x080021ed   Thumb Code    96  ds18b20.o(.text)
    DS18B20_Read_Bit                         0x0800224d   Thumb Code    96  ds18b20.o(.text)
    DS18B20_Read_Bit1                        0x080022ad   Thumb Code    96  ds18b20.o(.text)
    DS18B20_Read_Byte                        0x0800230d   Thumb Code    34  ds18b20.o(.text)
    DS18B20_Read_Byte1                       0x0800232f   Thumb Code    34  ds18b20.o(.text)
    DS18B20_Write_Byte                       0x08002351   Thumb Code   102  ds18b20.o(.text)
    DS18B20_Write_Byte1                      0x080023b7   Thumb Code   102  ds18b20.o(.text)
    DS18B20_Start                            0x0800241d   Thumb Code    24  ds18b20.o(.text)
    DS18B20_Start1                           0x08002435   Thumb Code    24  ds18b20.o(.text)
    DS18B20_Init                             0x0800244d   Thumb Code    56  ds18b20.o(.text)
    DS18B20_Init1                            0x08002485   Thumb Code    58  ds18b20.o(.text)
    DS18B20_Get_Temp                         0x080024bf   Thumb Code   166  ds18b20.o(.text)
    DS18B20_Get_Temp1                        0x08002565   Thumb Code   136  ds18b20.o(.text)
    delay_init                               0x080025f1   Thumb Code    50  delay.o(.text)
    delay_us                                 0x08002623   Thumb Code    72  delay.o(.text)
    delay_ms                                 0x0800266b   Thumb Code    72  delay.o(.text)
    NVIC_Configuration                       0x080026c5   Thumb Code    12  sys.o(.text)
    _sys_exit                                0x080026d1   Thumb Code     6  usart.o(.text)
    fputc                                    0x080026d7   Thumb Code    24  usart.o(.text)
    uart_init                                0x080026ef   Thumb Code   158  usart.o(.text)
    USART1_IRQHandler                        0x0800278d   Thumb Code   122  usart.o(.text)
    Reset_Handler                            0x08002819   Thumb Code     8  startup_stm32f10x_md.o(.text)
    ADC1_2_IRQHandler                        0x08002833   Thumb Code     0  startup_stm32f10x_md.o(.text)
    CAN1_RX1_IRQHandler                      0x08002833   Thumb Code     0  startup_stm32f10x_md.o(.text)
    CAN1_SCE_IRQHandler                      0x08002833   Thumb Code     0  startup_stm32f10x_md.o(.text)
    DMA1_Channel1_IRQHandler                 0x08002833   Thumb Code     0  startup_stm32f10x_md.o(.text)
    DMA1_Channel2_IRQHandler                 0x08002833   Thumb Code     0  startup_stm32f10x_md.o(.text)
    DMA1_Channel3_IRQHandler                 0x08002833   Thumb Code     0  startup_stm32f10x_md.o(.text)
    DMA1_Channel4_IRQHandler                 0x08002833   Thumb Code     0  startup_stm32f10x_md.o(.text)
    DMA1_Channel5_IRQHandler                 0x08002833   Thumb Code     0  startup_stm32f10x_md.o(.text)
    DMA1_Channel6_IRQHandler                 0x08002833   Thumb Code     0  startup_stm32f10x_md.o(.text)
    DMA1_Channel7_IRQHandler                 0x08002833   Thumb Code     0  startup_stm32f10x_md.o(.text)
    EXTI0_IRQHandler                         0x08002833   Thumb Code     0  startup_stm32f10x_md.o(.text)
    EXTI15_10_IRQHandler                     0x08002833   Thumb Code     0  startup_stm32f10x_md.o(.text)
    EXTI1_IRQHandler                         0x08002833   Thumb Code     0  startup_stm32f10x_md.o(.text)
    EXTI9_5_IRQHandler                       0x08002833   Thumb Code     0  startup_stm32f10x_md.o(.text)
    FLASH_IRQHandler                         0x08002833   Thumb Code     0  startup_stm32f10x_md.o(.text)
    I2C1_ER_IRQHandler                       0x08002833   Thumb Code     0  startup_stm32f10x_md.o(.text)
    I2C1_EV_IRQHandler                       0x08002833   Thumb Code     0  startup_stm32f10x_md.o(.text)
    I2C2_ER_IRQHandler                       0x08002833   Thumb Code     0  startup_stm32f10x_md.o(.text)
    I2C2_EV_IRQHandler                       0x08002833   Thumb Code     0  startup_stm32f10x_md.o(.text)
    PVD_IRQHandler                           0x08002833   Thumb Code     0  startup_stm32f10x_md.o(.text)
    RCC_IRQHandler                           0x08002833   Thumb Code     0  startup_stm32f10x_md.o(.text)
    RTCAlarm_IRQHandler                      0x08002833   Thumb Code     0  startup_stm32f10x_md.o(.text)
    RTC_IRQHandler                           0x08002833   Thumb Code     0  startup_stm32f10x_md.o(.text)
    SPI1_IRQHandler                          0x08002833   Thumb Code     0  startup_stm32f10x_md.o(.text)
    SPI2_IRQHandler                          0x08002833   Thumb Code     0  startup_stm32f10x_md.o(.text)
    TAMPER_IRQHandler                        0x08002833   Thumb Code     0  startup_stm32f10x_md.o(.text)
    TIM1_BRK_IRQHandler                      0x08002833   Thumb Code     0  startup_stm32f10x_md.o(.text)
    TIM1_CC_IRQHandler                       0x08002833   Thumb Code     0  startup_stm32f10x_md.o(.text)
    TIM1_TRG_COM_IRQHandler                  0x08002833   Thumb Code     0  startup_stm32f10x_md.o(.text)
    TIM1_UP_IRQHandler                       0x08002833   Thumb Code     0  startup_stm32f10x_md.o(.text)
    TIM2_IRQHandler                          0x08002833   Thumb Code     0  startup_stm32f10x_md.o(.text)
    USBWakeUp_IRQHandler                     0x08002833   Thumb Code     0  startup_stm32f10x_md.o(.text)
    USB_HP_CAN1_TX_IRQHandler                0x08002833   Thumb Code     0  startup_stm32f10x_md.o(.text)
    USB_LP_CAN1_RX0_IRQHandler               0x08002833   Thumb Code     0  startup_stm32f10x_md.o(.text)
    WWDG_IRQHandler                          0x08002833   Thumb Code     0  startup_stm32f10x_md.o(.text)
    __user_initial_stackheap                 0x08002835   Thumb Code     0  startup_stm32f10x_md.o(.text)
    NVIC_PriorityGroupConfig                 0x08002859   Thumb Code    10  misc.o(.text)
    NVIC_Init                                0x08002863   Thumb Code   100  misc.o(.text)
    NVIC_SetVectorTable                      0x080028c7   Thumb Code    14  misc.o(.text)
    NVIC_SystemLPConfig                      0x080028d5   Thumb Code    34  misc.o(.text)
    SysTick_CLKSourceConfig                  0x080028f7   Thumb Code    40  misc.o(.text)
    GPIO_DeInit                              0x08002935   Thumb Code   172  stm32f10x_gpio.o(.text)
    GPIO_AFIODeInit                          0x080029e1   Thumb Code    20  stm32f10x_gpio.o(.text)
    GPIO_Init                                0x080029f5   Thumb Code   278  stm32f10x_gpio.o(.text)
    GPIO_StructInit                          0x08002b0b   Thumb Code    16  stm32f10x_gpio.o(.text)
    GPIO_ReadInputDataBit                    0x08002b1b   Thumb Code    18  stm32f10x_gpio.o(.text)
    GPIO_ReadInputData                       0x08002b2d   Thumb Code     8  stm32f10x_gpio.o(.text)
    GPIO_ReadOutputDataBit                   0x08002b35   Thumb Code    18  stm32f10x_gpio.o(.text)
    GPIO_ReadOutputData                      0x08002b47   Thumb Code     8  stm32f10x_gpio.o(.text)
    GPIO_SetBits                             0x08002b4f   Thumb Code     4  stm32f10x_gpio.o(.text)
    GPIO_ResetBits                           0x08002b53   Thumb Code     4  stm32f10x_gpio.o(.text)
    GPIO_WriteBit                            0x08002b57   Thumb Code    10  stm32f10x_gpio.o(.text)
    GPIO_Write                               0x08002b61   Thumb Code     4  stm32f10x_gpio.o(.text)
    GPIO_PinLockConfig                       0x08002b65   Thumb Code    18  stm32f10x_gpio.o(.text)
    GPIO_EventOutputConfig                   0x08002b77   Thumb Code    26  stm32f10x_gpio.o(.text)
    GPIO_EventOutputCmd                      0x08002b91   Thumb Code     6  stm32f10x_gpio.o(.text)
    GPIO_PinRemapConfig                      0x08002b97   Thumb Code   138  stm32f10x_gpio.o(.text)
    GPIO_EXTILineConfig                      0x08002c21   Thumb Code    66  stm32f10x_gpio.o(.text)
    GPIO_ETH_MediaInterfaceConfig            0x08002c63   Thumb Code     8  stm32f10x_gpio.o(.text)
    RCC_DeInit                               0x08002c91   Thumb Code    64  stm32f10x_rcc.o(.text)
    RCC_HSEConfig                            0x08002cd1   Thumb Code    70  stm32f10x_rcc.o(.text)
    RCC_GetFlagStatus                        0x08002d17   Thumb Code    56  stm32f10x_rcc.o(.text)
    RCC_WaitForHSEStartUp                    0x08002d4f   Thumb Code    56  stm32f10x_rcc.o(.text)
    RCC_AdjustHSICalibrationValue            0x08002d87   Thumb Code    20  stm32f10x_rcc.o(.text)
    RCC_HSICmd                               0x08002d9b   Thumb Code     6  stm32f10x_rcc.o(.text)
    RCC_PLLConfig                            0x08002da1   Thumb Code    24  stm32f10x_rcc.o(.text)
    RCC_PLLCmd                               0x08002db9   Thumb Code     6  stm32f10x_rcc.o(.text)
    RCC_SYSCLKConfig                         0x08002dbf   Thumb Code    18  stm32f10x_rcc.o(.text)
    RCC_GetSYSCLKSource                      0x08002dd1   Thumb Code    10  stm32f10x_rcc.o(.text)
    RCC_HCLKConfig                           0x08002ddb   Thumb Code    18  stm32f10x_rcc.o(.text)
    RCC_PCLK1Config                          0x08002ded   Thumb Code    18  stm32f10x_rcc.o(.text)
    RCC_PCLK2Config                          0x08002dff   Thumb Code    20  stm32f10x_rcc.o(.text)
    RCC_ITConfig                             0x08002e13   Thumb Code    26  stm32f10x_rcc.o(.text)
    RCC_USBCLKConfig                         0x08002e2d   Thumb Code     8  stm32f10x_rcc.o(.text)
    RCC_ADCCLKConfig                         0x08002e35   Thumb Code    18  stm32f10x_rcc.o(.text)
    RCC_LSEConfig                            0x08002e47   Thumb Code    50  stm32f10x_rcc.o(.text)
    RCC_LSICmd                               0x08002e79   Thumb Code     6  stm32f10x_rcc.o(.text)
    RCC_RTCCLKConfig                         0x08002e7f   Thumb Code    12  stm32f10x_rcc.o(.text)
    RCC_RTCCLKCmd                            0x08002e8b   Thumb Code     8  stm32f10x_rcc.o(.text)
    RCC_GetClocksFreq                        0x08002e93   Thumb Code   192  stm32f10x_rcc.o(.text)
    RCC_AHBPeriphClockCmd                    0x08002f53   Thumb Code    26  stm32f10x_rcc.o(.text)
    RCC_APB2PeriphClockCmd                   0x08002f6d   Thumb Code    26  stm32f10x_rcc.o(.text)
    RCC_APB1PeriphClockCmd                   0x08002f87   Thumb Code    26  stm32f10x_rcc.o(.text)
    RCC_APB2PeriphResetCmd                   0x08002fa1   Thumb Code    26  stm32f10x_rcc.o(.text)
    RCC_APB1PeriphResetCmd                   0x08002fbb   Thumb Code    26  stm32f10x_rcc.o(.text)
    RCC_BackupResetCmd                       0x08002fd5   Thumb Code     8  stm32f10x_rcc.o(.text)
    RCC_ClockSecuritySystemCmd               0x08002fdd   Thumb Code     6  stm32f10x_rcc.o(.text)
    RCC_MCOConfig                            0x08002fe3   Thumb Code     6  stm32f10x_rcc.o(.text)
    RCC_ClearFlag                            0x08002fe9   Thumb Code    14  stm32f10x_rcc.o(.text)
    RCC_GetITStatus                          0x08002ff7   Thumb Code    20  stm32f10x_rcc.o(.text)
    RCC_ClearITPendingBit                    0x0800300b   Thumb Code     6  stm32f10x_rcc.o(.text)
    USART_DeInit                             0x0800303d   Thumb Code   134  stm32f10x_usart.o(.text)
    USART_Init                               0x080030c3   Thumb Code   210  stm32f10x_usart.o(.text)
    USART_StructInit                         0x08003195   Thumb Code    24  stm32f10x_usart.o(.text)
    USART_ClockInit                          0x080031ad   Thumb Code    34  stm32f10x_usart.o(.text)
    USART_ClockStructInit                    0x080031cf   Thumb Code    12  stm32f10x_usart.o(.text)
    USART_Cmd                                0x080031db   Thumb Code    24  stm32f10x_usart.o(.text)
    USART_ITConfig                           0x080031f3   Thumb Code    74  stm32f10x_usart.o(.text)
    USART_DMACmd                             0x0800323d   Thumb Code    18  stm32f10x_usart.o(.text)
    USART_SetAddress                         0x0800324f   Thumb Code    18  stm32f10x_usart.o(.text)
    USART_WakeUpConfig                       0x08003261   Thumb Code    18  stm32f10x_usart.o(.text)
    USART_ReceiverWakeUpCmd                  0x08003273   Thumb Code    24  stm32f10x_usart.o(.text)
    USART_LINBreakDetectLengthConfig         0x0800328b   Thumb Code    18  stm32f10x_usart.o(.text)
    USART_LINCmd                             0x0800329d   Thumb Code    24  stm32f10x_usart.o(.text)
    USART_SendData                           0x080032b5   Thumb Code     8  stm32f10x_usart.o(.text)
    USART_ReceiveData                        0x080032bd   Thumb Code    10  stm32f10x_usart.o(.text)
    USART_SendBreak                          0x080032c7   Thumb Code    10  stm32f10x_usart.o(.text)
    USART_SetGuardTime                       0x080032d1   Thumb Code    16  stm32f10x_usart.o(.text)
    USART_SetPrescaler                       0x080032e1   Thumb Code    16  stm32f10x_usart.o(.text)
    USART_SmartCardCmd                       0x080032f1   Thumb Code    24  stm32f10x_usart.o(.text)
    USART_SmartCardNACKCmd                   0x08003309   Thumb Code    24  stm32f10x_usart.o(.text)
    USART_HalfDuplexCmd                      0x08003321   Thumb Code    24  stm32f10x_usart.o(.text)
    USART_OverSampling8Cmd                   0x08003339   Thumb Code    22  stm32f10x_usart.o(.text)
    USART_OneBitMethodCmd                    0x0800334f   Thumb Code    24  stm32f10x_usart.o(.text)
    USART_IrDAConfig                         0x08003367   Thumb Code    18  stm32f10x_usart.o(.text)
    USART_IrDACmd                            0x08003379   Thumb Code    24  stm32f10x_usart.o(.text)
    USART_GetFlagStatus                      0x08003391   Thumb Code    26  stm32f10x_usart.o(.text)
    USART_ClearFlag                          0x080033ab   Thumb Code    18  stm32f10x_usart.o(.text)
    USART_GetITStatus                        0x080033bd   Thumb Code    84  stm32f10x_usart.o(.text)
    USART_ClearITPendingBit                  0x08003411   Thumb Code    52  stm32f10x_usart.o(.text)
    TIM_DeInit                               0x08003445   Thumb Code   424  stm32f10x_tim.o(.text)
    TIM_TimeBaseInit                         0x080035ed   Thumb Code   122  stm32f10x_tim.o(.text)
    TIM_OC1Init                              0x08003667   Thumb Code   132  stm32f10x_tim.o(.text)
    TIM_OC2Init                              0x080036eb   Thumb Code   154  stm32f10x_tim.o(.text)
    TIM_OC3Init                              0x08003785   Thumb Code   150  stm32f10x_tim.o(.text)
    TIM_OC4Init                              0x0800381b   Thumb Code   182  stm32f10x_tim.o(.text)
    TIM_SetIC4Prescaler                      0x080038d1   Thumb Code    26  stm32f10x_tim.o(.text)
    TIM_SetIC3Prescaler                      0x0800396d   Thumb Code    18  stm32f10x_tim.o(.text)
    TIM_SetIC2Prescaler                      0x080039f9   Thumb Code    26  stm32f10x_tim.o(.text)
    TIM_SetIC1Prescaler                      0x08003a95   Thumb Code    18  stm32f10x_tim.o(.text)
    TIM_ICInit                               0x08003b13   Thumb Code   150  stm32f10x_tim.o(.text)
    TIM_PWMIConfig                           0x08003ba9   Thumb Code   124  stm32f10x_tim.o(.text)
    TIM_BDTRConfig                           0x08003c25   Thumb Code    32  stm32f10x_tim.o(.text)
    TIM_TimeBaseStructInit                   0x08003c45   Thumb Code    18  stm32f10x_tim.o(.text)
    TIM_OCStructInit                         0x08003c57   Thumb Code    20  stm32f10x_tim.o(.text)
    TIM_ICStructInit                         0x08003c6b   Thumb Code    18  stm32f10x_tim.o(.text)
    TIM_BDTRStructInit                       0x08003c7d   Thumb Code    40  stm32f10x_tim.o(.text)
    TIM_Cmd                                  0x08003ca5   Thumb Code    24  stm32f10x_tim.o(.text)
    TIM_CtrlPWMOutputs                       0x08003cbd   Thumb Code    30  stm32f10x_tim.o(.text)
    TIM_ITConfig                             0x08003cdb   Thumb Code    18  stm32f10x_tim.o(.text)
    TIM_GenerateEvent                        0x08003ced   Thumb Code     4  stm32f10x_tim.o(.text)
    TIM_DMAConfig                            0x08003cf1   Thumb Code    10  stm32f10x_tim.o(.text)
    TIM_DMACmd                               0x08003cfb   Thumb Code    18  stm32f10x_tim.o(.text)
    TIM_InternalClockConfig                  0x08003d0d   Thumb Code    12  stm32f10x_tim.o(.text)
    TIM_SelectInputTrigger                   0x08003d19   Thumb Code    18  stm32f10x_tim.o(.text)
    TIM_ITRxExternalClockConfig              0x08003d2b   Thumb Code    24  stm32f10x_tim.o(.text)
    TIM_TIxExternalClockConfig               0x08003d43   Thumb Code    62  stm32f10x_tim.o(.text)
    TIM_ETRConfig                            0x08003d81   Thumb Code    28  stm32f10x_tim.o(.text)
    TIM_ETRClockMode1Config                  0x08003d9d   Thumb Code    54  stm32f10x_tim.o(.text)
    TIM_ETRClockMode2Config                  0x08003dd3   Thumb Code    32  stm32f10x_tim.o(.text)
    TIM_PrescalerConfig                      0x08003df3   Thumb Code     6  stm32f10x_tim.o(.text)
    TIM_CounterModeConfig                    0x08003df9   Thumb Code    18  stm32f10x_tim.o(.text)
    TIM_EncoderInterfaceConfig               0x08003e0b   Thumb Code    66  stm32f10x_tim.o(.text)
    TIM_ForcedOC1Config                      0x08003e4d   Thumb Code    18  stm32f10x_tim.o(.text)
    TIM_ForcedOC2Config                      0x08003e5f   Thumb Code    26  stm32f10x_tim.o(.text)
    TIM_ForcedOC3Config                      0x08003e79   Thumb Code    18  stm32f10x_tim.o(.text)
    TIM_ForcedOC4Config                      0x08003e8b   Thumb Code    26  stm32f10x_tim.o(.text)
    TIM_ARRPreloadConfig                     0x08003ea5   Thumb Code    24  stm32f10x_tim.o(.text)
    TIM_SelectCOM                            0x08003ebd   Thumb Code    24  stm32f10x_tim.o(.text)
    TIM_SelectCCDMA                          0x08003ed5   Thumb Code    24  stm32f10x_tim.o(.text)
    TIM_CCPreloadControl                     0x08003eed   Thumb Code    24  stm32f10x_tim.o(.text)
    TIM_OC1PreloadConfig                     0x08003f05   Thumb Code    18  stm32f10x_tim.o(.text)
    TIM_OC2PreloadConfig                     0x08003f17   Thumb Code    26  stm32f10x_tim.o(.text)
    TIM_OC3PreloadConfig                     0x08003f31   Thumb Code    18  stm32f10x_tim.o(.text)
    TIM_OC4PreloadConfig                     0x08003f43   Thumb Code    26  stm32f10x_tim.o(.text)
    TIM_OC1FastConfig                        0x08003f5d   Thumb Code    18  stm32f10x_tim.o(.text)
    TIM_OC2FastConfig                        0x08003f6f   Thumb Code    26  stm32f10x_tim.o(.text)
    TIM_OC3FastConfig                        0x08003f89   Thumb Code    18  stm32f10x_tim.o(.text)
    TIM_OC4FastConfig                        0x08003f9b   Thumb Code    26  stm32f10x_tim.o(.text)
    TIM_ClearOC1Ref                          0x08003fb5   Thumb Code    18  stm32f10x_tim.o(.text)
    TIM_ClearOC2Ref                          0x08003fc7   Thumb Code    24  stm32f10x_tim.o(.text)
    TIM_ClearOC3Ref                          0x08003fdf   Thumb Code    18  stm32f10x_tim.o(.text)
    TIM_ClearOC4Ref                          0x08003ff1   Thumb Code    24  stm32f10x_tim.o(.text)
    TIM_OC1PolarityConfig                    0x08004009   Thumb Code    18  stm32f10x_tim.o(.text)
    TIM_OC1NPolarityConfig                   0x0800401b   Thumb Code    18  stm32f10x_tim.o(.text)
    TIM_OC2PolarityConfig                    0x0800402d   Thumb Code    26  stm32f10x_tim.o(.text)
    TIM_OC2NPolarityConfig                   0x08004047   Thumb Code    26  stm32f10x_tim.o(.text)
    TIM_OC3PolarityConfig                    0x08004061   Thumb Code    26  stm32f10x_tim.o(.text)
    TIM_OC3NPolarityConfig                   0x0800407b   Thumb Code    26  stm32f10x_tim.o(.text)
    TIM_OC4PolarityConfig                    0x08004095   Thumb Code    26  stm32f10x_tim.o(.text)
    TIM_CCxCmd                               0x080040af   Thumb Code    30  stm32f10x_tim.o(.text)
    TIM_CCxNCmd                              0x080040cd   Thumb Code    30  stm32f10x_tim.o(.text)
    TIM_SelectOCxM                           0x080040eb   Thumb Code    82  stm32f10x_tim.o(.text)
    TIM_UpdateDisableConfig                  0x0800413d   Thumb Code    24  stm32f10x_tim.o(.text)
    TIM_UpdateRequestConfig                  0x08004155   Thumb Code    24  stm32f10x_tim.o(.text)
    TIM_SelectHallSensor                     0x0800416d   Thumb Code    24  stm32f10x_tim.o(.text)
    TIM_SelectOnePulseMode                   0x08004185   Thumb Code    18  stm32f10x_tim.o(.text)
    TIM_SelectOutputTrigger                  0x08004197   Thumb Code    18  stm32f10x_tim.o(.text)
    TIM_SelectSlaveMode                      0x080041a9   Thumb Code    18  stm32f10x_tim.o(.text)
    TIM_SelectMasterSlaveMode                0x080041bb   Thumb Code    18  stm32f10x_tim.o(.text)
    TIM_SetCounter                           0x080041cd   Thumb Code     4  stm32f10x_tim.o(.text)
    TIM_SetAutoreload                        0x080041d1   Thumb Code     4  stm32f10x_tim.o(.text)
    TIM_SetCompare1                          0x080041d5   Thumb Code     4  stm32f10x_tim.o(.text)
    TIM_SetCompare2                          0x080041d9   Thumb Code     4  stm32f10x_tim.o(.text)
    TIM_SetCompare3                          0x080041dd   Thumb Code     4  stm32f10x_tim.o(.text)
    TIM_SetCompare4                          0x080041e1   Thumb Code     6  stm32f10x_tim.o(.text)
    TIM_SetClockDivision                     0x080041e7   Thumb Code    18  stm32f10x_tim.o(.text)
    TIM_GetCapture1                          0x080041f9   Thumb Code     6  stm32f10x_tim.o(.text)
    TIM_GetCapture2                          0x080041ff   Thumb Code     6  stm32f10x_tim.o(.text)
    TIM_GetCapture3                          0x08004205   Thumb Code     6  stm32f10x_tim.o(.text)
    TIM_GetCapture4                          0x0800420b   Thumb Code     8  stm32f10x_tim.o(.text)
    TIM_GetCounter                           0x08004213   Thumb Code     6  stm32f10x_tim.o(.text)
    TIM_GetPrescaler                         0x08004219   Thumb Code     6  stm32f10x_tim.o(.text)
    TIM_GetFlagStatus                        0x0800421f   Thumb Code    18  stm32f10x_tim.o(.text)
    TIM_ClearFlag                            0x08004231   Thumb Code     6  stm32f10x_tim.o(.text)
    TIM_GetITStatus                          0x08004237   Thumb Code    34  stm32f10x_tim.o(.text)
    TIM_ClearITPendingBit                    0x08004259   Thumb Code     6  stm32f10x_tim.o(.text)
    DMA_DeInit                               0x08004261   Thumb Code   324  stm32f10x_dma.o(.text)
    DMA_Init                                 0x080043a5   Thumb Code    60  stm32f10x_dma.o(.text)
    DMA_StructInit                           0x080043e1   Thumb Code    26  stm32f10x_dma.o(.text)
    DMA_Cmd                                  0x080043fb   Thumb Code    24  stm32f10x_dma.o(.text)
    DMA_ITConfig                             0x08004413   Thumb Code    18  stm32f10x_dma.o(.text)
    DMA_SetCurrDataCounter                   0x08004425   Thumb Code     4  stm32f10x_dma.o(.text)
    DMA_GetCurrDataCounter                   0x08004429   Thumb Code     8  stm32f10x_dma.o(.text)
    DMA_GetFlagStatus                        0x08004431   Thumb Code    40  stm32f10x_dma.o(.text)
    DMA_ClearFlag                            0x08004459   Thumb Code    22  stm32f10x_dma.o(.text)
    DMA_GetITStatus                          0x0800446f   Thumb Code    40  stm32f10x_dma.o(.text)
    DMA_ClearITPendingBit                    0x08004497   Thumb Code    22  stm32f10x_dma.o(.text)
    EXTI_DeInit                              0x080044b5   Thumb Code    28  stm32f10x_exti.o(.text)
    EXTI_Init                                0x080044d1   Thumb Code   142  stm32f10x_exti.o(.text)
    EXTI_StructInit                          0x0800455f   Thumb Code    16  stm32f10x_exti.o(.text)
    EXTI_GenerateSWInterrupt                 0x0800456f   Thumb Code    16  stm32f10x_exti.o(.text)
    EXTI_GetFlagStatus                       0x0800457f   Thumb Code    22  stm32f10x_exti.o(.text)
    EXTI_ClearFlag                           0x08004595   Thumb Code     8  stm32f10x_exti.o(.text)
    EXTI_GetITStatus                         0x0800459d   Thumb Code    34  stm32f10x_exti.o(.text)
    EXTI_ClearITPendingBit                   0x080045bf   Thumb Code     8  stm32f10x_exti.o(.text)
    sim_at_response                          0x080045d1   Thumb Code    46  mc20.o(.text)
    MC20_check_cmd                           0x080045ff   Thumb Code    44  mc20.o(.text)
    MC20_send_cmd                            0x0800462b   Thumb Code   204  mc20.o(.text)
    MC20_chr2hex                             0x080046f7   Thumb Code    54  mc20.o(.text)
    MC20_hex2chr                             0x0800472d   Thumb Code    34  mc20.o(.text)
    PID_Calc                                 0x08004779   Thumb Code   294  pid.o(.text)
    PID_Calc_overshoot                       0x0800489f   Thumb Code   566  pid.o(.text)
    PID_Calc1                                0x08004ad5   Thumb Code   360  pid.o(.text)
    PID_Calc_overshoot1                      0x08004c3d   Thumb Code   570  pid.o(.text)
    __use_no_semihosting                     0x08004e9d   Thumb Code     2  use_no_semi_2.o(.text)
    __c89printf                              0x08004ea1   Thumb Code    20  c89printf.o(.text)
    __c89vsprintf                            0x08004eb9   Thumb Code    32  c89vsprintf.o(.text)
    __2printf                                0x08004edd   Thumb Code    20  __2printf.o(.text)
    __2sprintf                               0x08004ef5   Thumb Code    38  __2sprintf.o(.text)
    _printf_str                              0x08004f21   Thumb Code    82  _printf_str.o(.text)
    _printf_int_dec                          0x08004f75   Thumb Code   104  _printf_dec.o(.text)
    __printf                                 0x08004fed   Thumb Code   388  __printf_flags_ss_wp.o(.text)
    atoi                                     0x08005175   Thumb Code    26  atoi.o(.text)
    srand                                    0x08005191   Thumb Code    42  rand.o(.text)
    _rand_init                               0x080051bb   Thumb Code     4  rand.o(.text)
    strstr                                   0x080051cd   Thumb Code    36  strstr.o(.text)
    strcpy                                   0x080051f1   Thumb Code    72  strcpy.o(.text)
    strlen                                   0x08005239   Thumb Code    62  strlen.o(.text)
    strcat                                   0x08005277   Thumb Code    24  strcat.o(.text)
    __aeabi_memclr                           0x0800528f   Thumb Code     0  rt_memclr.o(.text)
    __rt_memclr                              0x0800528f   Thumb Code    68  rt_memclr.o(.text)
    _memset                                  0x08005293   Thumb Code     0  rt_memclr.o(.text)
    __aeabi_memclr4                          0x080052d3   Thumb Code     0  rt_memclr_w.o(.text)
    __aeabi_memclr8                          0x080052d3   Thumb Code     0  rt_memclr_w.o(.text)
    __rt_memclr_w                            0x080052d3   Thumb Code    78  rt_memclr_w.o(.text)
    _memset_w                                0x080052d7   Thumb Code     0  rt_memclr_w.o(.text)
    strncpy                                  0x08005321   Thumb Code    86  strncpy.o(.text)
    __use_two_region_memory                  0x08005377   Thumb Code     2  heapauxi.o(.text)
    __rt_heap_escrow$2region                 0x08005379   Thumb Code     2  heapauxi.o(.text)
    __rt_heap_expand$2region                 0x0800537b   Thumb Code     2  heapauxi.o(.text)
    __I$use$semihosting                      0x0800537d   Thumb Code     0  use_no_semi.o(.text)
    __use_no_semihosting_swi                 0x0800537d   Thumb Code     2  use_no_semi.o(.text)
    __aeabi_errno_addr                       0x08005381   Thumb Code     8  rt_errno_addr_intlibspace.o(.text)
    __errno$intlibspace                      0x08005381   Thumb Code     0  rt_errno_addr_intlibspace.o(.text)
    __rt_errno_addr$intlibspace              0x08005381   Thumb Code     0  rt_errno_addr_intlibspace.o(.text)
    _printf_pre_padding                      0x08005389   Thumb Code    44  _printf_pad.o(.text)
    _printf_post_padding                     0x080053b5   Thumb Code    34  _printf_pad.o(.text)
    _printf_truncate_signed                  0x080053d7   Thumb Code    18  _printf_truncate.o(.text)
    _printf_truncate_unsigned                0x080053e9   Thumb Code    18  _printf_truncate.o(.text)
    _printf_int_common                       0x080053fb   Thumb Code   178  _printf_intcommon.o(.text)
    _printf_charcount                        0x080054ad   Thumb Code    40  _printf_charcount.o(.text)
    __lib_sel_fp_printf                      0x080054d5   Thumb Code     2  _printf_fp_dec.o(.text)
    _printf_fp_dec_real                      0x08005683   Thumb Code   620  _printf_fp_dec.o(.text)
    _printf_char_common                      0x080058fb   Thumb Code    32  _printf_char_common.o(.text)
    _sputc                                   0x08005921   Thumb Code    10  _sputc.o(.text)
    _printf_cs_common                        0x0800592b   Thumb Code    20  _printf_char.o(.text)
    _printf_char                             0x0800593f   Thumb Code    16  _printf_char.o(.text)
    _printf_string                           0x0800594f   Thumb Code     8  _printf_char.o(.text)
    _printf_char_file                        0x08005959   Thumb Code    32  _printf_char_file.o(.text)
    _printf_wctomb                           0x0800597d   Thumb Code   182  _printf_wctomb.o(.text)
    _printf_longlong_dec                     0x08005a39   Thumb Code   108  _printf_longlong_dec.o(.text)
    _printf_longlong_oct                     0x08005ab5   Thumb Code    68  _printf_oct_int_ll.o(.text)
    _printf_int_oct                          0x08005af9   Thumb Code    24  _printf_oct_int_ll.o(.text)
    _printf_ll_oct                           0x08005b11   Thumb Code    12  _printf_oct_int_ll.o(.text)
    _printf_longlong_hex                     0x08005b25   Thumb Code    86  _printf_hex_int_ll_ptr.o(.text)
    _printf_int_hex                          0x08005b7b   Thumb Code    28  _printf_hex_int_ll_ptr.o(.text)
    _printf_ll_hex                           0x08005b97   Thumb Code    12  _printf_hex_int_ll_ptr.o(.text)
    _printf_hex_ptr                          0x08005ba3   Thumb Code    18  _printf_hex_int_ll_ptr.o(.text)
    strtol                                   0x08005bb9   Thumb Code   112  strtol.o(.text)
    __user_libspace                          0x08005c29   Thumb Code     8  libspace.o(.text)
    __user_perproc_libspace                  0x08005c29   Thumb Code     0  libspace.o(.text)
    __user_perthread_libspace                0x08005c29   Thumb Code     0  libspace.o(.text)
    __rt_ctype_table                         0x08005c31   Thumb Code    16  rt_ctype_table.o(.text)
    __rt_locale                              0x08005c41   Thumb Code     8  rt_locale_intlibspace.o(.text)
    _ll_udiv10                               0x08005c49   Thumb Code   138  lludiv10.o(.text)
    _printf_fp_infnan                        0x08005cd5   Thumb Code   112  _printf_fp_infnan.o(.text)
    _printf_lcs_common                       0x08005d55   Thumb Code    20  _printf_wchar.o(.text)
    _printf_wchar                            0x08005d69   Thumb Code    16  _printf_wchar.o(.text)
    _printf_wstring                          0x08005d79   Thumb Code     8  _printf_wchar.o(.text)
    _strtoul                                 0x08005d81   Thumb Code   158  _strtoul.o(.text)
    _btod_etento                             0x08005e21   Thumb Code   216  bigflt0.o(.text)
    ferror                                   0x08005efd   Thumb Code     8  ferror.o(.text)
    _wcrtomb                                 0x08005f05   Thumb Code    64  _wcrtomb.o(.text)
    __user_setup_stackheap                   0x08005f45   Thumb Code    74  sys_stackheap_outer.o(.text)
    _chval                                   0x08005f8f   Thumb Code    28  _chval.o(.text)
    exit                                     0x08005fab   Thumb Code    12  exit.o(.text)
    strcmp                                   0x08005fb9   Thumb Code   128  strcmpv7m.o(.text)
    _btod_d2e                                0x08006039   Thumb Code    62  btod.o(CL$$btod_d2e)
    _d2e_denorm_low                          0x08006077   Thumb Code    70  btod.o(CL$$btod_d2e_denorm_low)
    _d2e_norm_op1                            0x080060bd   Thumb Code    96  btod.o(CL$$btod_d2e_norm_op1)
    __btod_div_common                        0x0800611d   Thumb Code   696  btod.o(CL$$btod_div_common)
    _e2e                                     0x08006455   Thumb Code   198  btod.o(CL$$btod_e2e)
    _btod_ediv                               0x0800651b   Thumb Code    40  btod.o(CL$$btod_ediv)
    _btod_emul                               0x08006543   Thumb Code    40  btod.o(CL$$btod_emul)
    __btod_mult_common                       0x0800656b   Thumb Code   580  btod.o(CL$$btod_mult_common)
    __ARM_fpclassify                         0x080067af   Thumb Code    40  fpclassify.o(i.__ARM_fpclassify)
    _is_digit                                0x080067d7   Thumb Code    14  __printf_wp.o(i._is_digit)
    _get_lc_numeric                          0x080067e5   Thumb Code    44  lc_numeric_c.o(locale$$code)
    _get_lc_ctype                            0x08006811   Thumb Code    44  lc_ctype_c.o(locale$$code)
    __aeabi_d2f                              0x0800683d   Thumb Code     0  d2f.o(x$fpl$d2f)
    _d2f                                     0x0800683d   Thumb Code    98  d2f.o(x$fpl$d2f)
    __fpl_dcmp_Inf                           0x0800689f   Thumb Code    24  dcmpi.o(x$fpl$dcmpinf)
    __aeabi_d2iz                             0x080068b9   Thumb Code     0  dfix.o(x$fpl$dfix)
    _dfix                                    0x080068b9   Thumb Code    94  dfix.o(x$fpl$dfix)
    __aeabi_cdcmple                          0x08006919   Thumb Code     0  dleqf.o(x$fpl$dleqf)
    _dcmple                                  0x08006919   Thumb Code   120  dleqf.o(x$fpl$dleqf)
    __fpl_dcmple_InfNaN                      0x0800697b   Thumb Code     0  dleqf.o(x$fpl$dleqf)
    __aeabi_dmul                             0x08006991   Thumb Code     0  dmul.o(x$fpl$dmul)
    _dmul                                    0x08006991   Thumb Code   332  dmul.o(x$fpl$dmul)
    __fpl_dnaninf                            0x08006ae5   Thumb Code   156  dnaninf.o(x$fpl$dnaninf)
    __fpl_dretinf                            0x08006b81   Thumb Code    12  dretinf.o(x$fpl$dretinf)
    __aeabi_f2d                              0x08006b8d   Thumb Code     0  f2d.o(x$fpl$f2d)
    _f2d                                     0x08006b8d   Thumb Code    86  f2d.o(x$fpl$f2d)
    __aeabi_fadd                             0x08006be5   Thumb Code     0  faddsub_clz.o(x$fpl$fadd)
    _fadd                                    0x08006be5   Thumb Code   196  faddsub_clz.o(x$fpl$fadd)
    __fpl_fcmp_Inf                           0x08006ca9   Thumb Code    24  fcmpi.o(x$fpl$fcmpinf)
    __aeabi_fdiv                             0x08006cc1   Thumb Code     0  fdiv.o(x$fpl$fdiv)
    _fdiv                                    0x08006cc1   Thumb Code   384  fdiv.o(x$fpl$fdiv)
    __aeabi_i2f                              0x08006e45   Thumb Code     0  fflt_clz.o(x$fpl$fflt)
    _fflt                                    0x08006e45   Thumb Code    48  fflt_clz.o(x$fpl$fflt)
    __aeabi_ui2f                             0x08006e75   Thumb Code     0  fflt_clz.o(x$fpl$ffltu)
    _ffltu                                   0x08006e75   Thumb Code    38  fflt_clz.o(x$fpl$ffltu)
    __aeabi_cfcmple                          0x08006e9d   Thumb Code     0  fleqf.o(x$fpl$fleqf)
    _fcmple                                  0x08006e9d   Thumb Code   104  fleqf.o(x$fpl$fleqf)
    __fpl_fcmple_InfNaN                      0x08006eef   Thumb Code     0  fleqf.o(x$fpl$fleqf)
    __aeabi_fmul                             0x08006f05   Thumb Code     0  fmul.o(x$fpl$fmul)
    _fmul                                    0x08006f05   Thumb Code   258  fmul.o(x$fpl$fmul)
    __fpl_fnaninf                            0x08007007   Thumb Code   140  fnaninf.o(x$fpl$fnaninf)
    __fpl_fretinf                            0x08007093   Thumb Code    10  fretinf.o(x$fpl$fretinf)
    __aeabi_fsub                             0x0800709d   Thumb Code     0  faddsub_clz.o(x$fpl$fsub)
    _fsub                                    0x0800709d   Thumb Code   234  faddsub_clz.o(x$fpl$fsub)
    _printf_fp_dec                           0x08007187   Thumb Code     4  printf1.o(x$fpl$printf1)
    Font12x16_chinese                        0x0800718a   Data         456  lcd5110.o(.constdata)
    __I$use$fp                               0x0800718a   Number         0  usenofp.o(x$fpl$usenofp)
    write_ch                                 0x08007352   Data          48  lcd5110.o(.constdata)
    Font6x8                                  0x08007382   Data         552  lcd5110.o(.constdata)
    Region$$Table$$Base                      0x080076e8   Number         0  anon$$obj.o(Region$$Table)
    Region$$Table$$Limit                     0x08007708   Number         0  anon$$obj.o(Region$$Table)
    __ctype                                  0x08007731   Data           0  lc_ctype_c.o(locale$$data)
    SetTemp                                  0x20000000   Data           2  main.o(.data)
    SetTemp1                                 0x20000002   Data           2  main.o(.data)
    key_press                                0x20000004   Data           1  main.o(.data)
    key_hold                                 0x20000005   Data           1  main.o(.data)
    latNum                                   0x20000008   Data           4  main.o(.data)
    lonNum                                   0x2000000c   Data           4  main.o(.data)
    Kms10                                    0x20000010   Data           2  main.o(.data)
    dis                                      0x20000012   Data           1  main.o(.data)
    temp                                     0x20000014   Data           2  main.o(.data)
    time_flag                                0x20000016   Data           2  main.o(.data)
    temp1                                    0x20000018   Data           2  main.o(.data)
    SystemCoreClock                          0x20000020   Data           4  system_stm32f10x.o(.data)
    AHBPrescTable                            0x20000024   Data          16  system_stm32f10x.o(.data)
    USART2_RX_STA                            0x20000036   Data           2  usart2.o(.data)
    USART3_RX_STA                            0x2000003a   Data           2  usart3.o(.data)
    __stdout                                 0x20000040   Data           4  usart.o(.data)
    USART_RX_STA                             0x20000044   Data           2  usart.o(.data)
    Scan_Wtime                               0x2000005a   Data           1  mc20.o(.data)
    BT_Scan_mode                             0x2000005b   Data           1  mc20.o(.data)
    HTTPPostData                             0x2000005c   Data         255  main.o(.bss)
    lcdString                                0x2000015b   Data         255  main.o(.bss)
    latString                                0x2000025a   Data         100  main.o(.bss)
    lonString                                0x200002be   Data         100  main.o(.bss)
    latTemp                                  0x20000322   Data           9  main.o(.bss)
    lonTemp                                  0x2000032b   Data           9  main.o(.bss)
    lizhentemp                               0x20000334   Data          40  main.o(.bss)
    TZwendu                                  0x2000035c   Data          30  main.o(.bss)
    lizhentemp1                              0x2000037a   Data          40  main.o(.bss)
    TZwendu1                                 0x200003a2   Data          30  main.o(.bss)
    wendu                                    0x200003c0   Data          20  main.o(.bss)
    wendu_gprs                               0x200003d4   Data          20  main.o(.bss)
    wendu1                                   0x200003e8   Data          20  main.o(.bss)
    wendu_gprs1                              0x200003fc   Data          20  main.o(.bss)
    wendu_tz                                 0x20000410   Data          20  main.o(.bss)
    wendu_tz1                                0x20000424   Data          20  main.o(.bss)
    wendu_tz12                               0x20000438   Data          20  main.o(.bss)
    USART2_TX_BUF                            0x20000450   Data        1024  usart2.o(.bss)
    USART2_RX_BUF                            0x20000850   Data        1024  usart2.o(.bss)
    USART3_RX_BUF                            0x20000c50   Data         200  usart3.o(.bss)
    DMA_initstructure                        0x20000f10   Data          44  lcd5110.o(.bss)
    USART_RX_BUF                             0x20000f3c   Data         200  usart.o(.bss)
    pid                                      0x20001004   Data         128  pid.o(.bss)
    pid1                                     0x20001084   Data         128  pid.o(.bss)
    _random_number_data                      0x20001104   Data         228  rand.o(.bss)
    __libspace_start                         0x200011e8   Data          96  libspace.o(.bss)
    __temporary_stack_top$libspace           0x20001248   Data           0  libspace.o(.bss)



==============================================================================

Memory Map of the image

  Image Entry point : 0x080000ed

  Load Region LR_IROM1 (Base: 0x08000000, Size: 0x00007890, Max: 0x00020000, ABSOLUTE)

    Execution Region ER_IROM1 (Base: 0x08000000, Size: 0x00007834, Max: 0x00020000, ABSOLUTE)

    Base Addr    Size         Type   Attr      Idx    E Section Name        Object

    0x08000000   0x000000ec   Data   RO          410    RESET               startup_stm32f10x_md.o
    0x080000ec   0x00000008   Code   RO          607  * !!!main             c_w.l(__main.o)
    0x080000f4   0x00000034   Code   RO          946    !!!scatter          c_w.l(__scatter.o)
    0x08000128   0x0000001a   Code   RO          948    !!handler_copy      c_w.l(__scatter_copy.o)
    0x08000142   0x00000002   PAD
    0x08000144   0x0000001c   Code   RO          950    !!handler_zi        c_w.l(__scatter_zi.o)
    0x08000160   0x00000000   Code   RO          583    .ARM.Collect$$_printf_percent$$00000000  c_w.l(_printf_percent.o)
    0x08000160   0x00000006   Code   RO          701    .ARM.Collect$$_printf_percent$$00000001  c_w.l(_printf_n.o)
    0x08000166   0x00000006   Code   RO          703    .ARM.Collect$$_printf_percent$$00000002  c_w.l(_printf_p.o)
    0x0800016c   0x00000006   Code   RO          582    .ARM.Collect$$_printf_percent$$00000003  c_w.l(_printf_f.o)
    0x08000172   0x00000006   Code   RO          707    .ARM.Collect$$_printf_percent$$00000004  c_w.l(_printf_e.o)
    0x08000178   0x00000006   Code   RO          708    .ARM.Collect$$_printf_percent$$00000005  c_w.l(_printf_g.o)
    0x0800017e   0x00000006   Code   RO          709    .ARM.Collect$$_printf_percent$$00000006  c_w.l(_printf_a.o)
    0x08000184   0x0000000a   Code   RO          714    .ARM.Collect$$_printf_percent$$00000007  c_w.l(_printf_ll.o)
    0x0800018e   0x00000006   Code   RO          705    .ARM.Collect$$_printf_percent$$00000008  c_w.l(_printf_i.o)
    0x08000194   0x00000006   Code   RO          581    .ARM.Collect$$_printf_percent$$00000009  c_w.l(_printf_d.o)
    0x0800019a   0x00000006   Code   RO          706    .ARM.Collect$$_printf_percent$$0000000A  c_w.l(_printf_u.o)
    0x080001a0   0x00000006   Code   RO          704    .ARM.Collect$$_printf_percent$$0000000B  c_w.l(_printf_o.o)
    0x080001a6   0x00000006   Code   RO          702    .ARM.Collect$$_printf_percent$$0000000C  c_w.l(_printf_x.o)
    0x080001ac   0x00000006   Code   RO          711    .ARM.Collect$$_printf_percent$$0000000D  c_w.l(_printf_lli.o)
    0x080001b2   0x00000006   Code   RO          712    .ARM.Collect$$_printf_percent$$0000000E  c_w.l(_printf_lld.o)
    0x080001b8   0x00000006   Code   RO          713    .ARM.Collect$$_printf_percent$$0000000F  c_w.l(_printf_llu.o)
    0x080001be   0x00000006   Code   RO          718    .ARM.Collect$$_printf_percent$$00000010  c_w.l(_printf_llo.o)
    0x080001c4   0x00000006   Code   RO          719    .ARM.Collect$$_printf_percent$$00000011  c_w.l(_printf_llx.o)
    0x080001ca   0x0000000a   Code   RO          715    .ARM.Collect$$_printf_percent$$00000012  c_w.l(_printf_l.o)
    0x080001d4   0x00000006   Code   RO          579    .ARM.Collect$$_printf_percent$$00000013  c_w.l(_printf_c.o)
    0x080001da   0x00000006   Code   RO          580    .ARM.Collect$$_printf_percent$$00000014  c_w.l(_printf_s.o)
    0x080001e0   0x00000006   Code   RO          716    .ARM.Collect$$_printf_percent$$00000015  c_w.l(_printf_lc.o)
    0x080001e6   0x00000006   Code   RO          717    .ARM.Collect$$_printf_percent$$00000016  c_w.l(_printf_ls.o)
    0x080001ec   0x00000004   Code   RO          710    .ARM.Collect$$_printf_percent$$00000017  c_w.l(_printf_percent_end.o)
    0x080001f0   0x00000002   Code   RO          877    .ARM.Collect$$libinit$$00000000  c_w.l(libinit.o)
    0x080001f2   0x00000000   Code   RO          723    .ARM.Collect$$libinit$$00000002  c_w.l(libinit2.o)
    0x080001f2   0x00000000   Code   RO          725    .ARM.Collect$$libinit$$00000004  c_w.l(libinit2.o)
    0x080001f2   0x00000000   Code   RO          728    .ARM.Collect$$libinit$$0000000A  c_w.l(libinit2.o)
    0x080001f2   0x00000000   Code   RO          730    .ARM.Collect$$libinit$$0000000C  c_w.l(libinit2.o)
    0x080001f2   0x00000004   Code   RO          731    .ARM.Collect$$libinit$$0000000D  c_w.l(libinit2.o)
    0x080001f6   0x00000000   Code   RO          732    .ARM.Collect$$libinit$$0000000E  c_w.l(libinit2.o)
    0x080001f6   0x00000006   Code   RO          733    .ARM.Collect$$libinit$$0000000F  c_w.l(libinit2.o)
    0x080001fc   0x00000000   Code   RO          735    .ARM.Collect$$libinit$$00000011  c_w.l(libinit2.o)
    0x080001fc   0x0000000c   Code   RO          736    .ARM.Collect$$libinit$$00000012  c_w.l(libinit2.o)
    0x08000208   0x00000000   Code   RO          737    .ARM.Collect$$libinit$$00000013  c_w.l(libinit2.o)
    0x08000208   0x00000000   Code   RO          739    .ARM.Collect$$libinit$$00000015  c_w.l(libinit2.o)
    0x08000208   0x0000000a   Code   RO          740    .ARM.Collect$$libinit$$00000016  c_w.l(libinit2.o)
    0x08000212   0x00000000   Code   RO          741    .ARM.Collect$$libinit$$00000017  c_w.l(libinit2.o)
    0x08000212   0x00000000   Code   RO          743    .ARM.Collect$$libinit$$00000019  c_w.l(libinit2.o)
    0x08000212   0x00000000   Code   RO          745    .ARM.Collect$$libinit$$0000001B  c_w.l(libinit2.o)
    0x08000212   0x00000000   Code   RO          747    .ARM.Collect$$libinit$$0000001D  c_w.l(libinit2.o)
    0x08000212   0x00000000   Code   RO          749    .ARM.Collect$$libinit$$0000001F  c_w.l(libinit2.o)
    0x08000212   0x00000000   Code   RO          751    .ARM.Collect$$libinit$$00000021  c_w.l(libinit2.o)
    0x08000212   0x00000000   Code   RO          753    .ARM.Collect$$libinit$$00000023  c_w.l(libinit2.o)
    0x08000212   0x00000000   Code   RO          755    .ARM.Collect$$libinit$$00000025  c_w.l(libinit2.o)
    0x08000212   0x00000000   Code   RO          759    .ARM.Collect$$libinit$$0000002C  c_w.l(libinit2.o)
    0x08000212   0x00000000   Code   RO          761    .ARM.Collect$$libinit$$0000002E  c_w.l(libinit2.o)
    0x08000212   0x00000000   Code   RO          763    .ARM.Collect$$libinit$$00000030  c_w.l(libinit2.o)
    0x08000212   0x00000000   Code   RO          765    .ARM.Collect$$libinit$$00000032  c_w.l(libinit2.o)
    0x08000212   0x00000002   Code   RO          766    .ARM.Collect$$libinit$$00000033  c_w.l(libinit2.o)
    0x08000214   0x00000002   Code   RO          908    .ARM.Collect$$libshutdown$$00000000  c_w.l(libshutdown.o)
    0x08000216   0x00000000   Code   RO          915    .ARM.Collect$$libshutdown$$00000003  c_w.l(libshutdown2.o)
    0x08000216   0x00000000   Code   RO          918    .ARM.Collect$$libshutdown$$00000006  c_w.l(libshutdown2.o)
    0x08000216   0x00000000   Code   RO          921    .ARM.Collect$$libshutdown$$00000009  c_w.l(libshutdown2.o)
    0x08000216   0x00000000   Code   RO          923    .ARM.Collect$$libshutdown$$0000000B  c_w.l(libshutdown2.o)
    0x08000216   0x00000000   Code   RO          926    .ARM.Collect$$libshutdown$$0000000E  c_w.l(libshutdown2.o)
    0x08000216   0x00000002   Code   RO          927    .ARM.Collect$$libshutdown$$0000000F  c_w.l(libshutdown2.o)
    0x08000218   0x00000000   Code   RO          645    .ARM.Collect$$rtentry$$00000000  c_w.l(__rtentry.o)
    0x08000218   0x00000000   Code   RO          784    .ARM.Collect$$rtentry$$00000002  c_w.l(__rtentry2.o)
    0x08000218   0x00000006   Code   RO          796    .ARM.Collect$$rtentry$$00000004  c_w.l(__rtentry4.o)
    0x0800021e   0x00000000   Code   RO          786    .ARM.Collect$$rtentry$$00000009  c_w.l(__rtentry2.o)
    0x0800021e   0x00000004   Code   RO          787    .ARM.Collect$$rtentry$$0000000A  c_w.l(__rtentry2.o)
    0x08000222   0x00000000   Code   RO          789    .ARM.Collect$$rtentry$$0000000C  c_w.l(__rtentry2.o)
    0x08000222   0x00000008   Code   RO          790    .ARM.Collect$$rtentry$$0000000D  c_w.l(__rtentry2.o)
    0x0800022a   0x00000002   Code   RO          880    .ARM.Collect$$rtexit$$00000000  c_w.l(rtexit.o)
    0x0800022c   0x00000000   Code   RO          890    .ARM.Collect$$rtexit$$00000002  c_w.l(rtexit2.o)
    0x0800022c   0x00000004   Code   RO          891    .ARM.Collect$$rtexit$$00000003  c_w.l(rtexit2.o)
    0x08000230   0x00000006   Code   RO          892    .ARM.Collect$$rtexit$$00000004  c_w.l(rtexit2.o)
    0x08000236   0x00000002   PAD
    0x08000238   0x00000034   Code   RO          586    .emb_text           c_w.l(rand.o)
    0x0800026c   0x000011a8   Code   RO            1    .text               main.o
    0x08001414   0x0000001a   Code   RO          157    .text               stm32f10x_it.o
    0x0800142e   0x00000002   PAD
    0x08001430   0x000001e8   Code   RO          198    .text               system_stm32f10x.o
    0x08001618   0x000000d0   Code   RO          216    .text               key.o
    0x080016e8   0x000000e0   Code   RO          229    .text               led.o
    0x080017c8   0x000002e4   Code   RO          241    .text               usart2.o
    0x08001aac   0x000001a0   Code   RO          270    .text               usart3.o
    0x08001c4c   0x000002fc   Code   RO          293    .text               lcd5110.o
    0x08001f48   0x000001d8   Code   RO          318    .text               timer.o
    0x08002120   0x000004d0   Code   RO          330    .text               ds18b20.o
    0x080025f0   0x000000d4   Code   RO          348    .text               delay.o
    0x080026c4   0x0000000c   Code   RO          362    .text               sys.o
    0x080026d0   0x00000148   Code   RO          374    .text               usart.o
    0x08002818   0x00000040   Code   RO          411    .text               startup_stm32f10x_md.o
    0x08002858   0x000000dc   Code   RO          415    .text               misc.o
    0x08002934   0x0000035c   Code   RO          427    .text               stm32f10x_gpio.o
    0x08002c90   0x000003ac   Code   RO          439    .text               stm32f10x_rcc.o
    0x0800303c   0x00000408   Code   RO          453    .text               stm32f10x_usart.o
    0x08003444   0x00000e1a   Code   RO          465    .text               stm32f10x_tim.o
    0x0800425e   0x00000002   PAD
    0x08004260   0x00000254   Code   RO          477    .text               stm32f10x_dma.o
    0x080044b4   0x0000011c   Code   RO          489    .text               stm32f10x_exti.o
    0x080045d0   0x000001a8   Code   RO          501    .text               mc20.o
    0x08004778   0x00000724   Code   RO          519    .text               pid.o
    0x08004e9c   0x00000002   Code   RO          539    .text               c_w.l(use_no_semi_2.o)
    0x08004e9e   0x00000002   PAD
    0x08004ea0   0x00000018   Code   RO          541    .text               c_w.l(c89printf.o)
    0x08004eb8   0x00000024   Code   RO          543    .text               c_w.l(c89vsprintf.o)
    0x08004edc   0x00000018   Code   RO          545    .text               c_w.l(__2printf.o)
    0x08004ef4   0x0000002c   Code   RO          547    .text               c_w.l(__2sprintf.o)
    0x08004f20   0x00000052   Code   RO          555    .text               c_w.l(_printf_str.o)
    0x08004f72   0x00000002   PAD
    0x08004f74   0x00000078   Code   RO          557    .text               c_w.l(_printf_dec.o)
    0x08004fec   0x00000188   Code   RO          576    .text               c_w.l(__printf_flags_ss_wp.o)
    0x08005174   0x0000001a   Code   RO          584    .text               c_w.l(atoi.o)
    0x0800518e   0x00000002   PAD
    0x08005190   0x0000003c   Code   RO          587    .text               c_w.l(rand.o)
    0x080051cc   0x00000024   Code   RO          591    .text               c_w.l(strstr.o)
    0x080051f0   0x00000048   Code   RO          593    .text               c_w.l(strcpy.o)
    0x08005238   0x0000003e   Code   RO          595    .text               c_w.l(strlen.o)
    0x08005276   0x00000018   Code   RO          597    .text               c_w.l(strcat.o)
    0x0800528e   0x00000044   Code   RO          599    .text               c_w.l(rt_memclr.o)
    0x080052d2   0x0000004e   Code   RO          601    .text               c_w.l(rt_memclr_w.o)
    0x08005320   0x00000056   Code   RO          603    .text               c_w.l(strncpy.o)
    0x08005376   0x00000006   Code   RO          605    .text               c_w.l(heapauxi.o)
    0x0800537c   0x00000002   Code   RO          643    .text               c_w.l(use_no_semi.o)
    0x0800537e   0x00000002   PAD
    0x08005380   0x00000008   Code   RO          649    .text               c_w.l(rt_errno_addr_intlibspace.o)
    0x08005388   0x0000004e   Code   RO          651    .text               c_w.l(_printf_pad.o)
    0x080053d6   0x00000024   Code   RO          653    .text               c_w.l(_printf_truncate.o)
    0x080053fa   0x000000b2   Code   RO          655    .text               c_w.l(_printf_intcommon.o)
    0x080054ac   0x00000028   Code   RO          657    .text               c_w.l(_printf_charcount.o)
    0x080054d4   0x0000041a   Code   RO          659    .text               c_w.l(_printf_fp_dec.o)
    0x080058ee   0x00000002   PAD
    0x080058f0   0x00000030   Code   RO          661    .text               c_w.l(_printf_char_common.o)
    0x08005920   0x0000000a   Code   RO          663    .text               c_w.l(_sputc.o)
    0x0800592a   0x0000002c   Code   RO          665    .text               c_w.l(_printf_char.o)
    0x08005956   0x00000002   PAD
    0x08005958   0x00000024   Code   RO          667    .text               c_w.l(_printf_char_file.o)
    0x0800597c   0x000000bc   Code   RO          669    .text               c_w.l(_printf_wctomb.o)
    0x08005a38   0x0000007c   Code   RO          672    .text               c_w.l(_printf_longlong_dec.o)
    0x08005ab4   0x00000070   Code   RO          678    .text               c_w.l(_printf_oct_int_ll.o)
    0x08005b24   0x00000094   Code   RO          698    .text               c_w.l(_printf_hex_int_ll_ptr.o)
    0x08005bb8   0x00000070   Code   RO          720    .text               c_w.l(strtol.o)
    0x08005c28   0x00000008   Code   RO          780    .text               c_w.l(libspace.o)
    0x08005c30   0x00000010   Code   RO          798    .text               c_w.l(rt_ctype_table.o)
    0x08005c40   0x00000008   Code   RO          803    .text               c_w.l(rt_locale_intlibspace.o)
    0x08005c48   0x0000008a   Code   RO          805    .text               c_w.l(lludiv10.o)
    0x08005cd2   0x00000002   PAD
    0x08005cd4   0x00000080   Code   RO          807    .text               c_w.l(_printf_fp_infnan.o)
    0x08005d54   0x0000002c   Code   RO          811    .text               c_w.l(_printf_wchar.o)
    0x08005d80   0x0000009e   Code   RO          813    .text               c_w.l(_strtoul.o)
    0x08005e1e   0x00000002   PAD
    0x08005e20   0x000000dc   Code   RO          815    .text               c_w.l(bigflt0.o)
    0x08005efc   0x00000008   Code   RO          840    .text               c_w.l(ferror.o)
    0x08005f04   0x00000040   Code   RO          844    .text               c_w.l(_wcrtomb.o)
    0x08005f44   0x0000004a   Code   RO          857    .text               c_w.l(sys_stackheap_outer.o)
    0x08005f8e   0x0000001c   Code   RO          859    .text               c_w.l(_chval.o)
    0x08005faa   0x0000000c   Code   RO          864    .text               c_w.l(exit.o)
    0x08005fb6   0x00000002   PAD
    0x08005fb8   0x00000080   Code   RO          866    .text               c_w.l(strcmpv7m.o)
    0x08006038   0x0000003e   Code   RO          818    CL$$btod_d2e        c_w.l(btod.o)
    0x08006076   0x00000046   Code   RO          820    CL$$btod_d2e_denorm_low  c_w.l(btod.o)
    0x080060bc   0x00000060   Code   RO          819    CL$$btod_d2e_norm_op1  c_w.l(btod.o)
    0x0800611c   0x00000338   Code   RO          828    CL$$btod_div_common  c_w.l(btod.o)
    0x08006454   0x000000c6   Code   RO          825    CL$$btod_e2e        c_w.l(btod.o)
    0x0800651a   0x00000028   Code   RO          822    CL$$btod_ediv       c_w.l(btod.o)
    0x08006542   0x00000028   Code   RO          821    CL$$btod_emul       c_w.l(btod.o)
    0x0800656a   0x00000244   Code   RO          827    CL$$btod_mult_common  c_w.l(btod.o)
    0x080067ae   0x00000028   Code   RO          855    i.__ARM_fpclassify  m_ws.l(fpclassify.o)
    0x080067d6   0x0000000e   Code   RO          569    i._is_digit         c_w.l(__printf_wp.o)
    0x080067e4   0x0000002c   Code   RO          847    locale$$code        c_w.l(lc_numeric_c.o)
    0x08006810   0x0000002c   Code   RO          862    locale$$code        c_w.l(lc_ctype_c.o)
    0x0800683c   0x00000062   Code   RO          609    x$fpl$d2f           fz_ws.l(d2f.o)
    0x0800689e   0x00000018   Code   RO          767    x$fpl$dcmpinf       fz_ws.l(dcmpi.o)
    0x080068b6   0x00000002   PAD
    0x080068b8   0x0000005e   Code   RO          611    x$fpl$dfix          fz_ws.l(dfix.o)
    0x08006916   0x00000002   PAD
    0x08006918   0x00000078   Code   RO          615    x$fpl$dleqf         fz_ws.l(dleqf.o)
    0x08006990   0x00000154   Code   RO          617    x$fpl$dmul          fz_ws.l(dmul.o)
    0x08006ae4   0x0000009c   Code   RO          769    x$fpl$dnaninf       fz_ws.l(dnaninf.o)
    0x08006b80   0x0000000c   Code   RO          771    x$fpl$dretinf       fz_ws.l(dretinf.o)
    0x08006b8c   0x00000056   Code   RO          619    x$fpl$f2d           fz_ws.l(f2d.o)
    0x08006be2   0x00000002   PAD
    0x08006be4   0x000000c4   Code   RO          621    x$fpl$fadd          fz_ws.l(faddsub_clz.o)
    0x08006ca8   0x00000018   Code   RO          773    x$fpl$fcmpinf       fz_ws.l(fcmpi.o)
    0x08006cc0   0x00000184   Code   RO          628    x$fpl$fdiv          fz_ws.l(fdiv.o)
    0x08006e44   0x00000030   Code   RO          632    x$fpl$fflt          fz_ws.l(fflt_clz.o)
    0x08006e74   0x00000026   Code   RO          631    x$fpl$ffltu         fz_ws.l(fflt_clz.o)
    0x08006e9a   0x00000002   PAD
    0x08006e9c   0x00000068   Code   RO          637    x$fpl$fleqf         fz_ws.l(fleqf.o)
    0x08006f04   0x00000102   Code   RO          639    x$fpl$fmul          fz_ws.l(fmul.o)
    0x08007006   0x0000008c   Code   RO          775    x$fpl$fnaninf       fz_ws.l(fnaninf.o)
    0x08007092   0x0000000a   Code   RO          777    x$fpl$fretinf       fz_ws.l(fretinf.o)
    0x0800709c   0x000000ea   Code   RO          623    x$fpl$fsub          fz_ws.l(faddsub_clz.o)
    0x08007186   0x00000004   Code   RO          641    x$fpl$printf1       fz_ws.l(printf1.o)
    0x0800718a   0x00000000   Code   RO          779    x$fpl$usenofp       fz_ws.l(usenofp.o)
    0x0800718a   0x00000420   Data   RO          295    .constdata          lcd5110.o
    0x080075aa   0x00000011   Data   RO          577    .constdata          c_w.l(__printf_flags_ss_wp.o)
    0x080075bb   0x00000001   PAD
    0x080075bc   0x00000008   Data   RO          670    .constdata          c_w.l(_printf_wctomb.o)
    0x080075c4   0x00000028   Data   RO          699    .constdata          c_w.l(_printf_hex_int_ll_ptr.o)
    0x080075ec   0x00000094   Data   RO          816    .constdata          c_w.l(bigflt0.o)
    0x08007680   0x00000068   Data   RO            3    .conststring        main.o
    0x080076e8   0x00000020   Data   RO          944    Region$$Table       anon$$obj.o
    0x08007708   0x0000001c   Data   RO          846    locale$$data        c_w.l(lc_numeric_c.o)
    0x08007724   0x00000110   Data   RO          861    locale$$data        c_w.l(lc_ctype_c.o)


    Execution Region RW_IRAM1 (Base: 0x20000000, Size: 0x00001848, Max: 0x00005000, ABSOLUTE)

    Base Addr    Size         Type   Attr      Idx    E Section Name        Object

    0x20000000   0x0000001e   Data   RW            4    .data               main.o
    0x2000001e   0x00000002   PAD
    0x20000020   0x00000014   Data   RW          199    .data               system_stm32f10x.o
    0x20000034   0x00000001   Data   RW          217    .data               key.o
    0x20000035   0x00000001   PAD
    0x20000036   0x00000003   Data   RW          243    .data               usart2.o
    0x20000039   0x00000001   PAD
    0x2000003a   0x00000002   Data   RW          272    .data               usart3.o
    0x2000003c   0x00000004   Data   RW          349    .data               delay.o
    0x20000040   0x00000006   Data   RW          376    .data               usart.o
    0x20000046   0x00000014   Data   RW          440    .data               stm32f10x_rcc.o
    0x2000005a   0x00000002   Data   RW          502    .data               mc20.o
    0x2000005c   0x000003f0   Zero   RW            2    .bss                main.o
    0x2000044c   0x00000004   PAD
    0x20000450   0x00000800   Zero   RW          242    .bss                usart2.o
    0x20000c50   0x000000c8   Zero   RW          271    .bss                usart3.o
    0x20000d18   0x00000224   Zero   RW          294    .bss                lcd5110.o
    0x20000f3c   0x000000c8   Zero   RW          375    .bss                usart.o
    0x20001004   0x00000100   Zero   RW          520    .bss                pid.o
    0x20001104   0x000000e4   Zero   RW          588    .bss                c_w.l(rand.o)
    0x200011e8   0x00000060   Zero   RW          781    .bss                c_w.l(libspace.o)
    0x20001248   0x00000200   Zero   RW          409    HEAP                startup_stm32f10x_md.o
    0x20001448   0x00000400   Zero   RW          408    STACK               startup_stm32f10x_md.o


==============================================================================

Image component sizes


      Code (inc. data)   RO Data    RW Data    ZI Data      Debug   Object Name

         0          0          0          0          0         32   core_cm3.o
       212         18          0          4          0       1083   delay.o
      1232         32          0          0          0       4018   ds18b20.o
       208         12          0          1          0        844   key.o
       764         26       1056          0        548      12191   lcd5110.o
       224         14          0          0          0        874   led.o
      4520       1144        104         30       1008     270817   main.o
       424         42          0          2          0       2607   mc20.o
       220         22          0          0          0       1865   misc.o
      1828        102          0          0        256       3495   pid.o
        64         26        236          0       1536        812   startup_stm32f10x_md.o
       596          8          0          0          0       4394   stm32f10x_dma.o
       284         10          0          0          0       2299   stm32f10x_exti.o
       860         38          0          0          0       5713   stm32f10x_gpio.o
        26          0          0          0          0       1214   stm32f10x_it.o
       940         44          0         20          0       8920   stm32f10x_rcc.o
      3610         88          0          0          0      22196   stm32f10x_tim.o
      1032         22          0          0          0       8436   stm32f10x_usart.o
        12          0          0          0          0        485   sys.o
       488         46          0         20          0       1839   system_stm32f10x.o
       472         10          0          0          0       1375   timer.o
       328         18          0          6        200       3246   usart.o
       740         36          0          3       2048       3945   usart2.o
       416         22          0          2        200       2588   usart3.o

    ----------------------------------------------------------------------
     19504       1780       1428         92       5800     365288   Object Totals
         0          0         32          0          0          0   (incl. Generated)
         4          0          0          4          4          0   (incl. Padding)

    ----------------------------------------------------------------------

      Code (inc. data)   RO Data    RW Data    ZI Data      Debug   Library Member Name

        24          4          0          0          0         84   __2printf.o
        44          6          0          0          0         84   __2sprintf.o
         8          0          0          0          0         68   __main.o
       392          4         17          0          0         92   __printf_flags_ss_wp.o
        14          0          0          0          0         68   __printf_wp.o
         0          0          0          0          0          0   __rtentry.o
        12          0          0          0          0          0   __rtentry2.o
         6          0          0          0          0          0   __rtentry4.o
        52          8          0          0          0          0   __scatter.o
        26          0          0          0          0          0   __scatter_copy.o
        28          0          0          0          0          0   __scatter_zi.o
        28          0          0          0          0         68   _chval.o
         6          0          0          0          0          0   _printf_a.o
         6          0          0          0          0          0   _printf_c.o
        44          0          0          0          0        108   _printf_char.o
        48          6          0          0          0         96   _printf_char_common.o
        36          4          0          0          0         80   _printf_char_file.o
        40          0          0          0          0         68   _printf_charcount.o
         6          0          0          0          0          0   _printf_d.o
       120         16          0          0          0         92   _printf_dec.o
         6          0          0          0          0          0   _printf_e.o
         6          0          0          0          0          0   _printf_f.o
      1050          0          0          0          0        216   _printf_fp_dec.o
       128         16          0          0          0         84   _printf_fp_infnan.o
         6          0          0          0          0          0   _printf_g.o
       148          4         40          0          0        160   _printf_hex_int_ll_ptr.o
         6          0          0          0          0          0   _printf_i.o
       178          0          0          0          0         88   _printf_intcommon.o
        10          0          0          0          0          0   _printf_l.o
         6          0          0          0          0          0   _printf_lc.o
        10          0          0          0          0          0   _printf_ll.o
         6          0          0          0          0          0   _printf_lld.o
         6          0          0          0          0          0   _printf_lli.o
         6          0          0          0          0          0   _printf_llo.o
         6          0          0          0          0          0   _printf_llu.o
         6          0          0          0          0          0   _printf_llx.o
       124         16          0          0          0         92   _printf_longlong_dec.o
         6          0          0          0          0          0   _printf_ls.o
         6          0          0          0          0          0   _printf_n.o
         6          0          0          0          0          0   _printf_o.o
       112          8          0          0          0        124   _printf_oct_int_ll.o
         6          0          0          0          0          0   _printf_p.o
        78          0          0          0          0        108   _printf_pad.o
         0          0          0          0          0          0   _printf_percent.o
         4          0          0          0          0          0   _printf_percent_end.o
         6          0          0          0          0          0   _printf_s.o
        82          0          0          0          0         80   _printf_str.o
        36          0          0          0          0         84   _printf_truncate.o
         6          0          0          0          0          0   _printf_u.o
        44          0          0          0          0        108   _printf_wchar.o
       188          6          8          0          0         92   _printf_wctomb.o
         6          0          0          0          0          0   _printf_x.o
        10          0          0          0          0         68   _sputc.o
       158          0          0          0          0         92   _strtoul.o
        64          0          0          0          0         92   _wcrtomb.o
        26          0          0          0          0         80   atoi.o
       220          4        148          0          0         96   bigflt0.o
      1910        128          0          0          0        672   btod.o
        24          4          0          0          0         84   c89printf.o
        36          4          0          0          0         76   c89vsprintf.o
        12          0          0          0          0         72   exit.o
         8          0          0          0          0         68   ferror.o
         6          0          0          0          0        152   heapauxi.o
        44         10        272          0          0         76   lc_ctype_c.o
        44         10         28          0          0         76   lc_numeric_c.o
         2          0          0          0          0          0   libinit.o
        34          0          0          0          0          0   libinit2.o
         2          0          0          0          0          0   libshutdown.o
         2          0          0          0          0          0   libshutdown2.o
         8          4          0          0         96         68   libspace.o
       138          0          0          0          0         80   lludiv10.o
       112         18          0          0        228        160   rand.o
        16          4          0          0          0         76   rt_ctype_table.o
         8          4          0          0          0         68   rt_errno_addr_intlibspace.o
         8          4          0          0          0         68   rt_locale_intlibspace.o
        68          0          0          0          0         68   rt_memclr.o
        78          0          0          0          0         80   rt_memclr_w.o
         2          0          0          0          0          0   rtexit.o
        10          0          0          0          0          0   rtexit2.o
        24          0          0          0          0         68   strcat.o
       128          0          0          0          0         68   strcmpv7m.o
        72          0          0          0          0         80   strcpy.o
        62          0          0          0          0         76   strlen.o
        86          0          0          0          0         76   strncpy.o
        36          0          0          0          0         80   strstr.o
       112          0          0          0          0         88   strtol.o
        74          0          0          0          0         80   sys_stackheap_outer.o
         2          0          0          0          0         68   use_no_semi.o
         2          0          0          0          0         68   use_no_semi_2.o
        98          4          0          0          0         92   d2f.o
        24          0          0          0          0         68   dcmpi.o
        94          4          0          0          0         92   dfix.o
       120          4          0          0          0         92   dleqf.o
       340         12          0          0          0        104   dmul.o
       156          4          0          0          0         92   dnaninf.o
        12          0          0          0          0         68   dretinf.o
        86          4          0          0          0         84   f2d.o
       430          8          0          0          0        168   faddsub_clz.o
        24          0          0          0          0         68   fcmpi.o
       388         76          0          0          0         96   fdiv.o
        86          0          0          0          0        136   fflt_clz.o
       104          4          0          0          0         84   fleqf.o
       258          4          0          0          0         84   fmul.o
       140          4          0          0          0         84   fnaninf.o
        10          0          0          0          0         68   fretinf.o
         4          0          0          0          0         68   printf1.o
         0          0          0          0          0          0   usenofp.o
        40          0          0          0          0         68   fpclassify.o

    ----------------------------------------------------------------------
      9326        420        514          0        324       6884   Library Totals
        30          0          1          0          0          0   (incl. Padding)

    ----------------------------------------------------------------------

      Code (inc. data)   RO Data    RW Data    ZI Data      Debug   Library Name

      6882        292        513          0        324       5268   c_w.l
      2374        128          0          0          0       1548   fz_ws.l
        40          0          0          0          0         68   m_ws.l

    ----------------------------------------------------------------------
      9326        420        514          0        324       6884   Library Totals

    ----------------------------------------------------------------------

==============================================================================


      Code (inc. data)   RO Data    RW Data    ZI Data      Debug   

     28830       2200       1942         92       6124     366396   Grand Totals
     28830       2200       1942         92       6124     366396   ELF Image Totals
     28830       2200       1942         92          0          0   ROM Totals

==============================================================================

    Total RO  Size (Code + RO Data)                30772 (  30.05kB)
    Total RW  Size (RW Data + ZI Data)              6216 (   6.07kB)
    Total ROM Size (Code + RO Data + RW Data)      30864 (  30.14kB)

==============================================================================

