<html>
<body>
<pre>
<h1>礦ision Build Log</h1>
<h2>Project:</h2>
G:\软件开发\STM32MC20\STM32MC20\APP\GSM.uvproj
Project File Date:  10/12/2017

<h2>Output:</h2>
Load "..\\OBJ\\GSM.AXF" 
Set JLink Project File to "G:\软件开发\STM32MC20\STM32MC20\APP\JLinkSettings.ini"
 
JLink info:
------------
DLL: V5.02c, compiled Sep 10 2015 17:39:31
Firmware: J-Link ARM V8 compiled Nov 28 2014 13:44:46
Hardware: V8.00
S/N : 99999993 
Feature(s) : RDI,FlashDL,FlashBP,JFlash,GDBFULL 
 
* JLink Info: TotalIRLen = 9, IRPrint = 0x0011
* JLink Info: Found Cortex-M3 r1p1, Little endian.
* JLink Info: FPUnit: 6 code (BP) slots and 2 literal slots
* JLink Info: CoreSight components:
* JLink Info: ROMTbl 0 @ E00FF000
* JLink Info: ROMTbl 0 [0]: FFF0F000, CID: B105E00D, PID: 001BB000 SCS
* JLink Info: ROMTbl 0 [1]: FFF02000, CID: B105E00D, PID: 001BB002 DWT
* JLink Info: ROMTbl 0 [2]: FFF03000, CID: B105E00D, PID: 000BB003 FPB
* JLink Info: ROMTbl 0 [3]: FFF01000, CID: B105E00D, PID: 001BB001 ITM
* JLink Info: ROMTbl 0 [4]: FFF41000, CID: B105900D, PID: 001BB923 TPIU-Lite
ROMTableAddr = 0xE00FF003
 
Target info:
------------
Device: STM32F103RB
* JLink Info: Device "STM32F103RB" selected.
VTarget = 3.254V
State of Pins: 
TCK: 1, TDI: 0, TDO: 1, TMS: 0, TRES: 1, TRST: 1
Hardware-Breakpoints: 6
Software-Breakpoints: 8192
Watchpoints:          4
JTAG speed: 500 kHz
 
Erase Done.
Programming Done.
Verify OK.
Load "..\\OBJ\\GSM.AXF" 
Set JLink Project File to "G:\软件开发\STM32MC20\STM32MC20\APP\JLinkSettings.ini"
 
JLink info:
------------
DLL: V5.02c, compiled Sep 10 2015 17:39:31
Firmware: J-Link ARM V8 compiled Nov 28 2014 13:44:46
Hardware: V8.00
S/N : 99999993 
Feature(s) : RDI,FlashDL,FlashBP,JFlash,GDBFULL 
 
* JLink Info: TotalIRLen = 9, IRPrint = 0x0011
* JLink Info: Found Cortex-M3 r1p1, Little endian.
* JLink Info: FPUnit: 6 code (BP) slots and 2 literal slots
* JLink Info: CoreSight components:
* JLink Info: ROMTbl 0 @ E00FF000
* JLink Info: ROMTbl 0 [0]: FFF0F000, CID: B105E00D, PID: 001BB000 SCS
* JLink Info: ROMTbl 0 [1]: FFF02000, CID: B105E00D, PID: 001BB002 DWT
* JLink Info: ROMTbl 0 [2]: FFF03000, CID: B105E00D, PID: 000BB003 FPB
* JLink Info: ROMTbl 0 [3]: FFF01000, CID: B105E00D, PID: 001BB001 ITM
* JLink Info: ROMTbl 0 [4]: FFF41000, CID: B105900D, PID: 001BB923 TPIU-Lite
ROMTableAddr = 0xE00FF003
 
Target info:
------------
Device: STM32F103RB
* JLink Info: Device "STM32F103RB" selected.
VTarget = 3.261V
State of Pins: 
TCK: 1, TDI: 0, TDO: 1, TMS: 0, TRES: 1, TRST: 1
Hardware-Breakpoints: 6
Software-Breakpoints: 8192
Watchpoints:          4
JTAG speed: 500 kHz
 
Erase Done.
Programming Done.
Verify OK.
Build target 'Target 1'
compiling main.c...
main.c(66): warning:  #167-D: argument of type "char *" is incompatible with parameter of type "u8 *"
main.c:                                         if ((sim800c_send_cmd((char *)HTTPPostData,"\r\nSEND OK","SEND OK","NULL",2000) != 1))
main.c:                                                               ^
main.c(112): warning:  #167-D: argument of type "volatile u8 *" is incompatible with parameter of type "u8 *"
main.c:                                                 LCD_Write_EnStr(2,0,xianshi);
main.c:                                                                     ^
main.c(121): warning:  #167-D: argument of type "char *" is incompatible with parameter of type "u8 *"
main.c:                                                 if ((sim800c_send_cmd((char*)HTTPPostData,"\r\nSEND OK","SEND OK","NULL",2000) != 1))
main.c:                                                                       ^
main.c: main.c: 3 warnings, 0 errors
linking...
Program Size: Code=19546 RO-data=1838 RW-data=64 ZI-data=4992  
FromELF: creating hex file...
"..\OBJ\GSM.axf" - 0 Error(s), 3 Warning(s).
Load "..\\OBJ\\GSM.AXF" 
Set JLink Project File to "G:\软件开发\STM32MC20\STM32MC20\APP\JLinkSettings.ini"
 
JLink info:
------------
DLL: V5.02c, compiled Sep 10 2015 17:39:31
Firmware: J-Link ARM V8 compiled Nov 28 2014 13:44:46
Hardware: V8.00
S/N : 99999993 
Feature(s) : RDI,FlashDL,FlashBP,JFlash,GDBFULL 
 
Load "..\\OBJ\\GSM.AXF" 
Set JLink Project File to "G:\软件开发\STM32MC20\STM32MC20\APP\JLinkSettings.ini"
 
JLink info:
------------
DLL: V5.02c, compiled Sep 10 2015 17:39:31
Firmware: J-Link ARM V8 compiled Nov 28 2014 13:44:46
Hardware: V8.00
S/N : 99999993 
Feature(s) : RDI,FlashDL,FlashBP,JFlash,GDBFULL 
 
* JLink Info: TotalIRLen = 9, IRPrint = 0x0011
* JLink Info: Found Cortex-M3 r1p1, Little endian.
* JLink Info: FPUnit: 6 code (BP) slots and 2 literal slots
* JLink Info: CoreSight components:
* JLink Info: ROMTbl 0 @ E00FF000
* JLink Info: ROMTbl 0 [0]: FFF0F000, CID: B105E00D, PID: 001BB000 SCS
* JLink Info: ROMTbl 0 [1]: FFF02000, CID: B105E00D, PID: 001BB002 DWT
* JLink Info: ROMTbl 0 [2]: FFF03000, CID: B105E00D, PID: 000BB003 FPB
* JLink Info: ROMTbl 0 [3]: FFF01000, CID: B105E00D, PID: 001BB001 ITM
* JLink Info: ROMTbl 0 [4]: FFF41000, CID: B105900D, PID: 001BB923 TPIU-Lite
ROMTableAddr = 0xE00FF003
 
Target info:
------------
Device: STM32F103RB
* JLink Info: Device "STM32F103RB" selected.
VTarget = 3.254V
State of Pins: 
TCK: 1, TDI: 0, TDO: 1, TMS: 0, TRES: 1, TRST: 1
Hardware-Breakpoints: 6
Software-Breakpoints: 8192
Watchpoints:          4
JTAG speed: 500 kHz
 
Erase Done.
Programming Done.
Verify OK.
Load "..\\OBJ\\GSM.AXF" 
Set JLink Project File to "G:\软件开发\STM32MC20\STM32MC20\APP\JLinkSettings.ini"
 
JLink info:
------------
DLL: V5.02c, compiled Sep 10 2015 17:39:31
Firmware: J-Link ARM V8 compiled Nov 28 2014 13:44:46
Hardware: V8.00
S/N : 99999993 
Feature(s) : RDI,FlashDL,FlashBP,JFlash,GDBFULL 
 
* JLink Info: TotalIRLen = 9, IRPrint = 0x0011
* JLink Info: Found Cortex-M3 r1p1, Little endian.
* JLink Info: FPUnit: 6 code (BP) slots and 2 literal slots
* JLink Info: CoreSight components:
* JLink Info: ROMTbl 0 @ E00FF000
* JLink Info: ROMTbl 0 [0]: FFF0F000, CID: B105E00D, PID: 001BB000 SCS
* JLink Info: ROMTbl 0 [1]: FFF02000, CID: B105E00D, PID: 001BB002 DWT
* JLink Info: ROMTbl 0 [2]: FFF03000, CID: B105E00D, PID: 000BB003 FPB
* JLink Info: ROMTbl 0 [3]: FFF01000, CID: B105E00D, PID: 001BB001 ITM
* JLink Info: ROMTbl 0 [4]: FFF41000, CID: B105900D, PID: 001BB923 TPIU-Lite
ROMTableAddr = 0xE00FF003
 
Target info:
------------
Device: STM32F103RB
* JLink Info: Device "STM32F103RB" selected.
VTarget = 3.254V
State of Pins: 
TCK: 1, TDI: 0, TDO: 1, TMS: 0, TRES: 1, TRST: 1
Hardware-Breakpoints: 6
Software-Breakpoints: 8192
Watchpoints:          4
JTAG speed: 500 kHz
 
Erase Done.
Programming Done.
Verify OK.
compiling main.c...
main.c(66): warning:  #167-D: argument of type "char *" is incompatible with parameter of type "u8 *"
main.c:                                         if ((sim800c_send_cmd((char *)HTTPPostData,"\r\nSEND OK","SEND OK","NULL",2000) != 1))
main.c:                                                               ^
main.c(112): warning:  #167-D: argument of type "volatile u8 *" is incompatible with parameter of type "u8 *"
main.c:                                                 LCD_Write_EnStr(2,0,xianshi);
main.c:                                                                     ^
main.c(121): warning:  #167-D: argument of type "char *" is incompatible with parameter of type "u8 *"
main.c:                                                 if ((sim800c_send_cmd((char*)HTTPPostData,"\r\nSEND OK","SEND OK","NULL",2000) != 1))
main.c:                                                                       ^
main.c: main.c: 3 warnings, 0 errors
main.c - 0 Error(s), 3 Warning(s).
Build target 'Target 1'
linking...
Program Size: Code=19546 RO-data=1838 RW-data=64 ZI-data=4992  
FromELF: creating hex file...
"..\OBJ\STM32EC20.axf" - 0 Error(s), 0 Warning(s).
Build target 'Target 1'
linking...
Program Size: Code=19546 RO-data=1838 RW-data=64 ZI-data=4992  
FromELF: creating hex file...
"..\OBJ\STM32EC20.axf" - 0 Error(s), 0 Warning(s).
Build target 'Target 1'
linking...
Program Size: Code=19546 RO-data=1838 RW-data=64 ZI-data=4992  
FromELF: creating hex file...
"..\OBJ\STM32EC20.axf" - 0 Error(s), 0 Warning(s).
Build target 'Target 1'
linking...
Program Size: Code=19546 RO-data=1838 RW-data=64 ZI-data=4992  
FromELF: creating hex file...
"..\OBJ\STM32EC20.axf" - 0 Error(s), 0 Warning(s).
Build target 'Target 1'
compiling main.c...
main.c(66): warning:  #167-D: argument of type "char *" is incompatible with parameter of type "u8 *"
main.c:                                         if ((sim800c_send_cmd((char *)HTTPPostData,"\r\nSEND OK","SEND OK","NULL",2000) != 1))
main.c:                                                               ^
main.c(112): warning:  #167-D: argument of type "volatile u8 *" is incompatible with parameter of type "u8 *"
main.c:                                                 LCD_Write_EnStr(2,0,xianshi);
main.c:                                                                     ^
main.c(121): warning:  #167-D: argument of type "char *" is incompatible with parameter of type "u8 *"
main.c:                                                 if ((sim800c_send_cmd((char*)HTTPPostData,"\r\nSEND OK","SEND OK","NULL",2000) != 1))
main.c:                                                                       ^
main.c: main.c: 3 warnings, 0 errors
linking...
Program Size: Code=19550 RO-data=1838 RW-data=64 ZI-data=4992  
FromELF: creating hex file...
"..\OBJ\STM32EC20.axf" - 0 Error(s), 3 Warning(s).
Build target 'Target 1'
compiling main.c...
main.c(66): warning:  #167-D: argument of type "char *" is incompatible with parameter of type "u8 *"
main.c:                                         if ((sim800c_send_cmd((char *)HTTPPostData,"\r\nSEND OK","SEND OK","NULL",2000) != 1))
main.c:                                                               ^
main.c(112): warning:  #167-D: argument of type "volatile u8 *" is incompatible with parameter of type "u8 *"
main.c:                                                 LCD_Write_EnStr(2,0,xianshi);
main.c:                                                                     ^
main.c(121): warning:  #167-D: argument of type "char *" is incompatible with parameter of type "u8 *"
main.c:                                                 if ((sim800c_send_cmd((char*)HTTPPostData,"\r\nSEND OK","SEND OK","NULL",2000) != 1))
main.c:                                                                       ^
main.c: main.c: 3 warnings, 0 errors
linking...
Program Size: Code=19546 RO-data=1838 RW-data=64 ZI-data=4992  
FromELF: creating hex file...
"..\OBJ\STM32EC20.axf" - 0 Error(s), 3 Warning(s).
Load "..\\OBJ\\STM32EC20.AXF" 
Set JLink Project File to "G:\软件开发\STM32MC20\STM32MC20\APP\JLinkSettings.ini"
 
JLink info:
------------
DLL: V5.02c, compiled Sep 10 2015 17:39:31
Firmware: J-Link ARM V8 compiled Nov 28 2014 13:44:46
Hardware: V8.00
S/N : 99999993 
Feature(s) : RDI,FlashDL,FlashBP,JFlash,GDBFULL 
 
Load "..\\OBJ\\STM32EC20.AXF" 
Set JLink Project File to "G:\软件开发\STM32MC20\STM32MC20\APP\JLinkSettings.ini"
 
JLink info:
------------
DLL: V5.02c, compiled Sep 10 2015 17:39:31
Firmware: J-Link ARM V8 compiled Nov 28 2014 13:44:46
Hardware: V8.00
S/N : 99999993 
Feature(s) : RDI,FlashDL,FlashBP,JFlash,GDBFULL 
 
* JLink Info: TotalIRLen = 9, IRPrint = 0x0011
* JLink Info: Found Cortex-M3 r1p1, Little endian.
* JLink Info: FPUnit: 6 code (BP) slots and 2 literal slots
* JLink Info: CoreSight components:
* JLink Info: ROMTbl 0 @ E00FF000
* JLink Info: ROMTbl 0 [0]: FFF0F000, CID: B105E00D, PID: 001BB000 SCS
* JLink Info: ROMTbl 0 [1]: FFF02000, CID: B105E00D, PID: 001BB002 DWT
* JLink Info: ROMTbl 0 [2]: FFF03000, CID: B105E00D, PID: 000BB003 FPB
* JLink Info: ROMTbl 0 [3]: FFF01000, CID: B105E00D, PID: 001BB001 ITM
* JLink Info: ROMTbl 0 [4]: FFF41000, CID: B105900D, PID: 001BB923 TPIU-Lite
ROMTableAddr = 0xE00FF003
 
Target info:
------------
Device: STM32F103RB
* JLink Info: Device "STM32F103RB" selected.
VTarget = 3.241V
State of Pins: 
TCK: 1, TDI: 0, TDO: 1, TMS: 0, TRES: 1, TRST: 1
Hardware-Breakpoints: 6
Software-Breakpoints: 8192
Watchpoints:          4
JTAG speed: 500 kHz
 
Erase Done.
Programming Done.
Verify OK.
