<html>
<body>
<pre>
<h1>礦ision Build Log</h1>
<h2>Tool Versions:</h2>
IDE-Version: μVision V5.15
Copyright (C) 2015 ARM Ltd and ARM Germany GmbH. All rights reserved.
License Information: li zhen, null, LIC=P6FWF-6EUC5-TJC6H-W8MRC-8SH4F-14YIJ
 
Tool Versions:
Toolchain:       MDK-ARM Professional  Version: 5.15.0
Toolchain Path:  D:\Keil_v5\ARM\ARMCC\Bin
C Compiler:      Armcc.exe V5.05 update 2 (build 169)
Assembler:       Armasm.exe V5.05 update 2 (build 169)
Linker/Locator:  ArmLink.exe V5.05 update 2 (build 169)
Library Manager: ArmAr.exe V5.05 update 2 (build 169)
Hex Converter:   FromElf.exe V5.05 update 2 (build 169)
CPU DLL:         SARMCM3.DLL V5.15.0
Dialog DLL:      DARMSTM.DLL V1.65.0.0
Target DLL:      STLink\ST-LINKIII-KEIL_SWO.dll V2.0.15.0_KEIL
Dialog DLL:      TARMSTM.DLL V1.64.0.0
 
<h2>Project:</h2>
D:\文件\林彤\最终\stm32_soft\APP\GSM.uvprojx
Project File Date:  04/09/2019

<h2>Output:</h2>
*** Using Compiler 'V5.05 update 2 (build 169)', folder: 'D:\Keil_v5\ARM\ARMCC\Bin'
Rebuild target 'PID'
compiling main.c...
main.c(271): warning:  #177-D: variable "tOneReal" was declared but never referenced
                float tOneReal = 0.0f;
main.c(272): warning:  #177-D: variable "tOneSet" was declared but never referenced
                float tOneSet = 0;
main.c(273): warning:  #177-D: variable "tTwoReal" was declared but never referenced
                float tTwoReal = 0.0f;
main.c(274): warning:  #177-D: variable "tTwoSet" was declared but never referenced
                float tTwoSet = 0;  
main.c: 4 warnings, 0 errors
compiling stm32f10x_it.c...
compiling system_stm32f10x.c...
compiling key.c...
compiling led.c...
compiling usart2.c...
compiling usart3.c...
compiling LCD5110.c...
compiling timer.c...
compiling ds18b20.c...
compiling delay.c...
compiling sys.c...
compiling usart.c...
compiling core_cm3.c...
assembling startup_stm32f10x_md.s...
compiling misc.c...
compiling stm32f10x_gpio.c...
compiling stm32f10x_rcc.c...
compiling stm32f10x_usart.c...
compiling stm32f10x_tim.c...
compiling stm32f10x_dma.c...
compiling stm32f10x_exti.c...
compiling mc20.c...
compiling PID.C...
linking...
Program Size: Code=27470 RO-data=1982 RW-data=92 ZI-data=5900  
FromELF: creating hex file...
"..\OBJ\STM32MC20.axf" - 0 Error(s), 4 Warning(s).

<h2>Software Packages used:</h2>

Package Vendor: ARM
                http://www.keil.com/pack/ARM.CMSIS.4.3.0.pack
                ARM::CMSIS:CORE:4.1.0
                CMSIS (Cortex Microcontroller Software Interface Standard)
   * Component: CORE Version: 4.1.0

<h2>Collection of Component include folders:</h2>
  D:\文件\林彤\最终\stm32_soft\APP\RTE
  D:\Keil_v5\ARM\PACK\ARM\CMSIS\4.3.0\CMSIS\Include
  D:\Keil_v5\ARM\PACK\Keil\STM32F1xx_DFP\1.1.0\Device\Include

<h2>Collection of Component Files used:</h2>

   * Component: ARM::CMSIS:CORE:4.1.0
</pre>
</body>
</html>
