<html>
<body>
<pre>
<h1>µVision Build Log</h1>
<h2>Project:</h2>
G:\Èí¼þ¿ª·¢\STM32MC20\STM32MC20\APP\GSM.uvproj
Project File Date:  10/14/2017

<h2>Output:</h2>
Build target 'Target 1'
compiling main.c...
main.c(6): error:  #5: cannot open source input file "mc20.h": No such file or directory
main.c:   #include "mc20.h"
main.c:                    ^
main.c: main.c: 0 warnings, 1 error
compiling stm32f10x_it.c...
compiling system_stm32f10x.c...
compiling key.c...
compiling led.c...
compiling usart2.c...
..\HARDWARE\USART2\usart2.c(6): error:  #5: cannot open source input file "mc.h": No such file or directory
..\HARDWARE\USART2\usart2.c:   #include "mc.h"
..\HARDWARE\USART2\usart2.c:                  ^
..\HARDWARE\USART2\usart2.c: ..\HARDWARE\USART2\usart2.c: 0 warnings, 1 error
compiling usart3.c...
compiling LCD5110.c...
compiling delay.c...
compiling sys.c...
compiling usart.c...
compiling core_cm3.c...
assembling startup_stm32f10x_md.s...
compiling misc.c...
compiling stm32f10x_gpio.c...
compiling stm32f10x_rcc.c...
compiling stm32f10x_usart.c...
compiling stm32f10x_tim.c...
compiling stm32f10x_dma.c...
compiling mc20.c...
Target not created
Build target 'Target 1'
compiling main.c...
main.c(6): error:  #5: cannot open source input file "mc20.h": No such file or directory
main.c:   #include "mc20.h"
main.c:                    ^
main.c: main.c: 0 warnings, 1 error
compiling usart2.c...
..\HARDWARE\USART2\usart2.c(6): error:  #5: cannot open source input file "mc20.h": No such file or directory
..\HARDWARE\USART2\usart2.c:   #include "mc20.h"
..\HARDWARE\USART2\usart2.c:                    ^
..\HARDWARE\USART2\usart2.c: ..\HARDWARE\USART2\usart2.c: 0 warnings, 1 error
Target not created
Build target 'Target 1'
compiling main.c...
main.c(66): warning:  #167-D: argument of type "char *" is incompatible with parameter of type "u8 *"
main.c:                                           if ((MC20_send_cmd((char *)HTTPPostData,"\r\nSEND OK","SEND OK","NULL",2000) != 1))
main.c:                                                              ^
main.c(112): warning:  #167-D: argument of type "volatile u8 *" is incompatible with parameter of type "u8 *"
main.c:                                                 LCD_Write_EnStr(2,0,xianshi);
main.c:                                                                     ^
main.c(121): warning:  #167-D: argument of type "char *" is incompatible with parameter of type "u8 *"
main.c:                                                   if ((MC20_send_cmd((char*)HTTPPostData,"\r\nSEND OK","SEND OK","NULL",2000) != 1))
main.c:                                                                      ^
main.c: main.c: 3 warnings, 0 errors
compiling stm32f10x_it.c...
compiling system_stm32f10x.c...
compiling key.c...
compiling led.c...
compiling usart2.c...
compiling usart3.c...
compiling LCD5110.c...
compiling delay.c...
compiling sys.c...
compiling usart.c...
compiling core_cm3.c...
compiling misc.c...
compiling stm32f10x_gpio.c...
compiling stm32f10x_rcc.c...
compiling stm32f10x_usart.c...
compiling stm32f10x_tim.c...
compiling stm32f10x_dma.c...
compiling mc20.c...
linking...
Program Size: Code=19546 RO-data=1838 RW-data=64 ZI-data=4992  
FromELF: creating hex file...
"..\OBJ\STM32EC20.axf" - 0 Error(s), 3 Warning(s).
Build target 'Target 1'
compiling main.c...
main.c(66): warning:  #167-D: argument of type "char *" is incompatible with parameter of type "u8 *"
main.c:                                           if ((MC20_send_cmd((char *)HTTPPostData,"\r\nSEND OK","SEND OK","NULL",2000) != 1))
main.c:                                                              ^
main.c(112): warning:  #167-D: argument of type "volatile u8 *" is incompatible with parameter of type "u8 *"
main.c:                                                 LCD_Write_EnStr(2,0,xianshi);
main.c:                                                                     ^
main.c(121): warning:  #167-D: argument of type "char *" is incompatible with parameter of type "u8 *"
main.c:                                                   if ((MC20_send_cmd((char*)HTTPPostData,"\r\nSEND OK","SEND OK","NULL",2000) != 1))
main.c:                                                                      ^
main.c: main.c: 3 warnings, 0 errors
compiling stm32f10x_it.c...
compiling system_stm32f10x.c...
compiling key.c...
compiling led.c...
compiling usart2.c...
compiling usart3.c...
compiling LCD5110.c...
compiling delay.c...
compiling sys.c...
compiling usart.c...
compiling core_cm3.c...
assembling startup_stm32f10x_md.s...
compiling misc.c...
compiling stm32f10x_gpio.c...
compiling stm32f10x_rcc.c...
compiling stm32f10x_usart.c...
compiling stm32f10x_tim.c...
compiling stm32f10x_dma.c...
compiling mc20.c...
linking...
Program Size: Code=19546 RO-data=1838 RW-data=64 ZI-data=4992  
FromELF: creating hex file...
"..\OBJ\STM32EC20.axf" - 0 Error(s), 3 Warning(s).
